Microchip Technology Inc, v1.70 (B)

Tool Name:
  c:\program files\microchip\xc16\v1.70\bin\bin\..\bin/elf-ld.exe

Command:
  -TC:\\Users\\JAB\\AppData\\Local\\Temp\\tmp00009d2c.00 \
  -TC:\\Users\\JAB\\AppData\\Local\\Temp\\tmp00009d2c.01 \
  -TC:\\Users\\JAB\\AppData\\Local\\Temp\\tmp00009d2c.02 \
  -TC:\\Users\\JAB\\AppData\\Local\\Temp\\tmp00009d2c.03 \
  -TC:\\Users\\JAB\\AppData\\Local\\Temp\\tmp00009d2c.04 \
  -TC:\\Users\\JAB\\AppData\\Local\\Temp\\tmp00009d2c.05 \
  -TC:\\Users\\JAB\\AppData\\Local\\Temp\\tmp00009d2c.06 \
  -p24FJ256GA702 \
  --mdfp=C:/Program Files/Microchip/MPLABX/v5.45/packs/Microchip/PIC24F-GA-GB_DFP/1.4.141/xc16 \
  -o \
  dist/default/debug/SerialWombat18A_18B.X.debug.elf \
  -Lc:/program files/microchip/xc16/v1.70/bin/bin/.. \
  -LC:/Program Files/Microchip/MPLABX/v5.45/packs/Microchip/PIC24F-GA-GB_DFP/1.4.141/xc16/bin/../support/PIC24F/gld \
  -Lc:/program files/microchip/xc16/v1.70/bin/bin/../../lib \
  -Lc:/program files/microchip/xc16/v1.70/bin/bin/../../support/PIC24E/gld \
  -Lc:/program files/microchip/xc16/v1.70/bin/bin/../../support/PIC24F/gld \
  -Lc:/program files/microchip/xc16/v1.70/bin/bin/../../support/PIC24H/gld \
  -Lc:/program files/microchip/xc16/v1.70/bin/bin/../../support/dsPIC30F/gld \
  -Lc:/program files/microchip/xc16/v1.70/bin/bin/../../support/dsPIC33C/gld \
  -Lc:/program files/microchip/xc16/v1.70/bin/bin/../../support/dsPIC33E/gld \
  -Lc:/program files/microchip/xc16/v1.70/bin/bin/../../support/dsPIC33F/gld \
  build/default/debug/pic24fj256ga702/mcc_generated_files/clock.o \
  build/default/debug/pic24fj256ga702/mcc_generated_files/crc.o \
  build/default/debug/pic24fj256ga702/mcc_generated_files/cvr.o \
  build/default/debug/pic24fj256ga702/mcc_generated_files/dma.o \
  build/default/debug/pic24fj256ga702/mcc_generated_files/i2c1.o \
  build/default/debug/pic24fj256ga702/mcc_generated_files/i2c2.o \
  build/default/debug/pic24fj256ga702/mcc_generated_files/interrupt_manager.o \
  build/default/debug/pic24fj256ga702/mcc_generated_files/mcc.o \
  build/default/debug/pic24fj256ga702/mcc_generated_files/pin_manager.o \
  build/default/debug/pic24fj256ga702/mcc_generated_files/system.o \
  build/default/debug/pic24fj256ga702/mcc_generated_files/tmr1.o \
  build/default/debug/pic24fj256ga702/mcc_generated_files/tmr2.o \
  build/default/debug/pic24fj256ga702/mcc_generated_files/tmr3.o \
  build/default/debug/pic24fj256ga702/mcc_generated_files/traps.o \
  build/default/debug/pic24fj256ga702/mcc_generated_files/uart1.o \
  build/default/debug/pic24fj256ga702/mcc_generated_files/uart2.o \
  build/default/debug/pic24fj256ga702/mcc_generated_files/adc1.o \
  build/default/debug/pic24fj256ga702/mcc_generated_files/memory/flash.o \
  build/default/debug/pic24fj256ga702/mcc_generated_files/i2c2Controller.o \
  build/default/debug/pic24fj256ga702/wombatasm.o \
  build/default/debug/pic24fj256ga702/pinDigitalHwSpecific.o \
  build/default/debug/pic24fj256ga702/updatePulse.o \
  build/default/debug/timingResource.o \
  build/default/debug/quadEnc.o \
  build/default/debug/analogInput.o \
  build/default/debug/pulseTimer.o \
  build/default/debug/debounce.o \
  build/default/debug/protectedOutput.o \
  build/default/debug/watchdog.o \
  build/default/debug/TM1637.o \
  build/default/debug/ws2812.o \
  build/default/debug/touch.o \
  build/default/debug/uartHw.o \
  build/default/debug/servo.o \
  build/default/debug/pwm.o \
  build/default/debug/outputScale.o \
  build/default/debug/resistanceInput.o \
  build/default/debug/uartSw.o \
  build/default/debug/throughputConsumer.o \
  build/default/debug/matrixKeypad.o \
  build/default/debug/inputProcess.o \
  build/default/debug/pinInputProcessor.o \
  build/default/debug/pulseOnChange.o \
  build/default/debug/hfServo.o \
  build/default/debug/ultrasonicDistance.o \
  build/default/debug/liquidCrystal.o \
  build/default/debug/HSClock.o \
  build/default/debug/HSCounter.o \
  build/default/debug/PS2Keyboard.o \
  build/default/debug/i2cController.o \
  build/default/debug/vga.o \
  build/default/debug/main.o \
  build/default/debug/protocol.o \
  build/default/debug/asciiConversion.o \
  build/default/debug/pinRegisters.o \
  build/default/debug/queue.o \
  --fill=0x555555 \
  --local-stack \
  --defsym=__MPLAB_BUILD=1 \
  --defsym=__MPLAB_DEBUG=1 \
  --defsym=__DEBUG=1 \
  -Tp24FJ256GA702_app.gld.07 \
  --stack=16 \
  --check-sections \
  --data-init \
  --pack-data \
  --handles \
  --isr \
  --no-gc-sections \
  --fill-upper=0 \
  --stackguard=16 \
  --no-ivt \
  --no-force-link \
  --smart-io \
  -Map=dist/default/debug/SerialWombat18A_18B.X.debug.map \
  --report-mem \
  --memorysummary \
  dist/default/debug/memoryfile.xml \
  -start-group \
  --library=lega-pic30-elf \
  --library=m-elf \
  --library=lega-c-elf \
  -end-group \


Optional library libpPIC24Fxxx.a not found
Archive member included because of file (symbol)

[...]
Memory Configuration

Name             Origin             Length             Attributes
data             0x000800           0x004000           a !xr
reset            0x004000           0x000004  
ivtjon           0x004004           0x0000fc  
program          0x004100           0x01bb00           xr
userSpace        0x020000           0x00a000           xr
FSEC             0x02af00           0x000002  
FBSLIM           0x02af10           0x000002  
FSIGN            0x02af14           0x000002  
FOSCSEL          0x02af18           0x000002  
FOSC             0x02af1c           0x000002  
FWDT             0x02af20           0x000002  
FPOR             0x02af24           0x000002  
FICD             0x02af28           0x000002  
FDEVOPT1         0x02af2c           0x000002  
*default*        0x000000           0xffffffff  

Linker script and memory map


reserve_data_0x800
                    0x0800         0x1c
                    0x081c                  . = 0x1c
 *fill*             0x0800         0x1c00

reserve_data_0x81c
                    0x081c          0x2
                    0x081e                  . = 0x2
 *fill*             0x081c          0x200

reserve_data_0x81e
                    0x081e          0x2
                    0x0820                  . = 0x2
 *fill*             0x081e          0x200

reserve_data_0x820
                    0x0820          0x2
                    0x0822                  . = 0x2
 *fill*             0x0820          0x200

reserve_data_0x822
                    0x0822          0x2
                    0x0824                  . = 0x2
 *fill*             0x0822          0x200

reserve_data_0x824
                    0x0824          0x4
                    0x0828                  . = 0x4
 *fill*             0x0824          0x400

reserve_data_0x82a
                    0x082a         0x26
                    0x0850                  . = 0x26
 *fill*             0x082a         0x2600
LOAD build/default/debug/pic24fj256ga702/mcc_generated_files/clock.o
LOAD build/default/debug/pic24fj256ga702/mcc_generated_files/crc.o
LOAD build/default/debug/pic24fj256ga702/mcc_generated_files/cvr.o
LOAD build/default/debug/pic24fj256ga702/mcc_generated_files/dma.o
LOAD build/default/debug/pic24fj256ga702/mcc_generated_files/i2c1.o
LOAD build/default/debug/pic24fj256ga702/mcc_generated_files/i2c2.o
LOAD build/default/debug/pic24fj256ga702/mcc_generated_files/interrupt_manager.o
LOAD build/default/debug/pic24fj256ga702/mcc_generated_files/mcc.o
LOAD build/default/debug/pic24fj256ga702/mcc_generated_files/pin_manager.o
LOAD build/default/debug/pic24fj256ga702/mcc_generated_files/system.o
LOAD build/default/debug/pic24fj256ga702/mcc_generated_files/tmr1.o
LOAD build/default/debug/pic24fj256ga702/mcc_generated_files/tmr2.o
LOAD build/default/debug/pic24fj256ga702/mcc_generated_files/tmr3.o
LOAD build/default/debug/pic24fj256ga702/mcc_generated_files/traps.o
LOAD build/default/debug/pic24fj256ga702/mcc_generated_files/uart1.o
LOAD build/default/debug/pic24fj256ga702/mcc_generated_files/uart2.o
LOAD build/default/debug/pic24fj256ga702/mcc_generated_files/adc1.o
LOAD build/default/debug/pic24fj256ga702/mcc_generated_files/memory/flash.o
LOAD build/default/debug/pic24fj256ga702/mcc_generated_files/i2c2Controller.o
LOAD build/default/debug/pic24fj256ga702/wombatasm.o
LOAD build/default/debug/pic24fj256ga702/pinDigitalHwSpecific.o
LOAD build/default/debug/pic24fj256ga702/updatePulse.o
LOAD build/default/debug/timingResource.o
LOAD build/default/debug/quadEnc.o
LOAD build/default/debug/analogInput.o
LOAD build/default/debug/pulseTimer.o
LOAD build/default/debug/debounce.o
LOAD build/default/debug/protectedOutput.o
LOAD build/default/debug/watchdog.o
LOAD build/default/debug/TM1637.o
LOAD build/default/debug/ws2812.o
LOAD build/default/debug/touch.o
LOAD build/default/debug/uartHw.o
LOAD build/default/debug/servo.o
LOAD build/default/debug/pwm.o
LOAD build/default/debug/outputScale.o
LOAD build/default/debug/resistanceInput.o
LOAD build/default/debug/uartSw.o
LOAD build/default/debug/throughputConsumer.o
LOAD build/default/debug/matrixKeypad.o
LOAD build/default/debug/inputProcess.o
LOAD build/default/debug/pinInputProcessor.o
LOAD build/default/debug/pulseOnChange.o
LOAD build/default/debug/hfServo.o
LOAD build/default/debug/ultrasonicDistance.o
LOAD build/default/debug/liquidCrystal.o
LOAD build/default/debug/HSClock.o
LOAD build/default/debug/HSCounter.o
LOAD build/default/debug/PS2Keyboard.o
LOAD build/default/debug/i2cController.o
LOAD build/default/debug/vga.o
LOAD build/default/debug/main.o
LOAD build/default/debug/protocol.o
LOAD build/default/debug/asciiConversion.o
LOAD build/default/debug/pinRegisters.o
LOAD build/default/debug/queue.o
                    0x0001                  __MPLAB_BUILD = 0x1
                    0x0001                  __MPLAB_DEBUG = 0x1
                    0x0001                  __DEBUG = 0x1
LOAD pPIC24Fxxx
LOAD c:/program files/microchip/xc16/v1.70/bin/bin/../../lib\libfx-elf.a
                    0x2af00                  __FSEC = 0x2af00
                    0x2af10                  __FBSLIM = 0x2af10
                    0x2af14                  __FSIGN = 0x2af14
                    0x2af18                  __FOSCSEL = 0x2af18
                    0x2af1c                  __FOSC = 0x2af1c
                    0x2af20                  __FWDT = 0x2af20
                    0x2af24                  __FPOR = 0x2af24
                    0x2af28                  __FICD = 0x2af28
                    0x2af2c                  __FDEVOPT1 = 0x2af2c
                    0x4100                  __CODE_BASE = 0x4100
                    0x2ae00                  __CODE_LENGTH = 0x2ae00
                    0x4004                  __IVT_BASE = 0x4004
                    0x0800                  __DATA_BASE = 0x800
                    0x4000                  __DATA_LENGTH = 0x4000

.reset            0x004000          0x4
                  0x004000          0x2 SHORT 0x4800 ABSOLUTE (__reset)
                  0x004001          0x2 SHORT 0x4
                  0x004002          0x2 SHORT 0x0 ((ABSOLUTE (__reset) >> 0x10) & 0x7f)
                  0x004003          0x2 SHORT 0x0

.text             0x004800        0xec6
 *(.init)
 .init            0x004800         0x4c c:/program files/microchip/xc16/v1.70/bin/bin/../../lib\liblega-pic30-elf.a(crt0_extended24.o)
                  0x004800                  __resetPRI
                  0x004800                  __reset
                  0x00483c                  __psv_init
 .init            0x00484c         0xb8 c:/program files/microchip/xc16/v1.70/bin/bin/../../lib\liblega-pic30-elf.a(data_init_24.o)
                  0x004852                  __data_init
                  0x004852                  __data_init_da
 *(.user_init)
 *(.handle)
 .handle          0x004904          0x8 jump_table
 *(.isr*)
 .isr.text        0x00490c         0x1c build/default/debug/pic24fj256ga702/mcc_generated_files/dma.o
                  0x00490c                  __DMA0Interrupt
 .isr.text        0x004928        0x21a build/default/debug/pic24fj256ga702/mcc_generated_files/i2c1.o
                  0x004928                  __MI2C1Interrupt
 .isr.text        0x004b42        0x258 build/default/debug/pic24fj256ga702/mcc_generated_files/i2c2.o
                  0x004b42                  __SI2C2Interrupt
 .isr.text        0x004d9a          0x4 build/default/debug/pic24fj256ga702/mcc_generated_files/tmr1.o
                  0x004d9a                  __T1Interrupt
 .isr.text        0x004d9e         0x2a build/default/debug/pic24fj256ga702/mcc_generated_files/tmr2.o
                  0x004d9e                  __T2Interrupt
 .isr.text        0x004dc8         0x9e build/default/debug/pic24fj256ga702/mcc_generated_files/traps.o
                  0x004dc8                  __OscillatorFail
                  0x004de6                  __StackError
                  0x004e0c                  __AddressError
                  0x004e2a                  __MathError
                  0x004e48                  __NVMError
 .isr.text        0x004e66         0xcc build/default/debug/pic24fj256ga702/mcc_generated_files/uart1.o
                  0x004e66                  __U1TXInterrupt
                  0x004ecc                  __U1RXInterrupt
                  0x004f28                  __U1ErrInterrupt
 .isr.text        0x004f32         0xbe build/default/debug/pic24fj256ga702/mcc_generated_files/uart2.o
                  0x004f32                  __U2TXInterrupt
                  0x004f98                  __U2RXInterrupt
                  0x004fe6                  __U2ErrInterrupt
 .isr.text        0x004ff0         0x1c build/default/debug/pic24fj256ga702/mcc_generated_files/adc1.o
                  0x004ff0                  __ADC1Interrupt
 .isr.text        0x00500c        0x21a build/default/debug/pic24fj256ga702/mcc_generated_files/i2c2Controller.o
                  0x00500c                  __MI2C2Interrupt
 .isr.text        0x005226        0x196 build/default/debug/timingResource.o
                  0x005226                  __CCT1Interrupt
                  0x00524e                  __CCT2Interrupt
                  0x005276                  __CCT3Interrupt
                  0x00531a                  __CCT4Interrupt
                  0x005342                  __OC1Interrupt
                  0x00536c                  __OC2Interrupt
                  0x005394                  __OC3Interrupt
 .isr.text        0x0053bc         0x1e build/default/debug/vga.o
                  0x0053bc                  __DMA5Interrupt
 .isr             0x0053da          0x4 default_isr
                  0x0053da                  __DefaultInterrupt
 *(.libc)
 *(.libm)
 *(.libdsp)
 *(.lib*)
 .libpic30_crt_start_mode
                  0x0053de          0x2 c:/program files/microchip/xc16/v1.70/bin/bin/../../lib\liblega-pic30-elf.a(crt_start_mode_normalda.Leo)
                  0x0053de                  __crt_start_mode
                  0x0053de                  __crt_start_mode_normal
 .libm.divsi3     0x0053e0         0x1e c:/program files/microchip/xc16/v1.70/bin/bin/../../lib\libm-elf.a(divsi3.daeo)
                  0x0053e0                  ___divsi3
 .libm.udivsi3    0x0053fe         0x20 c:/program files/microchip/xc16/v1.70/bin/bin/../../lib\libm-elf.a(udivsi3.daeo)
                  0x0053fe                  ___udivsi3
 .libm.__PplusBdi
                  0x00541e         0x26 c:/program files/microchip/xc16/v1.70/bin/bin/../../lib\libm-elf.a(divmoddi3.daeo)
 .libm.__PminusBdi
                  0x005444         0x26 c:/program files/microchip/xc16/v1.70/bin/bin/../../lib\libm-elf.a(divmoddi3.daeo)
 .libm.__udivmoddi3
                  0x00546a         0xe6 c:/program files/microchip/xc16/v1.70/bin/bin/../../lib\libm-elf.a(divmoddi3.daeo)
                  0x00546a                  ___udivmoddi3
 .libm.__udivdi3
                  0x005550          0xe c:/program files/microchip/xc16/v1.70/bin/bin/../../lib\libm-elf.a(divmoddi3.daeo)
                  0x005550                  ___udivdi3
 .libm.__umoddi3
                  0x00555e          0x8 c:/program files/microchip/xc16/v1.70/bin/bin/../../lib\libm-elf.a(divmoddi3.daeo)
                  0x00555e                  ___umoddi3
 .libm.__divdi3
                  0x005566         0x60 c:/program files/microchip/xc16/v1.70/bin/bin/../../lib\libm-elf.a(divmoddi3.daeo)
                  0x005566                  ___divdi3
 .libm.__moddi3
                  0x0055c6         0x5c c:/program files/microchip/xc16/v1.70/bin/bin/../../lib\libm-elf.a(divmoddi3.daeo)
                  0x0055c6                  ___moddi3
 .libm.__muldi3
                  0x005622         0x52 c:/program files/microchip/xc16/v1.70/bin/bin/../../lib\libm-elf.a(muldi3.daeo)
                  0x005622                  ___muldi3
 .libm.umuldi3    0x005674         0x44 c:/program files/microchip/xc16/v1.70/bin/bin/../../lib\libm-elf.a(umuldi3.daeo)
                  0x005674                  ___umuldi3
 .libc.memcpy     0x0056b8          0xe c:/program files/microchip/xc16/v1.70/bin/bin/../../lib\liblega-c-elf.a(memcpy.DA_eo)
                  0x0056b8                  _memcpy

usercode
 *(usercode)

__FSEC            0x02af00          0x2
 *(__FSEC.sec*)
 __FSEC.sec       0x02af00          0x2 /CW/_FSEC
                  0x02af00                  __FSEC.sec

__FBSLIM
 *(__FBSLIM.sec*)

__FSIGN
 *(__FSIGN.sec*)

__FOSCSEL
 *(__FOSCSEL.sec*)

__FOSC
 *(__FOSC.sec*)

__FWDT
 *(__FWDT.sec*)

__FPOR
 *(__FPOR.sec*)

__FICD
 *(__FICD.sec*)

__FDEVOPT1
 *(__FDEVOPT1.sec*)

.comment
 *(.comment)

.debug_info       0x000000      0x4504d
 *(.debug_info)
 .debug_info      0x000000        0x547 build/default/debug/pic24fj256ga702/mcc_generated_files/clock.o
 .debug_info      0x000547        0xda9 build/default/debug/pic24fj256ga702/mcc_generated_files/crc.o
 .debug_info      0x0012f0        0x1ef build/default/debug/pic24fj256ga702/mcc_generated_files/cvr.o
 .debug_info      0x0014df       0x2433 build/default/debug/pic24fj256ga702/mcc_generated_files/dma.o
 .debug_info      0x003912       0x110c build/default/debug/pic24fj256ga702/mcc_generated_files/i2c1.o
 .debug_info      0x004a1e        0xfdf build/default/debug/pic24fj256ga702/mcc_generated_files/i2c2.o
 .debug_info      0x0059fd        0x36a build/default/debug/pic24fj256ga702/mcc_generated_files/interrupt_manager.o
 .debug_info      0x005d67        0x19f build/default/debug/pic24fj256ga702/mcc_generated_files/mcc.o
 .debug_info      0x005f06        0x4cf build/default/debug/pic24fj256ga702/mcc_generated_files/pin_manager.o
 .debug_info      0x0063d5        0x89f build/default/debug/pic24fj256ga702/mcc_generated_files/system.o
 .debug_info      0x006c74        0x9bb build/default/debug/pic24fj256ga702/mcc_generated_files/tmr1.o
 .debug_info      0x00762f        0xa2a build/default/debug/pic24fj256ga702/mcc_generated_files/tmr2.o
 .debug_info      0x008059        0x7a2 build/default/debug/pic24fj256ga702/mcc_generated_files/tmr3.o
 .debug_info      0x0087fb        0x473 build/default/debug/pic24fj256ga702/mcc_generated_files/traps.o
 .debug_info      0x008c6e       0x104b build/default/debug/pic24fj256ga702/mcc_generated_files/uart1.o
 .debug_info      0x009cb9        0xf0f build/default/debug/pic24fj256ga702/mcc_generated_files/uart2.o
 .debug_info      0x00abc8       0x1509 build/default/debug/pic24fj256ga702/mcc_generated_files/adc1.o
 .debug_info      0x00c0d1         0xdd build/default/debug/pic24fj256ga702/mcc_generated_files/memory/flash.o
 .debug_info      0x00c1ae       0x1159 build/default/debug/pic24fj256ga702/mcc_generated_files/i2c2Controller.o
 .debug_info      0x00d307         0xc6 build/default/debug/pic24fj256ga702/wombatasm.o
 .debug_info      0x00d3cd       0x1129 build/default/debug/pic24fj256ga702/pinDigitalHwSpecific.o
 .debug_info      0x00e4f6        0xae1 build/default/debug/pic24fj256ga702/updatePulse.o
 .debug_info      0x00efd7       0x2c04 build/default/debug/timingResource.o
 .debug_info      0x011bdb       0x187d build/default/debug/quadEnc.o
 .debug_info      0x013458       0x1901 build/default/debug/analogInput.o
 .debug_info      0x014d59       0x1b5e build/default/debug/pulseTimer.o
 .debug_info      0x0168b7       0x15d9 build/default/debug/debounce.o
 .debug_info      0x017e90       0x15db build/default/debug/protectedOutput.o
 .debug_info      0x01946b       0x15b1 build/default/debug/watchdog.o
 .debug_info      0x01aa1c       0x1b42 build/default/debug/TM1637.o
 .debug_info      0x01c55e       0x2305 build/default/debug/ws2812.o
 .debug_info      0x01e863       0x25b5 build/default/debug/touch.o
 .debug_info      0x020e18       0x179c build/default/debug/uartHw.o
 .debug_info      0x0225b4       0x1b7a build/default/debug/servo.o
 .debug_info      0x02412e       0x1ab1 build/default/debug/pwm.o
 .debug_info      0x025bdf        0xa54 build/default/debug/outputScale.o
 .debug_info      0x026633       0x1b26 build/default/debug/resistanceInput.o
 .debug_info      0x028159       0x1a18 build/default/debug/uartSw.o
 .debug_info      0x029b71       0x15d4 build/default/debug/throughputConsumer.o
 .debug_info      0x02b145       0x1c3e build/default/debug/matrixKeypad.o
 .debug_info      0x02cd83        0x822 build/default/debug/inputProcess.o
 .debug_info      0x02d5a5       0x12a2 build/default/debug/pinInputProcessor.o
 .debug_info      0x02e847       0x1b33 build/default/debug/pulseOnChange.o
 .debug_info      0x03037a       0x1a9e build/default/debug/hfServo.o
 .debug_info      0x031e18       0x1a0d build/default/debug/ultrasonicDistance.o
 .debug_info      0x033825       0x19a7 build/default/debug/liquidCrystal.o
 .debug_info      0x0351cc       0x1710 build/default/debug/HSClock.o
 .debug_info      0x0368dc       0x1b19 build/default/debug/HSCounter.o
 .debug_info      0x0383f5       0x228d build/default/debug/PS2Keyboard.o
 .debug_info      0x03a682       0x1502 build/default/debug/i2cController.o
 .debug_info      0x03bb84       0x2c00 build/default/debug/vga.o
 .debug_info      0x03e784        0xe67 build/default/debug/main.o
 .debug_info      0x03f5eb       0x3bd1 build/default/debug/protocol.o
 .debug_info      0x0431bc        0x27b build/default/debug/asciiConversion.o
 .debug_info      0x043437        0xdc4 build/default/debug/pinRegisters.o
 .debug_info      0x0441fb        0xe52 build/default/debug/queue.o
 *(.gnu.linkonce.wi.*)

.debug_abbrev     0x000000       0x5891
 *(.debug_abbrev)
 .debug_abbrev    0x000000         0xc5 build/default/debug/pic24fj256ga702/mcc_generated_files/clock.o
 .debug_abbrev    0x0000c5        0x298 build/default/debug/pic24fj256ga702/mcc_generated_files/crc.o
 .debug_abbrev    0x00035d         0x59 build/default/debug/pic24fj256ga702/mcc_generated_files/cvr.o
 .debug_abbrev    0x0003b6        0x185 build/default/debug/pic24fj256ga702/mcc_generated_files/dma.o
 .debug_abbrev    0x00053b        0x2a6 build/default/debug/pic24fj256ga702/mcc_generated_files/i2c1.o
 .debug_abbrev    0x0007e1        0x241 build/default/debug/pic24fj256ga702/mcc_generated_files/i2c2.o
 .debug_abbrev    0x000a22         0xb4 build/default/debug/pic24fj256ga702/mcc_generated_files/interrupt_manager.o
 .debug_abbrev    0x000ad6         0x34 build/default/debug/pic24fj256ga702/mcc_generated_files/mcc.o
 .debug_abbrev    0x000b0a         0x59 build/default/debug/pic24fj256ga702/mcc_generated_files/pin_manager.o
 .debug_abbrev    0x000b63         0xf0 build/default/debug/pic24fj256ga702/mcc_generated_files/system.o
 .debug_abbrev    0x000c53        0x1a2 build/default/debug/pic24fj256ga702/mcc_generated_files/tmr1.o
 .debug_abbrev    0x000df5        0x1ec build/default/debug/pic24fj256ga702/mcc_generated_files/tmr2.o
 .debug_abbrev    0x000fe1        0x18f build/default/debug/pic24fj256ga702/mcc_generated_files/tmr3.o
 .debug_abbrev    0x001170        0x126 build/default/debug/pic24fj256ga702/mcc_generated_files/traps.o
 .debug_abbrev    0x001296        0x291 build/default/debug/pic24fj256ga702/mcc_generated_files/uart1.o
 .debug_abbrev    0x001527        0x280 build/default/debug/pic24fj256ga702/mcc_generated_files/uart2.o
 .debug_abbrev    0x0017a7        0x2a1 build/default/debug/pic24fj256ga702/mcc_generated_files/adc1.o
 .debug_abbrev    0x001a48         0x14 build/default/debug/pic24fj256ga702/mcc_generated_files/memory/flash.o
 .debug_abbrev    0x001a5c        0x295 build/default/debug/pic24fj256ga702/mcc_generated_files/i2c2Controller.o
 .debug_abbrev    0x001cf1         0x14 build/default/debug/pic24fj256ga702/wombatasm.o
 .debug_abbrev    0x001d05        0x276 build/default/debug/pic24fj256ga702/pinDigitalHwSpecific.o
 .debug_abbrev    0x001f7b        0x1d8 build/default/debug/pic24fj256ga702/updatePulse.o
 .debug_abbrev    0x002153        0x2a3 build/default/debug/timingResource.o
 .debug_abbrev    0x0023f6        0x18c build/default/debug/quadEnc.o
 .debug_abbrev    0x002582        0x15d build/default/debug/analogInput.o
 .debug_abbrev    0x0026df        0x17b build/default/debug/pulseTimer.o
 .debug_abbrev    0x00285a         0xf4 build/default/debug/debounce.o
 .debug_abbrev    0x00294e        0x105 build/default/debug/protectedOutput.o
 .debug_abbrev    0x002a53         0xdf build/default/debug/watchdog.o
 .debug_abbrev    0x002b32        0x209 build/default/debug/TM1637.o
 .debug_abbrev    0x002d3b        0x2a1 build/default/debug/ws2812.o
 .debug_abbrev    0x002fdc        0x1cc build/default/debug/touch.o
 .debug_abbrev    0x0031a8        0x172 build/default/debug/uartHw.o
 .debug_abbrev    0x00331a        0x160 build/default/debug/servo.o
 .debug_abbrev    0x00347a        0x13d build/default/debug/pwm.o
 .debug_abbrev    0x0035b7        0x22f build/default/debug/outputScale.o
 .debug_abbrev    0x0037e6        0x192 build/default/debug/resistanceInput.o
 .debug_abbrev    0x003978        0x16b build/default/debug/uartSw.o
 .debug_abbrev    0x003ae3        0x109 build/default/debug/throughputConsumer.o
 .debug_abbrev    0x003bec        0x1ed build/default/debug/matrixKeypad.o
 .debug_abbrev    0x003dd9        0x167 build/default/debug/inputProcess.o
 .debug_abbrev    0x003f40        0x140 build/default/debug/pinInputProcessor.o
 .debug_abbrev    0x004080        0x185 build/default/debug/pulseOnChange.o
 .debug_abbrev    0x004205        0x12f build/default/debug/hfServo.o
 .debug_abbrev    0x004334        0x124 build/default/debug/ultrasonicDistance.o
 .debug_abbrev    0x004458        0x1dc build/default/debug/liquidCrystal.o
 .debug_abbrev    0x004634        0x179 build/default/debug/HSClock.o
 .debug_abbrev    0x0047ad        0x151 build/default/debug/HSCounter.o
 .debug_abbrev    0x0048fe        0x25f build/default/debug/PS2Keyboard.o
 .debug_abbrev    0x004b5d         0xdf build/default/debug/i2cController.o
 .debug_abbrev    0x004c3c        0x2ca build/default/debug/vga.o
 .debug_abbrev    0x004f06        0x21e build/default/debug/main.o
 .debug_abbrev    0x005124        0x351 build/default/debug/protocol.o
 .debug_abbrev    0x005475         0xae build/default/debug/asciiConversion.o
 .debug_abbrev    0x005523        0x1a0 build/default/debug/pinRegisters.o
 .debug_abbrev    0x0056c3        0x1ce build/default/debug/queue.o

.debug_line       0x000000       0x793c
 *(.debug_line)
 .debug_line      0x000000        0x13e build/default/debug/pic24fj256ga702/mcc_generated_files/clock.o
 .debug_line      0x00013e        0x291 build/default/debug/pic24fj256ga702/mcc_generated_files/crc.o
 .debug_line      0x0003cf        0x128 build/default/debug/pic24fj256ga702/mcc_generated_files/cvr.o
 .debug_line      0x0004f7        0x2f4 build/default/debug/pic24fj256ga702/mcc_generated_files/dma.o
 .debug_line      0x0007eb        0x28c build/default/debug/pic24fj256ga702/mcc_generated_files/i2c1.o
 .debug_line      0x000a77        0x27c build/default/debug/pic24fj256ga702/mcc_generated_files/i2c2.o
 .debug_line      0x000cf3        0x136 build/default/debug/pic24fj256ga702/mcc_generated_files/interrupt_manager.o
 .debug_line      0x000e29         0x57 build/default/debug/pic24fj256ga702/mcc_generated_files/mcc.o
 .debug_line      0x000e80        0x148 build/default/debug/pic24fj256ga702/mcc_generated_files/pin_manager.o
 .debug_line      0x000fc8        0x17b build/default/debug/pic24fj256ga702/mcc_generated_files/system.o
 .debug_line      0x001143        0x15f build/default/debug/pic24fj256ga702/mcc_generated_files/tmr1.o
 .debug_line      0x0012a2        0x17b build/default/debug/pic24fj256ga702/mcc_generated_files/tmr2.o
 .debug_line      0x00141d        0x14b build/default/debug/pic24fj256ga702/mcc_generated_files/tmr3.o
 .debug_line      0x001568        0x15e build/default/debug/pic24fj256ga702/mcc_generated_files/traps.o
 .debug_line      0x0016c6        0x237 build/default/debug/pic24fj256ga702/mcc_generated_files/uart1.o
 .debug_line      0x0018fd        0x22c build/default/debug/pic24fj256ga702/mcc_generated_files/uart2.o
 .debug_line      0x001b29        0x293 build/default/debug/pic24fj256ga702/mcc_generated_files/adc1.o
 .debug_line      0x001dbc        0x122 build/default/debug/pic24fj256ga702/mcc_generated_files/memory/flash.o
 .debug_line      0x001ede        0x2a0 build/default/debug/pic24fj256ga702/mcc_generated_files/i2c2Controller.o
 .debug_line      0x00217e        0x14f build/default/debug/pic24fj256ga702/wombatasm.o
 .debug_line      0x0022cd        0x2d9 build/default/debug/pic24fj256ga702/pinDigitalHwSpecific.o
 .debug_line      0x0025a6        0x2c9 build/default/debug/pic24fj256ga702/updatePulse.o
 .debug_line      0x00286f        0x6c4 build/default/debug/timingResource.o
 .debug_line      0x002f33        0x2c3 build/default/debug/quadEnc.o
 .debug_line      0x0031f6        0x189 build/default/debug/analogInput.o
 .debug_line      0x00337f        0x1f6 build/default/debug/pulseTimer.o
 .debug_line      0x003575        0x132 build/default/debug/debounce.o
 .debug_line      0x0036a7        0x137 build/default/debug/protectedOutput.o
 .debug_line      0x0037de        0x11f build/default/debug/watchdog.o
 .debug_line      0x0038fd        0x2f2 build/default/debug/TM1637.o
 .debug_line      0x003bef        0x467 build/default/debug/ws2812.o
 .debug_line      0x004056        0x28b build/default/debug/touch.o
 .debug_line      0x0042e1        0x27b build/default/debug/uartHw.o
 .debug_line      0x00455c        0x1b0 build/default/debug/servo.o
 .debug_line      0x00470c        0x16d build/default/debug/pwm.o
 .debug_line      0x004879        0x24a build/default/debug/outputScale.o
 .debug_line      0x004ac3        0x20e build/default/debug/resistanceInput.o
 .debug_line      0x004cd1        0x29c build/default/debug/uartSw.o
 .debug_line      0x004f6d        0x125 build/default/debug/throughputConsumer.o
 .debug_line      0x005092        0x2eb build/default/debug/matrixKeypad.o
 .debug_line      0x00537d        0x187 build/default/debug/inputProcess.o
 .debug_line      0x005504        0x113 build/default/debug/pinInputProcessor.o
 .debug_line      0x005617        0x242 build/default/debug/pulseOnChange.o
 .debug_line      0x005859        0x16c build/default/debug/hfServo.o
 .debug_line      0x0059c5        0x187 build/default/debug/ultrasonicDistance.o
 .debug_line      0x005b4c        0x2e0 build/default/debug/liquidCrystal.o
 .debug_line      0x005e2c        0x1aa build/default/debug/HSClock.o
 .debug_line      0x005fd6        0x195 build/default/debug/HSCounter.o
 .debug_line      0x00616b        0x3ad build/default/debug/PS2Keyboard.o
 .debug_line      0x006518        0x10c build/default/debug/i2cController.o
 .debug_line      0x006624        0x303 build/default/debug/vga.o
 .debug_line      0x006927        0x2a6 build/default/debug/main.o
 .debug_line      0x006bcd        0x8b4 build/default/debug/protocol.o
 .debug_line      0x007481         0xd7 build/default/debug/asciiConversion.o
 .debug_line      0x007558        0x23e build/default/debug/pinRegisters.o
 .debug_line      0x007796        0x1a6 build/default/debug/queue.o

.debug_frame      0x000000       0x22bc
 *(.debug_frame)
 .debug_frame     0x000000         0x24 build/default/debug/pic24fj256ga702/mcc_generated_files/clock.o
 .debug_frame     0x000024         0xf4 build/default/debug/pic24fj256ga702/mcc_generated_files/crc.o
 .debug_frame     0x000118         0x24 build/default/debug/pic24fj256ga702/mcc_generated_files/cvr.o
 .debug_frame     0x00013c        0x1e8 build/default/debug/pic24fj256ga702/mcc_generated_files/dma.o
 .debug_frame     0x000324         0xc6 build/default/debug/pic24fj256ga702/mcc_generated_files/i2c1.o
 .debug_frame     0x0003ea         0xa8 build/default/debug/pic24fj256ga702/mcc_generated_files/i2c2.o
 .debug_frame     0x000492         0x24 build/default/debug/pic24fj256ga702/mcc_generated_files/interrupt_manager.o
 .debug_frame     0x0004b6         0x24 build/default/debug/pic24fj256ga702/mcc_generated_files/mcc.o
 .debug_frame     0x0004da         0x24 build/default/debug/pic24fj256ga702/mcc_generated_files/pin_manager.o
 .debug_frame     0x0004fe         0x24 build/default/debug/pic24fj256ga702/mcc_generated_files/system.o
 .debug_frame     0x000522         0xe4 build/default/debug/pic24fj256ga702/mcc_generated_files/tmr1.o
 .debug_frame     0x000606        0x108 build/default/debug/pic24fj256ga702/mcc_generated_files/tmr2.o
 .debug_frame     0x00070e         0xd4 build/default/debug/pic24fj256ga702/mcc_generated_files/tmr3.o
 .debug_frame     0x0007e2        0x128 build/default/debug/pic24fj256ga702/mcc_generated_files/traps.o
 .debug_frame     0x00090a        0x186 build/default/debug/pic24fj256ga702/mcc_generated_files/uart1.o
 .debug_frame     0x000a90        0x186 build/default/debug/pic24fj256ga702/mcc_generated_files/uart2.o
 .debug_frame     0x000c16        0x10e build/default/debug/pic24fj256ga702/mcc_generated_files/adc1.o
 .debug_frame     0x000d24         0xc6 build/default/debug/pic24fj256ga702/mcc_generated_files/i2c2Controller.o
 .debug_frame     0x000dea        0x24c build/default/debug/pic24fj256ga702/pinDigitalHwSpecific.o
 .debug_frame     0x001036         0xf6 build/default/debug/pic24fj256ga702/updatePulse.o
 .debug_frame     0x00112c        0x2e8 build/default/debug/timingResource.o
 .debug_frame     0x001414         0x74 build/default/debug/quadEnc.o
 .debug_frame     0x001488         0x58 build/default/debug/analogInput.o
 .debug_frame     0x0014e0         0x50 build/default/debug/pulseTimer.o
 .debug_frame     0x001530         0x3e build/default/debug/debounce.o
 .debug_frame     0x00156e         0x34 build/default/debug/protectedOutput.o
 .debug_frame     0x0015a2         0x34 build/default/debug/watchdog.o
 .debug_frame     0x0015d6         0xe6 build/default/debug/TM1637.o
 .debug_frame     0x0016bc         0xd0 build/default/debug/ws2812.o
 .debug_frame     0x00178c         0x5e build/default/debug/touch.o
 .debug_frame     0x0017ea         0x5a build/default/debug/uartHw.o
 .debug_frame     0x001844         0x60 build/default/debug/servo.o
 .debug_frame     0x0018a4         0x58 build/default/debug/pwm.o
 .debug_frame     0x0018fc         0x7a build/default/debug/outputScale.o
 .debug_frame     0x001976         0x4e build/default/debug/resistanceInput.o
 .debug_frame     0x0019c4         0xa2 build/default/debug/uartSw.o
 .debug_frame     0x001a66         0x34 build/default/debug/throughputConsumer.o
 .debug_frame     0x001a9a         0x7c build/default/debug/matrixKeypad.o
 .debug_frame     0x001b16         0x70 build/default/debug/inputProcess.o
 .debug_frame     0x001b86         0x3e build/default/debug/pinInputProcessor.o
 .debug_frame     0x001bc4         0x62 build/default/debug/pulseOnChange.o
 .debug_frame     0x001c26         0x3e build/default/debug/hfServo.o
 .debug_frame     0x001c64         0x50 build/default/debug/ultrasonicDistance.o
 .debug_frame     0x001cb4         0xde build/default/debug/liquidCrystal.o
 .debug_frame     0x001d92         0x34 build/default/debug/HSClock.o
 .debug_frame     0x001dc6         0x50 build/default/debug/HSCounter.o
 .debug_frame     0x001e16         0xa8 build/default/debug/PS2Keyboard.o
 .debug_frame     0x001ebe         0x34 build/default/debug/i2cController.o
 .debug_frame     0x001ef2         0xd4 build/default/debug/vga.o
 .debug_frame     0x001fc6         0x60 build/default/debug/main.o
 .debug_frame     0x002026        0x104 build/default/debug/protocol.o
 .debug_frame     0x00212a         0x54 build/default/debug/asciiConversion.o
 .debug_frame     0x00217e         0x7e build/default/debug/pinRegisters.o
 .debug_frame     0x0021fc         0xc0 build/default/debug/queue.o

.debug_str        0x000000       0x1cb2
 *(.debug_str)
 .debug_str       0x000000         0x1d build/default/debug/pic24fj256ga702/mcc_generated_files/clock.o
 .debug_str       0x00001d         0x57 build/default/debug/pic24fj256ga702/mcc_generated_files/crc.o
 .debug_str       0x000074        0x1bd build/default/debug/pic24fj256ga702/mcc_generated_files/dma.o
 .debug_str       0x000231         0x5d build/default/debug/pic24fj256ga702/mcc_generated_files/i2c1.o
 .debug_str       0x00028e        0x1a5 build/default/debug/pic24fj256ga702/mcc_generated_files/i2c2.o
 .debug_str       0x000433          0x9 build/default/debug/pic24fj256ga702/mcc_generated_files/interrupt_manager.o
 .debug_str       0x00043c         0x4f build/default/debug/pic24fj256ga702/mcc_generated_files/system.o
 .debug_str       0x00048b         0x1c build/default/debug/pic24fj256ga702/mcc_generated_files/tmr1.o
 .debug_str       0x0004a7         0x5d build/default/debug/pic24fj256ga702/mcc_generated_files/tmr2.o
 .debug_str       0x000504         0x13 build/default/debug/pic24fj256ga702/mcc_generated_files/tmr3.o
 .debug_str       0x000517         0x18 build/default/debug/pic24fj256ga702/mcc_generated_files/traps.o
 .debug_str       0x00052f         0x62 build/default/debug/pic24fj256ga702/mcc_generated_files/uart1.o
 .debug_str       0x000591         0x37 build/default/debug/pic24fj256ga702/mcc_generated_files/uart2.o
 .debug_str       0x0005c8        0x131 build/default/debug/pic24fj256ga702/mcc_generated_files/adc1.o
 .debug_str       0x0006f9         0x5d build/default/debug/pic24fj256ga702/mcc_generated_files/i2c2Controller.o
 .debug_str       0x000756         0xa2 build/default/debug/pic24fj256ga702/pinDigitalHwSpecific.o
 .debug_str       0x0007f8         0xd8 build/default/debug/pic24fj256ga702/updatePulse.o
 .debug_str       0x0008d0        0x2fa build/default/debug/timingResource.o
 .debug_str       0x000bca         0x52 build/default/debug/quadEnc.o
 .debug_str       0x000c1c         0x51 build/default/debug/analogInput.o
 .debug_str       0x000c6d         0x59 build/default/debug/pulseTimer.o
 .debug_str       0x000cc6         0x2c build/default/debug/debounce.o
 .debug_str       0x000cf2         0x23 build/default/debug/protectedOutput.o
 .debug_str       0x000d15         0x23 build/default/debug/watchdog.o
 .debug_str       0x000d38         0x5f build/default/debug/TM1637.o
 .debug_str       0x000d97         0xf4 build/default/debug/ws2812.o
 .debug_str       0x000e8b        0x102 build/default/debug/touch.o
 .debug_str       0x000f8d         0x9b build/default/debug/uartHw.o
 .debug_str       0x001028         0x4f build/default/debug/servo.o
 .debug_str       0x001077         0x38 build/default/debug/pwm.o
 .debug_str       0x0010af         0x8b build/default/debug/outputScale.o
 .debug_str       0x00113a         0x75 build/default/debug/resistanceInput.o
 .debug_str       0x0011af         0x6b build/default/debug/uartSw.o
 .debug_str       0x00121a         0x40 build/default/debug/throughputConsumer.o
 .debug_str       0x00125a         0x9e build/default/debug/matrixKeypad.o
 .debug_str       0x0012f8         0x58 build/default/debug/inputProcess.o
 .debug_str       0x001350         0x4c build/default/debug/pinInputProcessor.o
 .debug_str       0x00139c         0x4f build/default/debug/pulseOnChange.o
 .debug_str       0x0013eb         0x36 build/default/debug/hfServo.o
 .debug_str       0x001421         0x4f build/default/debug/ultrasonicDistance.o
 .debug_str       0x001470         0x41 build/default/debug/liquidCrystal.o
 .debug_str       0x0014b1         0x56 build/default/debug/HSClock.o
 .debug_str       0x001507         0x4e build/default/debug/HSCounter.o
 .debug_str       0x001555         0x98 build/default/debug/PS2Keyboard.o
 .debug_str       0x0015ed         0x2e build/default/debug/i2cController.o
 .debug_str       0x00161b        0x198 build/default/debug/vga.o
 .debug_str       0x0017b3         0xde build/default/debug/main.o
 .debug_str       0x001891        0x32f build/default/debug/protocol.o
 .debug_str       0x001bc0          0x7 build/default/debug/asciiConversion.o
 .debug_str       0x001bc7         0x8d build/default/debug/pinRegisters.o
 .debug_str       0x001c54         0x5e build/default/debug/queue.o

.debug_loc
 *(.debug_loc)

.debug_macinfo
 *(.debug_macinfo)

.debug_pubnames
                  0x000000       0x2b72
 *(.debug_pubnames)
 .debug_pubnames
                  0x000000         0x27 build/default/debug/pic24fj256ga702/mcc_generated_files/clock.o
 .debug_pubnames
                  0x000027        0x129 build/default/debug/pic24fj256ga702/mcc_generated_files/crc.o
 .debug_pubnames
                  0x000150         0x25 build/default/debug/pic24fj256ga702/mcc_generated_files/cvr.o
 .debug_pubnames
                  0x000175        0x2d5 build/default/debug/pic24fj256ga702/mcc_generated_files/dma.o
 .debug_pubnames
                  0x00044a        0x103 build/default/debug/pic24fj256ga702/mcc_generated_files/i2c1.o
 .debug_pubnames
                  0x00054d        0x1d9 build/default/debug/pic24fj256ga702/mcc_generated_files/i2c2.o
 .debug_pubnames
                  0x000726         0x2b build/default/debug/pic24fj256ga702/mcc_generated_files/interrupt_manager.o
 .debug_pubnames
                  0x000751         0x2c build/default/debug/pic24fj256ga702/mcc_generated_files/mcc.o
 .debug_pubnames
                  0x00077d         0x2d build/default/debug/pic24fj256ga702/mcc_generated_files/pin_manager.o
 .debug_pubnames
                  0x0007aa         0x28 build/default/debug/pic24fj256ga702/mcc_generated_files/system.o
 .debug_pubnames
                  0x0007d2        0x15e build/default/debug/pic24fj256ga702/mcc_generated_files/tmr1.o
 .debug_pubnames
                  0x000930        0x17b build/default/debug/pic24fj256ga702/mcc_generated_files/tmr2.o
 .debug_pubnames
                  0x000aab        0x14d build/default/debug/pic24fj256ga702/mcc_generated_files/tmr3.o
 .debug_pubnames
                  0x000bf8         0x7d build/default/debug/pic24fj256ga702/mcc_generated_files/traps.o
 .debug_pubnames
                  0x000c75        0x1d4 build/default/debug/pic24fj256ga702/mcc_generated_files/uart1.o
 .debug_pubnames
                  0x000e49        0x19d build/default/debug/pic24fj256ga702/mcc_generated_files/uart2.o
 .debug_pubnames
                  0x000fe6        0x171 build/default/debug/pic24fj256ga702/mcc_generated_files/adc1.o
 .debug_pubnames
                  0x001157        0x12a build/default/debug/pic24fj256ga702/mcc_generated_files/i2c2Controller.o
 .debug_pubnames
                  0x001281        0x361 build/default/debug/pic24fj256ga702/pinDigitalHwSpecific.o
 .debug_pubnames
                  0x0015e2         0xe5 build/default/debug/pic24fj256ga702/updatePulse.o
 .debug_pubnames
                  0x0016c7        0x31c build/default/debug/timingResource.o
 .debug_pubnames
                  0x0019e3         0x45 build/default/debug/quadEnc.o
 .debug_pubnames
                  0x001a28         0x61 build/default/debug/analogInput.o
 .debug_pubnames
                  0x001a89         0x4e build/default/debug/pulseTimer.o
 .debug_pubnames
                  0x001ad7         0x36 build/default/debug/debounce.o
 .debug_pubnames
                  0x001b0d         0x44 build/default/debug/protectedOutput.o
 .debug_pubnames
                  0x001b51         0x36 build/default/debug/watchdog.o
 .debug_pubnames
                  0x001b87         0xf3 build/default/debug/TM1637.o
 .debug_pubnames
                  0x001c7a         0xdb build/default/debug/ws2812.o
 .debug_pubnames
                  0x001d55         0x69 build/default/debug/touch.o
 .debug_pubnames
                  0x001dbe         0x42 build/default/debug/uartHw.o
 .debug_pubnames
                  0x001e00         0x4a build/default/debug/servo.o
 .debug_pubnames
                  0x001e4a         0x3e build/default/debug/pwm.o
 .debug_pubnames
                  0x001e88         0xa4 build/default/debug/outputScale.o
 .debug_pubnames
                  0x001f2c         0x76 build/default/debug/resistanceInput.o
 .debug_pubnames
                  0x001fa2         0x7a build/default/debug/uartSw.o
 .debug_pubnames
                  0x00201c         0x4a build/default/debug/throughputConsumer.o
 .debug_pubnames
                  0x002066         0x54 build/default/debug/matrixKeypad.o
 .debug_pubnames
                  0x0020ba         0x92 build/default/debug/inputProcess.o
 .debug_pubnames
                  0x00214c         0x63 build/default/debug/pinInputProcessor.o
 .debug_pubnames
                  0x0021af         0x57 build/default/debug/pulseOnChange.o
 .debug_pubnames
                  0x002206         0x34 build/default/debug/hfServo.o
 .debug_pubnames
                  0x00223a         0x66 build/default/debug/ultrasonicDistance.o
 .debug_pubnames
                  0x0022a0         0x78 build/default/debug/liquidCrystal.o
 .debug_pubnames
                  0x002318         0x34 build/default/debug/HSClock.o
 .debug_pubnames
                  0x00234c         0x4b build/default/debug/HSCounter.o
 .debug_pubnames
                  0x002397         0xc5 build/default/debug/PS2Keyboard.o
 .debug_pubnames
                  0x00245c         0x40 build/default/debug/i2cController.o
 .debug_pubnames
                  0x00249c        0x132 build/default/debug/vga.o
 .debug_pubnames
                  0x0025ce         0xea build/default/debug/main.o
 .debug_pubnames
                  0x0026b8        0x29e build/default/debug/protocol.o
 .debug_pubnames
                  0x002956         0x67 build/default/debug/asciiConversion.o
 .debug_pubnames
                  0x0029bd         0xbc build/default/debug/pinRegisters.o
 .debug_pubnames
                  0x002a79         0xf9 build/default/debug/queue.o

.debug_ranges
 *(.debug_ranges)

.debug_aranges    0x000000        0x540
 *(.debug_aranges)
 .debug_aranges
                  0x000000         0x18 build/default/debug/pic24fj256ga702/mcc_generated_files/clock.o
 .debug_aranges
                  0x000018         0x18 build/default/debug/pic24fj256ga702/mcc_generated_files/crc.o
 .debug_aranges
                  0x000030         0x18 build/default/debug/pic24fj256ga702/mcc_generated_files/cvr.o
 .debug_aranges
                  0x000048         0x18 build/default/debug/pic24fj256ga702/mcc_generated_files/dma.o
 .debug_aranges
                  0x000060         0x18 build/default/debug/pic24fj256ga702/mcc_generated_files/i2c1.o
 .debug_aranges
                  0x000078         0x18 build/default/debug/pic24fj256ga702/mcc_generated_files/i2c2.o
 .debug_aranges
                  0x000090         0x18 build/default/debug/pic24fj256ga702/mcc_generated_files/interrupt_manager.o
 .debug_aranges
                  0x0000a8         0x18 build/default/debug/pic24fj256ga702/mcc_generated_files/mcc.o
 .debug_aranges
                  0x0000c0         0x18 build/default/debug/pic24fj256ga702/mcc_generated_files/pin_manager.o
 .debug_aranges
                  0x0000d8         0x18 build/default/debug/pic24fj256ga702/mcc_generated_files/system.o
 .debug_aranges
                  0x0000f0         0x18 build/default/debug/pic24fj256ga702/mcc_generated_files/tmr1.o
 .debug_aranges
                  0x000108         0x18 build/default/debug/pic24fj256ga702/mcc_generated_files/tmr2.o
 .debug_aranges
                  0x000120         0x18 build/default/debug/pic24fj256ga702/mcc_generated_files/tmr3.o
 .debug_aranges
                  0x000138         0x18 build/default/debug/pic24fj256ga702/mcc_generated_files/traps.o
 .debug_aranges
                  0x000150         0x18 build/default/debug/pic24fj256ga702/mcc_generated_files/uart1.o
 .debug_aranges
                  0x000168         0x18 build/default/debug/pic24fj256ga702/mcc_generated_files/uart2.o
 .debug_aranges
                  0x000180         0x18 build/default/debug/pic24fj256ga702/mcc_generated_files/adc1.o
 .debug_aranges
                  0x000198         0x18 build/default/debug/pic24fj256ga702/mcc_generated_files/memory/flash.o
 .debug_aranges
                  0x0001b0         0x18 build/default/debug/pic24fj256ga702/mcc_generated_files/i2c2Controller.o
 .debug_aranges
                  0x0001c8         0x18 build/default/debug/pic24fj256ga702/wombatasm.o
 .debug_aranges
                  0x0001e0         0x18 build/default/debug/pic24fj256ga702/pinDigitalHwSpecific.o
 .debug_aranges
                  0x0001f8         0x18 build/default/debug/pic24fj256ga702/updatePulse.o
 .debug_aranges
                  0x000210         0x18 build/default/debug/timingResource.o
 .debug_aranges
                  0x000228         0x18 build/default/debug/quadEnc.o
 .debug_aranges
                  0x000240         0x18 build/default/debug/analogInput.o
 .debug_aranges
                  0x000258         0x18 build/default/debug/pulseTimer.o
 .debug_aranges
                  0x000270         0x18 build/default/debug/debounce.o
 .debug_aranges
                  0x000288         0x18 build/default/debug/protectedOutput.o
 .debug_aranges
                  0x0002a0         0x18 build/default/debug/watchdog.o
 .debug_aranges
                  0x0002b8         0x18 build/default/debug/TM1637.o
 .debug_aranges
                  0x0002d0         0x18 build/default/debug/ws2812.o
 .debug_aranges
                  0x0002e8         0x18 build/default/debug/touch.o
 .debug_aranges
                  0x000300         0x18 build/default/debug/uartHw.o
 .debug_aranges
                  0x000318         0x18 build/default/debug/servo.o
 .debug_aranges
                  0x000330         0x18 build/default/debug/pwm.o
 .debug_aranges
                  0x000348         0x18 build/default/debug/outputScale.o
 .debug_aranges
                  0x000360         0x18 build/default/debug/resistanceInput.o
 .debug_aranges
                  0x000378         0x18 build/default/debug/uartSw.o
 .debug_aranges
                  0x000390         0x18 build/default/debug/throughputConsumer.o
 .debug_aranges
                  0x0003a8         0x18 build/default/debug/matrixKeypad.o
 .debug_aranges
                  0x0003c0         0x18 build/default/debug/inputProcess.o
 .debug_aranges
                  0x0003d8         0x18 build/default/debug/pinInputProcessor.o
 .debug_aranges
                  0x0003f0         0x18 build/default/debug/pulseOnChange.o
 .debug_aranges
                  0x000408         0x18 build/default/debug/hfServo.o
 .debug_aranges
                  0x000420         0x18 build/default/debug/ultrasonicDistance.o
 .debug_aranges
                  0x000438         0x18 build/default/debug/liquidCrystal.o
 .debug_aranges
                  0x000450         0x18 build/default/debug/HSClock.o
 .debug_aranges
                  0x000468         0x18 build/default/debug/HSCounter.o
 .debug_aranges
                  0x000480         0x18 build/default/debug/PS2Keyboard.o
 .debug_aranges
                  0x000498         0x18 build/default/debug/i2cController.o
 .debug_aranges
                  0x0004b0         0x18 build/default/debug/vga.o
 .debug_aranges
                  0x0004c8         0x18 build/default/debug/main.o
 .debug_aranges
                  0x0004e0         0x18 build/default/debug/protocol.o
 .debug_aranges
                  0x0004f8         0x18 build/default/debug/asciiConversion.o
 .debug_aranges
                  0x000510         0x18 build/default/debug/pinRegisters.o
 .debug_aranges
                  0x000528         0x18 build/default/debug/queue.o

.ivt              0x004004         0xfc
                  0x004004          0x4 LONG 0x4dc8 DEFINED (__OscillatorFail)?ABSOLUTE (__OscillatorFail):ABSOLUTE (__DefaultInterrupt)
                  0x004006          0x4 LONG 0x4e0c DEFINED (__AddressError)?ABSOLUTE (__AddressError):ABSOLUTE (__DefaultInterrupt)
                  0x004008          0x4 LONG 0x4e48 DEFINED (__NVMError)?ABSOLUTE (__NVMError):ABSOLUTE (__DefaultInterrupt)
                  0x00400a          0x4 LONG 0x4de6 DEFINED (__StackError)?ABSOLUTE (__StackError):ABSOLUTE (__DefaultInterrupt)
                  0x00400c          0x4 LONG 0x4e2a DEFINED (__MathError)?ABSOLUTE (__MathError):ABSOLUTE (__DefaultInterrupt)
                  0x00400e          0x4 LONG 0x53da DEFINED (__ReservedTrap5)?ABSOLUTE (__ReservedTrap5):ABSOLUTE (__DefaultInterrupt)
                  0x004010          0x4 LONG 0x53da DEFINED (__GeneralError)?ABSOLUTE (__GeneralError):ABSOLUTE (__DefaultInterrupt)
                  0x004012          0x4 LONG 0x53da DEFINED (__ReservedTrap7)?ABSOLUTE (__ReservedTrap7):ABSOLUTE (__DefaultInterrupt)
                  0x004014          0x4 LONG 0x53da DEFINED (__INT0Interrupt)?ABSOLUTE (__INT0Interrupt):ABSOLUTE (__DefaultInterrupt)
                  0x004016          0x4 LONG 0x53da DEFINED (__IC1Interrupt)?ABSOLUTE (__IC1Interrupt):ABSOLUTE (__DefaultInterrupt)
                  0x004018          0x4 LONG 0x5342 DEFINED (__OC1Interrupt)?ABSOLUTE (__OC1Interrupt):ABSOLUTE (__DefaultInterrupt)
                  0x00401a          0x4 LONG 0x4d9a DEFINED (__T1Interrupt)?ABSOLUTE (__T1Interrupt):ABSOLUTE (__DefaultInterrupt)
                  0x00401c          0x4 LONG 0x490c DEFINED (__DMA0Interrupt)?ABSOLUTE (__DMA0Interrupt):ABSOLUTE (__DefaultInterrupt)
                  0x00401e          0x4 LONG 0x53da DEFINED (__IC2Interrupt)?ABSOLUTE (__IC2Interrupt):ABSOLUTE (__DefaultInterrupt)
                  0x004020          0x4 LONG 0x536c DEFINED (__OC2Interrupt)?ABSOLUTE (__OC2Interrupt):ABSOLUTE (__DefaultInterrupt)
                  0x004022          0x4 LONG 0x4d9e DEFINED (__T2Interrupt)?ABSOLUTE (__T2Interrupt):ABSOLUTE (__DefaultInterrupt)
                  0x004024          0x4 LONG 0x53da DEFINED (__T3Interrupt)?ABSOLUTE (__T3Interrupt):ABSOLUTE (__DefaultInterrupt)
                  0x004026          0x4 LONG 0x53da DEFINED (__SPI1Interrupt)?ABSOLUTE (__SPI1Interrupt):ABSOLUTE (__DefaultInterrupt)
                  0x004028          0x4 LONG 0x53da DEFINED (__SPI1TXInterrupt)?ABSOLUTE (__SPI1TXInterrupt):ABSOLUTE (__DefaultInterrupt)
                  0x00402a          0x4 LONG 0x4ecc DEFINED (__U1RXInterrupt)?ABSOLUTE (__U1RXInterrupt):ABSOLUTE (__DefaultInterrupt)
                  0x00402c          0x4 LONG 0x4e66 DEFINED (__U1TXInterrupt)?ABSOLUTE (__U1TXInterrupt):ABSOLUTE (__DefaultInterrupt)
                  0x00402e          0x4 LONG 0x4ff0 DEFINED (__ADC1Interrupt)?ABSOLUTE (__ADC1Interrupt):ABSOLUTE (__DefaultInterrupt)
                  0x004030          0x4 LONG 0x53da DEFINED (__DMA1Interrupt)?ABSOLUTE (__DMA1Interrupt):ABSOLUTE (__DefaultInterrupt)
                  0x004032          0x4 LONG 0x53da DEFINED (__NVMInterrupt)?ABSOLUTE (__NVMInterrupt):ABSOLUTE (__DefaultInterrupt)
                  0x004034          0x4 LONG 0x53da DEFINED (__SI2C1Interrupt)?ABSOLUTE (__SI2C1Interrupt):ABSOLUTE (__DefaultInterrupt)
                  0x004036          0x4 LONG 0x4928 DEFINED (__MI2C1Interrupt)?ABSOLUTE (__MI2C1Interrupt):ABSOLUTE (__DefaultInterrupt)
                  0x004038          0x4 LONG 0x53da DEFINED (__CompInterrupt)?ABSOLUTE (__CompInterrupt):ABSOLUTE (__DefaultInterrupt)
                  0x00403a          0x4 LONG 0x53da DEFINED (__IOCInterrupt)?ABSOLUTE (__IOCInterrupt):ABSOLUTE (__DefaultInterrupt)
                  0x00403c          0x4 LONG 0x53da DEFINED (__INT1Interrupt)?ABSOLUTE (__INT1Interrupt):ABSOLUTE (__DefaultInterrupt)
                  0x00403e          0x4 LONG 0x53da DEFINED (__Interrupt21)?ABSOLUTE (__Interrupt21):ABSOLUTE (__DefaultInterrupt)
                  0x004040          0x4 LONG 0x53da DEFINED (__Interrupt22)?ABSOLUTE (__Interrupt22):ABSOLUTE (__DefaultInterrupt)
                  0x004042          0x4 LONG 0x53da DEFINED (__Interrupt23)?ABSOLUTE (__Interrupt23):ABSOLUTE (__DefaultInterrupt)
                  0x004044          0x4 LONG 0x53da DEFINED (__DMA2Interrupt)?ABSOLUTE (__DMA2Interrupt):ABSOLUTE (__DefaultInterrupt)
                  0x004046          0x4 LONG 0x5394 DEFINED (__OC3Interrupt)?ABSOLUTE (__OC3Interrupt):ABSOLUTE (__DefaultInterrupt)
                  0x004048          0x4 LONG 0x53da DEFINED (__Interrupt26)?ABSOLUTE (__Interrupt26):ABSOLUTE (__DefaultInterrupt)
                  0x00404a          0x4 LONG 0x53da DEFINED (__Interrupt27)?ABSOLUTE (__Interrupt27):ABSOLUTE (__DefaultInterrupt)
                  0x00404c          0x4 LONG 0x53da DEFINED (__Interrupt28)?ABSOLUTE (__Interrupt28):ABSOLUTE (__DefaultInterrupt)
                  0x00404e          0x4 LONG 0x53da DEFINED (__INT2Interrupt)?ABSOLUTE (__INT2Interrupt):ABSOLUTE (__DefaultInterrupt)
                  0x004050          0x4 LONG 0x4f98 DEFINED (__U2RXInterrupt)?ABSOLUTE (__U2RXInterrupt):ABSOLUTE (__DefaultInterrupt)
                  0x004052          0x4 LONG 0x4f32 DEFINED (__U2TXInterrupt)?ABSOLUTE (__U2TXInterrupt):ABSOLUTE (__DefaultInterrupt)
                  0x004054          0x4 LONG 0x53da DEFINED (__SPI2Interrupt)?ABSOLUTE (__SPI2Interrupt):ABSOLUTE (__DefaultInterrupt)
                  0x004056          0x4 LONG 0x53da DEFINED (__SPI2TXInterrupt)?ABSOLUTE (__SPI2TXInterrupt):ABSOLUTE (__DefaultInterrupt)
                  0x004058          0x4 LONG 0x53da DEFINED (__Interrupt34)?ABSOLUTE (__Interrupt34):ABSOLUTE (__DefaultInterrupt)
                  0x00405a          0x4 LONG 0x53da DEFINED (__Interrupt35)?ABSOLUTE (__Interrupt35):ABSOLUTE (__DefaultInterrupt)
                  0x00405c          0x4 LONG 0x53da DEFINED (__DMA3Interrupt)?ABSOLUTE (__DMA3Interrupt):ABSOLUTE (__DefaultInterrupt)
                  0x00405e          0x4 LONG 0x53da DEFINED (__IC3Interrupt)?ABSOLUTE (__IC3Interrupt):ABSOLUTE (__DefaultInterrupt)
                  0x004060          0x4 LONG 0x53da DEFINED (__Interrupt38)?ABSOLUTE (__Interrupt38):ABSOLUTE (__DefaultInterrupt)
                  0x004062          0x4 LONG 0x53da DEFINED (__Interrupt39)?ABSOLUTE (__Interrupt39):ABSOLUTE (__DefaultInterrupt)
                  0x004064          0x4 LONG 0x53da DEFINED (__Interrupt40)?ABSOLUTE (__Interrupt40):ABSOLUTE (__DefaultInterrupt)
                  0x004066          0x4 LONG 0x53da DEFINED (__OC5Interrupt)?ABSOLUTE (__OC5Interrupt):ABSOLUTE (__DefaultInterrupt)
                  0x004068          0x4 LONG 0x53da DEFINED (__OC6Interrupt)?ABSOLUTE (__OC6Interrupt):ABSOLUTE (__DefaultInterrupt)
                  0x00406a          0x4 LONG 0x5276 DEFINED (__CCT3Interrupt)?ABSOLUTE (__CCT3Interrupt):ABSOLUTE (__DefaultInterrupt)
                  0x00406c          0x4 LONG 0x531a DEFINED (__CCT4Interrupt)?ABSOLUTE (__CCT4Interrupt):ABSOLUTE (__DefaultInterrupt)
                  0x00406e          0x4 LONG 0x53da DEFINED (__PMPInterrupt)?ABSOLUTE (__PMPInterrupt):ABSOLUTE (__DefaultInterrupt)
                  0x004070          0x4 LONG 0x53da DEFINED (__DMA4Interrupt)?ABSOLUTE (__DMA4Interrupt):ABSOLUTE (__DefaultInterrupt)
                  0x004072          0x4 LONG 0x53da DEFINED (__Interrupt47)?ABSOLUTE (__Interrupt47):ABSOLUTE (__DefaultInterrupt)
                  0x004074          0x4 LONG 0x53da DEFINED (__Interrupt48)?ABSOLUTE (__Interrupt48):ABSOLUTE (__DefaultInterrupt)
                  0x004076          0x4 LONG 0x4b42 DEFINED (__SI2C2Interrupt)?ABSOLUTE (__SI2C2Interrupt):ABSOLUTE (__DefaultInterrupt)
                  0x004078          0x4 LONG 0x500c DEFINED (__MI2C2Interrupt)?ABSOLUTE (__MI2C2Interrupt):ABSOLUTE (__DefaultInterrupt)
                  0x00407a          0x4 LONG 0x53da DEFINED (__Interrupt51)?ABSOLUTE (__Interrupt51):ABSOLUTE (__DefaultInterrupt)
                  0x00407c          0x4 LONG 0x53da DEFINED (__Interrupt52)?ABSOLUTE (__Interrupt52):ABSOLUTE (__DefaultInterrupt)
                  0x00407e          0x4 LONG 0x53da DEFINED (__INT3Interrupt)?ABSOLUTE (__INT3Interrupt):ABSOLUTE (__DefaultInterrupt)
                  0x004080          0x4 LONG 0x53da DEFINED (__INT4Interrupt)?ABSOLUTE (__INT4Interrupt):ABSOLUTE (__DefaultInterrupt)
                  0x004082          0x4 LONG 0x53da DEFINED (__Interrupt55)?ABSOLUTE (__Interrupt55):ABSOLUTE (__DefaultInterrupt)
                  0x004084          0x4 LONG 0x53da DEFINED (__Interrupt56)?ABSOLUTE (__Interrupt56):ABSOLUTE (__DefaultInterrupt)
                  0x004086          0x4 LONG 0x53da DEFINED (__Interrupt57)?ABSOLUTE (__Interrupt57):ABSOLUTE (__DefaultInterrupt)
                  0x004088          0x4 LONG 0x53da DEFINED (__SPI1RXInterrupt)?ABSOLUTE (__SPI1RXInterrupt):ABSOLUTE (__DefaultInterrupt)
                  0x00408a          0x4 LONG 0x53da DEFINED (__SPI2RXInterrupt)?ABSOLUTE (__SPI2RXInterrupt):ABSOLUTE (__DefaultInterrupt)
                  0x00408c          0x4 LONG 0x53da DEFINED (__SPI3RXInterrupt)?ABSOLUTE (__SPI3RXInterrupt):ABSOLUTE (__DefaultInterrupt)
                  0x00408e          0x4 LONG 0x53bc DEFINED (__DMA5Interrupt)?ABSOLUTE (__DMA5Interrupt):ABSOLUTE (__DefaultInterrupt)
                  0x004090          0x4 LONG 0x53da DEFINED (__RTCCInterrupt)?ABSOLUTE (__RTCCInterrupt):ABSOLUTE (__DefaultInterrupt)
                  0x004092          0x4 LONG 0x53da DEFINED (__CCP1Interrupt)?ABSOLUTE (__CCP1Interrupt):ABSOLUTE (__DefaultInterrupt)
                  0x004094          0x4 LONG 0x53da DEFINED (__CCP2Interrupt)?ABSOLUTE (__CCP2Interrupt):ABSOLUTE (__DefaultInterrupt)
                  0x004096          0x4 LONG 0x4f28 DEFINED (__U1ErrInterrupt)?ABSOLUTE (__U1ErrInterrupt):ABSOLUTE (__DefaultInterrupt)
                  0x004098          0x4 LONG 0x4fe6 DEFINED (__U2ErrInterrupt)?ABSOLUTE (__U2ErrInterrupt):ABSOLUTE (__DefaultInterrupt)
                  0x00409a          0x4 LONG 0x53da DEFINED (__CRCInterrupt)?ABSOLUTE (__CRCInterrupt):ABSOLUTE (__DefaultInterrupt)
                  0x00409c          0x4 LONG 0x53da DEFINED (__Interrupt68)?ABSOLUTE (__Interrupt68):ABSOLUTE (__DefaultInterrupt)
                  0x00409e          0x4 LONG 0x53da DEFINED (__Interrupt69)?ABSOLUTE (__Interrupt69):ABSOLUTE (__DefaultInterrupt)
                  0x0040a0          0x4 LONG 0x53da DEFINED (__Interrupt70)?ABSOLUTE (__Interrupt70):ABSOLUTE (__DefaultInterrupt)
                  0x0040a2          0x4 LONG 0x53da DEFINED (__Interrupt71)?ABSOLUTE (__Interrupt71):ABSOLUTE (__DefaultInterrupt)
                  0x0040a4          0x4 LONG 0x53da DEFINED (__LVDInterrupt)?ABSOLUTE (__LVDInterrupt):ABSOLUTE (__DefaultInterrupt)
                  0x0040a6          0x4 LONG 0x53da DEFINED (__Interrupt73)?ABSOLUTE (__Interrupt73):ABSOLUTE (__DefaultInterrupt)
                  0x0040a8          0x4 LONG 0x53da DEFINED (__Interrupt74)?ABSOLUTE (__Interrupt74):ABSOLUTE (__DefaultInterrupt)
                  0x0040aa          0x4 LONG 0x53da DEFINED (__Interrupt75)?ABSOLUTE (__Interrupt75):ABSOLUTE (__DefaultInterrupt)
                  0x0040ac          0x4 LONG 0x53da DEFINED (__Interrupt76)?ABSOLUTE (__Interrupt76):ABSOLUTE (__DefaultInterrupt)
                  0x0040ae          0x4 LONG 0x53da DEFINED (__CTMUInterrupt)?ABSOLUTE (__CTMUInterrupt):ABSOLUTE (__DefaultInterrupt)
                  0x0040b0          0x4 LONG 0x53da DEFINED (__Interrupt78)?ABSOLUTE (__Interrupt78):ABSOLUTE (__DefaultInterrupt)
                  0x0040b2          0x4 LONG 0x53da DEFINED (__Interrupt79)?ABSOLUTE (__Interrupt79):ABSOLUTE (__DefaultInterrupt)
                  0x0040b4          0x4 LONG 0x53da DEFINED (__Interrupt80)?ABSOLUTE (__Interrupt80):ABSOLUTE (__DefaultInterrupt)
                  0x0040b6          0x4 LONG 0x53da DEFINED (__Interrupt81)?ABSOLUTE (__Interrupt81):ABSOLUTE (__DefaultInterrupt)
                  0x0040b8          0x4 LONG 0x53da DEFINED (__Interrupt82)?ABSOLUTE (__Interrupt82):ABSOLUTE (__DefaultInterrupt)
                  0x0040ba          0x4 LONG 0x53da DEFINED (__Interrupt83)?ABSOLUTE (__Interrupt83):ABSOLUTE (__DefaultInterrupt)
                  0x0040bc          0x4 LONG 0x53da DEFINED (__I2C1BCInterrupt)?ABSOLUTE (__I2C1BCInterrupt):ABSOLUTE (__DefaultInterrupt)
                  0x0040be          0x4 LONG 0x53da DEFINED (__I2C2BCInterrupt)?ABSOLUTE (__I2C2BCInterrupt):ABSOLUTE (__DefaultInterrupt)
                  0x0040c0          0x4 LONG 0x53da DEFINED (__Interrupt86)?ABSOLUTE (__Interrupt86):ABSOLUTE (__DefaultInterrupt)
                  0x0040c2          0x4 LONG 0x53da DEFINED (__Interrupt87)?ABSOLUTE (__Interrupt87):ABSOLUTE (__DefaultInterrupt)
                  0x0040c4          0x4 LONG 0x53da DEFINED (__Interrupt88)?ABSOLUTE (__Interrupt88):ABSOLUTE (__DefaultInterrupt)
                  0x0040c6          0x4 LONG 0x53da DEFINED (__Interrupt89)?ABSOLUTE (__Interrupt89):ABSOLUTE (__DefaultInterrupt)
                  0x0040c8          0x4 LONG 0x53da DEFINED (__SPI3Interrupt)?ABSOLUTE (__SPI3Interrupt):ABSOLUTE (__DefaultInterrupt)
                  0x0040ca          0x4 LONG 0x53da DEFINED (__SPI3TXInterrupt)?ABSOLUTE (__SPI3TXInterrupt):ABSOLUTE (__DefaultInterrupt)
                  0x0040cc          0x4 LONG 0x53da DEFINED (__Interrupt92)?ABSOLUTE (__Interrupt92):ABSOLUTE (__DefaultInterrupt)
                  0x0040ce          0x4 LONG 0x53da DEFINED (__Interrupt93)?ABSOLUTE (__Interrupt93):ABSOLUTE (__DefaultInterrupt)
                  0x0040d0          0x4 LONG 0x53da DEFINED (__CCP3Interrupt)?ABSOLUTE (__CCP3Interrupt):ABSOLUTE (__DefaultInterrupt)
                  0x0040d2          0x4 LONG 0x53da DEFINED (__CCP4Interrupt)?ABSOLUTE (__CCP4Interrupt):ABSOLUTE (__DefaultInterrupt)
                  0x0040d4          0x4 LONG 0x53da DEFINED (__CLC1Interrupt)?ABSOLUTE (__CLC1Interrupt):ABSOLUTE (__DefaultInterrupt)
                  0x0040d6          0x4 LONG 0x53da DEFINED (__CLC2Interrupt)?ABSOLUTE (__CLC2Interrupt):ABSOLUTE (__DefaultInterrupt)
                  0x0040d8          0x4 LONG 0x53da DEFINED (__Interrupt98)?ABSOLUTE (__Interrupt98):ABSOLUTE (__DefaultInterrupt)
                  0x0040da          0x4 LONG 0x53da DEFINED (__Interrupt99)?ABSOLUTE (__Interrupt99):ABSOLUTE (__DefaultInterrupt)
                  0x0040dc          0x4 LONG 0x53da DEFINED (__Interrupt100)?ABSOLUTE (__Interrupt100):ABSOLUTE (__DefaultInterrupt)
                  0x0040de          0x4 LONG 0x5226 DEFINED (__CCT1Interrupt)?ABSOLUTE (__CCT1Interrupt):ABSOLUTE (__DefaultInterrupt)
                  0x0040e0          0x4 LONG 0x524e DEFINED (__CCT2Interrupt)?ABSOLUTE (__CCT2Interrupt):ABSOLUTE (__DefaultInterrupt)
                  0x0040e2          0x4 LONG 0x53da DEFINED (__Interrupt103)?ABSOLUTE (__Interrupt103):ABSOLUTE (__DefaultInterrupt)
                  0x0040e4          0x4 LONG 0x53da DEFINED (__Interrupt104)?ABSOLUTE (__Interrupt104):ABSOLUTE (__DefaultInterrupt)
                  0x0040e6          0x4 LONG 0x53da DEFINED (__Interrupt105)?ABSOLUTE (__Interrupt105):ABSOLUTE (__DefaultInterrupt)
                  0x0040e8          0x4 LONG 0x53da DEFINED (__FSTInterrupt)?ABSOLUTE (__FSTInterrupt):ABSOLUTE (__DefaultInterrupt)
                  0x0040ea          0x4 LONG 0x53da DEFINED (__Interrupt107)?ABSOLUTE (__Interrupt107):ABSOLUTE (__DefaultInterrupt)
                  0x0040ec          0x4 LONG 0x53da DEFINED (__ECCInterrupt)?ABSOLUTE (__ECCInterrupt):ABSOLUTE (__DefaultInterrupt)
                  0x0040ee          0x4 LONG 0x53da DEFINED (__I2C3BCInterrupt)?ABSOLUTE (__I2C3BCInterrupt):ABSOLUTE (__DefaultInterrupt)
                  0x0040f0          0x4 LONG 0x53da DEFINED (__RTCCTSInterrupt)?ABSOLUTE (__RTCCTSInterrupt):ABSOLUTE (__DefaultInterrupt)
                  0x0040f2          0x4 LONG 0x53da DEFINED (__Interrupt111)?ABSOLUTE (__Interrupt111):ABSOLUTE (__DefaultInterrupt)
                  0x0040f4          0x4 LONG 0x53da DEFINED (__Interrupt112)?ABSOLUTE (__Interrupt112):ABSOLUTE (__DefaultInterrupt)
                  0x0040f6          0x4 LONG 0x53da DEFINED (__Interrupt113)?ABSOLUTE (__Interrupt113):ABSOLUTE (__DefaultInterrupt)
                  0x0040f8          0x4 LONG 0x53da DEFINED (__Interrupt114)?ABSOLUTE (__Interrupt114):ABSOLUTE (__DefaultInterrupt)
                  0x0040fa          0x4 LONG 0x53da DEFINED (__Interrupt115)?ABSOLUTE (__Interrupt115):ABSOLUTE (__DefaultInterrupt)
                  0x0040fc          0x4 LONG 0x53da DEFINED (__Interrupt116)?ABSOLUTE (__Interrupt116):ABSOLUTE (__DefaultInterrupt)
                  0x0040fe          0x4 LONG 0x53da DEFINED (__JTAGInterrupt)?ABSOLUTE (__JTAGInterrupt):ABSOLUTE (__DefaultInterrupt)
                    0x0000                  WREG0 = 0x0
                    0x0000                  _WREG0 = 0x0
                    0x0002                  WREG1 = 0x2
                    0x0002                  _WREG1 = 0x2
                    0x0004                  WREG2 = 0x4
                    0x0004                  _WREG2 = 0x4
                    0x0006                  WREG3 = 0x6
                    0x0006                  _WREG3 = 0x6
                    0x0008                  WREG4 = 0x8
                    0x0008                  _WREG4 = 0x8
                    0x000a                  WREG5 = 0xa
                    0x000a                  _WREG5 = 0xa
                    0x000c                  WREG6 = 0xc
                    0x000c                  _WREG6 = 0xc
                    0x000e                  WREG7 = 0xe
                    0x000e                  _WREG7 = 0xe
                    0x0010                  WREG8 = 0x10
                    0x0010                  _WREG8 = 0x10
                    0x0012                  WREG9 = 0x12
                    0x0012                  _WREG9 = 0x12
                    0x0014                  WREG10 = 0x14
                    0x0014                  _WREG10 = 0x14
                    0x0016                  WREG11 = 0x16
                    0x0016                  _WREG11 = 0x16
                    0x0018                  WREG12 = 0x18
                    0x0018                  _WREG12 = 0x18
                    0x001a                  WREG13 = 0x1a
                    0x001a                  _WREG13 = 0x1a
                    0x001c                  WREG14 = 0x1c
                    0x001c                  _WREG14 = 0x1c
                    0x001e                  WREG15 = 0x1e
                    0x001e                  _WREG15 = 0x1e
                    0x0020                  SPLIM = 0x20
                    0x0020                  _SPLIM = 0x20
                    0x002e                  PCL = 0x2e
                    0x002e                  _PCL = 0x2e
                    0x0030                  PCH = 0x30
                    0x0030                  _PCH = 0x30
                    0x0032                  DSRPAG = 0x32
                    0x0032                  _DSRPAG = 0x32
                    0x0032                  _DSRPAGbits = 0x32
                    0x0034                  DSWPAG = 0x34
                    0x0034                  _DSWPAG = 0x34
                    0x0034                  _DSWPAGbits = 0x34
                    0x0036                  RCOUNT = 0x36
                    0x0036                  _RCOUNT = 0x36
                    0x0042                  SR = 0x42
                    0x0042                  _SR = 0x42
                    0x0042                  _SRbits = 0x42
                    0x0044                  CORCON = 0x44
                    0x0044                  _CORCON = 0x44
                    0x0044                  _CORCONbits = 0x44
                    0x0052                  DISICNT = 0x52
                    0x0052                  _DISICNT = 0x52
                    0x0052                  _DISICNTbits = 0x52
                    0x0054                  TBLPAG = 0x54
                    0x0054                  _TBLPAG = 0x54
                    0x0054                  _TBLPAGbits = 0x54
                    0x0080                  INTCON1 = 0x80
                    0x0080                  _INTCON1 = 0x80
                    0x0080                  _INTCON1bits = 0x80
                    0x0082                  INTCON2 = 0x82
                    0x0082                  _INTCON2 = 0x82
                    0x0082                  _INTCON2bits = 0x82
                    0x0086                  INTCON4 = 0x86
                    0x0086                  _INTCON4 = 0x86
                    0x0086                  _INTCON4bits = 0x86
                    0x0088                  IFS0 = 0x88
                    0x0088                  _IFS0 = 0x88
                    0x0088                  _IFS0bits = 0x88
                    0x008a                  IFS1 = 0x8a
                    0x008a                  _IFS1 = 0x8a
                    0x008a                  _IFS1bits = 0x8a
                    0x008c                  IFS2 = 0x8c
                    0x008c                  _IFS2 = 0x8c
                    0x008c                  _IFS2bits = 0x8c
                    0x008e                  IFS3 = 0x8e
                    0x008e                  _IFS3 = 0x8e
                    0x008e                  _IFS3bits = 0x8e
                    0x0090                  IFS4 = 0x90
                    0x0090                  _IFS4 = 0x90
                    0x0090                  _IFS4bits = 0x90
                    0x0092                  IFS5 = 0x92
                    0x0092                  _IFS5 = 0x92
                    0x0092                  _IFS5bits = 0x92
                    0x0094                  IFS6 = 0x94
                    0x0094                  _IFS6 = 0x94
                    0x0094                  _IFS6bits = 0x94
                    0x0096                  IFS7 = 0x96
                    0x0096                  _IFS7 = 0x96
                    0x0096                  _IFS7bits = 0x96
                    0x0098                  IEC0 = 0x98
                    0x0098                  _IEC0 = 0x98
                    0x0098                  _IEC0bits = 0x98
                    0x009a                  IEC1 = 0x9a
                    0x009a                  _IEC1 = 0x9a
                    0x009a                  _IEC1bits = 0x9a
                    0x009c                  IEC2 = 0x9c
                    0x009c                  _IEC2 = 0x9c
                    0x009c                  _IEC2bits = 0x9c
                    0x009e                  IEC3 = 0x9e
                    0x009e                  _IEC3 = 0x9e
                    0x009e                  _IEC3bits = 0x9e
                    0x00a0                  IEC4 = 0xa0
                    0x00a0                  _IEC4 = 0xa0
                    0x00a0                  _IEC4bits = 0xa0
                    0x00a2                  IEC5 = 0xa2
                    0x00a2                  _IEC5 = 0xa2
                    0x00a2                  _IEC5bits = 0xa2
                    0x00a4                  IEC6 = 0xa4
                    0x00a4                  _IEC6 = 0xa4
                    0x00a4                  _IEC6bits = 0xa4
                    0x00a6                  IEC7 = 0xa6
                    0x00a6                  _IEC7 = 0xa6
                    0x00a6                  _IEC7bits = 0xa6
                    0x00a8                  IPC0 = 0xa8
                    0x00a8                  _IPC0 = 0xa8
                    0x00a8                  _IPC0bits = 0xa8
                    0x00aa                  IPC1 = 0xaa
                    0x00aa                  _IPC1 = 0xaa
                    0x00aa                  _IPC1bits = 0xaa
                    0x00ac                  IPC2 = 0xac
                    0x00ac                  _IPC2 = 0xac
                    0x00ac                  _IPC2bits = 0xac
                    0x00ae                  IPC3 = 0xae
                    0x00ae                  _IPC3 = 0xae
                    0x00ae                  _IPC3bits = 0xae
                    0x00b0                  IPC4 = 0xb0
                    0x00b0                  _IPC4 = 0xb0
                    0x00b0                  _IPC4bits = 0xb0
                    0x00b2                  IPC5 = 0xb2
                    0x00b2                  _IPC5 = 0xb2
                    0x00b2                  _IPC5bits = 0xb2
                    0x00b4                  IPC6 = 0xb4
                    0x00b4                  _IPC6 = 0xb4
                    0x00b4                  _IPC6bits = 0xb4
                    0x00b6                  IPC7 = 0xb6
                    0x00b6                  _IPC7 = 0xb6
                    0x00b6                  _IPC7bits = 0xb6
                    0x00b8                  IPC8 = 0xb8
                    0x00b8                  _IPC8 = 0xb8
                    0x00b8                  _IPC8bits = 0xb8
                    0x00ba                  IPC9 = 0xba
                    0x00ba                  _IPC9 = 0xba
                    0x00ba                  _IPC9bits = 0xba
                    0x00bc                  IPC10 = 0xbc
                    0x00bc                  _IPC10 = 0xbc
                    0x00bc                  _IPC10bits = 0xbc
                    0x00be                  IPC11 = 0xbe
                    0x00be                  _IPC11 = 0xbe
                    0x00be                  _IPC11bits = 0xbe
                    0x00c0                  IPC12 = 0xc0
                    0x00c0                  _IPC12 = 0xc0
                    0x00c0                  _IPC12bits = 0xc0
                    0x00c2                  IPC13 = 0xc2
                    0x00c2                  _IPC13 = 0xc2
                    0x00c2                  _IPC13bits = 0xc2
                    0x00c4                  IPC14 = 0xc4
                    0x00c4                  _IPC14 = 0xc4
                    0x00c4                  _IPC14bits = 0xc4
                    0x00c6                  IPC15 = 0xc6
                    0x00c6                  _IPC15 = 0xc6
                    0x00c6                  _IPC15bits = 0xc6
                    0x00c8                  IPC16 = 0xc8
                    0x00c8                  _IPC16 = 0xc8
                    0x00c8                  _IPC16bits = 0xc8
                    0x00ca                  IPC17 = 0xca
                    0x00ca                  _IPC17 = 0xca
                    0x00ca                  _IPC17bits = 0xca
                    0x00cc                  IPC18 = 0xcc
                    0x00cc                  _IPC18 = 0xcc
                    0x00cc                  _IPC18bits = 0xcc
                    0x00ce                  IPC19 = 0xce
                    0x00ce                  _IPC19 = 0xce
                    0x00ce                  _IPC19bits = 0xce
                    0x00d0                  IPC20 = 0xd0
                    0x00d0                  _IPC20 = 0xd0
                    0x00d0                  _IPC20bits = 0xd0
                    0x00d2                  IPC21 = 0xd2
                    0x00d2                  _IPC21 = 0xd2
                    0x00d2                  _IPC21bits = 0xd2
                    0x00d4                  IPC22 = 0xd4
                    0x00d4                  _IPC22 = 0xd4
                    0x00d4                  _IPC22bits = 0xd4
                    0x00d6                  IPC23 = 0xd6
                    0x00d6                  _IPC23 = 0xd6
                    0x00d6                  _IPC23bits = 0xd6
                    0x00d8                  IPC24 = 0xd8
                    0x00d8                  _IPC24 = 0xd8
                    0x00d8                  _IPC24bits = 0xd8
                    0x00da                  IPC25 = 0xda
                    0x00da                  _IPC25 = 0xda
                    0x00da                  _IPC25bits = 0xda
                    0x00dc                  IPC26 = 0xdc
                    0x00dc                  _IPC26 = 0xdc
                    0x00dc                  _IPC26bits = 0xdc
                    0x00de                  IPC27 = 0xde
                    0x00de                  _IPC27 = 0xde
                    0x00de                  _IPC27bits = 0xde
                    0x00e0                  IPC28 = 0xe0
                    0x00e0                  _IPC28 = 0xe0
                    0x00e0                  _IPC28bits = 0xe0
                    0x00e2                  IPC29 = 0xe2
                    0x00e2                  _IPC29 = 0xe2
                    0x00e2                  _IPC29bits = 0xe2
                    0x00e4                  INTTREG = 0xe4
                    0x00e4                  _INTTREG = 0xe4
                    0x00e4                  _INTTREGbits = 0xe4
                    0x0100                  OSCCON = 0x100
                    0x0100                  _OSCCON = 0x100
                    0x0100                  _OSCCONbits = 0x100
                    0x0100                  OSCCONL = 0x100
                    0x0100                  _OSCCONL = 0x100
                    0x0101                  OSCCONH = 0x101
                    0x0101                  _OSCCONH = 0x101
                    0x0102                  CLKDIV = 0x102
                    0x0102                  _CLKDIV = 0x102
                    0x0102                  _CLKDIVbits = 0x102
                    0x0106                  OSCTUN = 0x106
                    0x0106                  _OSCTUN = 0x106
                    0x0106                  _OSCTUNbits = 0x106
                    0x0108                  DCOTUN = 0x108
                    0x0108                  _DCOTUN = 0x108
                    0x0108                  _DCOTUNbits = 0x108
                    0x010a                  DCOCON = 0x10a
                    0x010a                  _DCOCON = 0x10a
                    0x010a                  _DCOCONbits = 0x10a
                    0x010c                  OSCDIV = 0x10c
                    0x010c                  _OSCDIV = 0x10c
                    0x010c                  _OSCDIVbits = 0x10c
                    0x010e                  OSCFDIV = 0x10e
                    0x010e                  _OSCFDIV = 0x10e
                    0x010e                  _OSCFDIVbits = 0x10e
                    0x0110                  RCON = 0x110
                    0x0110                  _RCON = 0x110
                    0x0110                  _RCONbits = 0x110
                    0x0114                  HLVDCON = 0x114
                    0x0114                  _HLVDCON = 0x114
                    0x0114                  _HLVDCONbits = 0x114
                    0x0158                  CRCCON1 = 0x158
                    0x0158                  _CRCCON1 = 0x158
                    0x0158                  _CRCCON1bits = 0x158
                    0x015a                  CRCCON2 = 0x15a
                    0x015a                  _CRCCON2 = 0x15a
                    0x015a                  _CRCCON2bits = 0x15a
                    0x015c                  CRCXORL = 0x15c
                    0x015c                  _CRCXORL = 0x15c
                    0x015c                  _CRCXORLbits = 0x15c
                    0x015e                  CRCXORH = 0x15e
                    0x015e                  _CRCXORH = 0x15e
                    0x015e                  _CRCXORHbits = 0x15e
                    0x0160                  CRCDAT = 0x160
                    0x0160                  _CRCDAT = 0x160
                    0x0160                  CRCDATL = 0x160
                    0x0160                  _CRCDATL = 0x160
                    0x0162                  CRCDATH = 0x162
                    0x0162                  _CRCDATH = 0x162
                    0x0164                  CRCWDAT = 0x164
                    0x0164                  _CRCWDAT = 0x164
                    0x0164                  CRCWDATL = 0x164
                    0x0164                  _CRCWDATL = 0x164
                    0x0166                  CRCWDATH = 0x166
                    0x0166                  _CRCWDATH = 0x166
                    0x0168                  REFOCON1 = 0x168
                    0x0168                  _REFOCON1 = 0x168
                    0x0168                  _REFOCON1bits = 0x168
                    0x0168                  REFOCONL = 0x168
                    0x0168                  _REFOCONL = 0x168
                    0x0168                  _REFOCONLbits = 0x168
                    0x016a                  REFOCON2 = 0x16a
                    0x016a                  _REFOCON2 = 0x16a
                    0x016a                  _REFOCON2bits = 0x16a
                    0x016a                  REFOCONH = 0x16a
                    0x016a                  _REFOCONH = 0x16a
                    0x016a                  _REFOCONHbits = 0x16a
                    0x0178                  PMD1 = 0x178
                    0x0178                  _PMD1 = 0x178
                    0x0178                  _PMD1bits = 0x178
                    0x017a                  PMD2 = 0x17a
                    0x017a                  _PMD2 = 0x17a
                    0x017a                  _PMD2bits = 0x17a
                    0x017c                  PMD3 = 0x17c
                    0x017c                  _PMD3 = 0x17c
                    0x017c                  _PMD3bits = 0x17c
                    0x017e                  PMD4 = 0x17e
                    0x017e                  _PMD4 = 0x17e
                    0x017e                  _PMD4bits = 0x17e
                    0x0180                  PMD5 = 0x180
                    0x0180                  _PMD5 = 0x180
                    0x0180                  _PMD5bits = 0x180
                    0x0182                  PMD6 = 0x182
                    0x0182                  _PMD6 = 0x182
                    0x0182                  _PMD6bits = 0x182
                    0x0184                  PMD7 = 0x184
                    0x0184                  _PMD7 = 0x184
                    0x0184                  _PMD7bits = 0x184
                    0x0186                  PMD8 = 0x186
                    0x0186                  _PMD8 = 0x186
                    0x0186                  _PMD8bits = 0x186
                    0x0190                  TMR1 = 0x190
                    0x0190                  _TMR1 = 0x190
                    0x0192                  PR1 = 0x192
                    0x0192                  _PR1 = 0x192
                    0x0194                  T1CON = 0x194
                    0x0194                  _T1CON = 0x194
                    0x0194                  _T1CONbits = 0x194
                    0x0196                  TMR2 = 0x196
                    0x0196                  _TMR2 = 0x196
                    0x0198                  TMR3HLD = 0x198
                    0x0198                  _TMR3HLD = 0x198
                    0x019a                  TMR3 = 0x19a
                    0x019a                  _TMR3 = 0x19a
                    0x019c                  PR2 = 0x19c
                    0x019c                  _PR2 = 0x19c
                    0x019e                  PR3 = 0x19e
                    0x019e                  _PR3 = 0x19e
                    0x01a0                  T2CON = 0x1a0
                    0x01a0                  _T2CON = 0x1a0
                    0x01a0                  _T2CONbits = 0x1a0
                    0x01a2                  T3CON = 0x1a2
                    0x01a2                  _T3CON = 0x1a2
                    0x01a2                  _T3CONbits = 0x1a2
                    0x01c0                  CTMUCON1L = 0x1c0
                    0x01c0                  _CTMUCON1L = 0x1c0
                    0x01c0                  _CTMUCON1Lbits = 0x1c0
                    0x01c2                  CTMUCON1H = 0x1c2
                    0x01c2                  _CTMUCON1H = 0x1c2
                    0x01c2                  _CTMUCON1Hbits = 0x1c2
                    0x01c4                  CTMUCON2L = 0x1c4
                    0x01c4                  _CTMUCON2L = 0x1c4
                    0x01c4                  _CTMUCON2Lbits = 0x1c4
                    0x01cc                  RTCCON1L = 0x1cc
                    0x01cc                  _RTCCON1L = 0x1cc
                    0x01cc                  _RTCCON1Lbits = 0x1cc
                    0x01ce                  RTCCON1H = 0x1ce
                    0x01ce                  _RTCCON1H = 0x1ce
                    0x01ce                  _RTCCON1Hbits = 0x1ce
                    0x01d0                  RTCCON2L = 0x1d0
                    0x01d0                  _RTCCON2L = 0x1d0
                    0x01d0                  _RTCCON2Lbits = 0x1d0
                    0x01d2                  RTCCON2H = 0x1d2
                    0x01d2                  _RTCCON2H = 0x1d2
                    0x01d4                  RTCCON3L = 0x1d4
                    0x01d4                  _RTCCON3L = 0x1d4
                    0x01d4                  _RTCCON3Lbits = 0x1d4
                    0x01d8                  RTCSTATL = 0x1d8
                    0x01d8                  _RTCSTATL = 0x1d8
                    0x01d8                  _RTCSTATLbits = 0x1d8
                    0x01dc                  TIMEL = 0x1dc
                    0x01dc                  _TIMEL = 0x1dc
                    0x01dc                  _TIMELbits = 0x1dc
                    0x01de                  TIMEH = 0x1de
                    0x01de                  _TIMEH = 0x1de
                    0x01de                  _TIMEHbits = 0x1de
                    0x01e0                  DATEL = 0x1e0
                    0x01e0                  _DATEL = 0x1e0
                    0x01e0                  _DATELbits = 0x1e0
                    0x01e2                  DATEH = 0x1e2
                    0x01e2                  _DATEH = 0x1e2
                    0x01e2                  _DATEHbits = 0x1e2
                    0x01e4                  ALMTIMEL = 0x1e4
                    0x01e4                  _ALMTIMEL = 0x1e4
                    0x01e4                  _ALMTIMELbits = 0x1e4
                    0x01e6                  ALMTIMEH = 0x1e6
                    0x01e6                  _ALMTIMEH = 0x1e6
                    0x01e6                  _ALMTIMEHbits = 0x1e6
                    0x01e8                  ALMDATEL = 0x1e8
                    0x01e8                  _ALMDATEL = 0x1e8
                    0x01e8                  _ALMDATELbits = 0x1e8
                    0x01ea                  ALMDATEH = 0x1ea
                    0x01ea                  _ALMDATEH = 0x1ea
                    0x01ea                  _ALMDATEHbits = 0x1ea
                    0x01ec                  TSATIMEL = 0x1ec
                    0x01ec                  _TSATIMEL = 0x1ec
                    0x01ec                  _TSATIMELbits = 0x1ec
                    0x01ee                  TSATIMEH = 0x1ee
                    0x01ee                  _TSATIMEH = 0x1ee
                    0x01ee                  _TSATIMEHbits = 0x1ee
                    0x01f0                  TSADATEL = 0x1f0
                    0x01f0                  _TSADATEL = 0x1f0
                    0x01f0                  _TSADATELbits = 0x1f0
                    0x01f2                  TSADATEH = 0x1f2
                    0x01f2                  _TSADATEH = 0x1f2
                    0x01f2                  _TSADATEHbits = 0x1f2
                    0x0200                  IC1CON1 = 0x200
                    0x0200                  _IC1CON1 = 0x200
                    0x0200                  _IC1CON1bits = 0x200
                    0x0202                  IC1CON2 = 0x202
                    0x0202                  _IC1CON2 = 0x202
                    0x0202                  _IC1CON2bits = 0x202
                    0x0204                  IC1BUF = 0x204
                    0x0204                  _IC1BUF = 0x204
                    0x0206                  IC1TMR = 0x206
                    0x0206                  _IC1TMR = 0x206
                    0x0208                  IC2CON1 = 0x208
                    0x0208                  _IC2CON1 = 0x208
                    0x0208                  _IC2CON1bits = 0x208
                    0x020a                  IC2CON2 = 0x20a
                    0x020a                  _IC2CON2 = 0x20a
                    0x020a                  _IC2CON2bits = 0x20a
                    0x020c                  IC2BUF = 0x20c
                    0x020c                  _IC2BUF = 0x20c
                    0x020e                  IC2TMR = 0x20e
                    0x020e                  _IC2TMR = 0x20e
                    0x0210                  IC3CON1 = 0x210
                    0x0210                  _IC3CON1 = 0x210
                    0x0210                  _IC3CON1bits = 0x210
                    0x0212                  IC3CON2 = 0x212
                    0x0212                  _IC3CON2 = 0x212
                    0x0212                  _IC3CON2bits = 0x212
                    0x0214                  IC3BUF = 0x214
                    0x0214                  _IC3BUF = 0x214
                    0x0216                  IC3TMR = 0x216
                    0x0216                  _IC3TMR = 0x216
                    0x0230                  OC1CON1 = 0x230
                    0x0230                  _OC1CON1 = 0x230
                    0x0230                  _OC1CON1bits = 0x230
                    0x0232                  OC1CON2 = 0x232
                    0x0232                  _OC1CON2 = 0x232
                    0x0232                  _OC1CON2bits = 0x232
                    0x0234                  OC1RS = 0x234
                    0x0234                  _OC1RS = 0x234
                    0x0236                  OC1R = 0x236
                    0x0236                  _OC1R = 0x236
                    0x0238                  OC1TMR = 0x238
                    0x0238                  _OC1TMR = 0x238
                    0x023a                  OC2CON1 = 0x23a
                    0x023a                  _OC2CON1 = 0x23a
                    0x023a                  _OC2CON1bits = 0x23a
                    0x023c                  OC2CON2 = 0x23c
                    0x023c                  _OC2CON2 = 0x23c
                    0x023c                  _OC2CON2bits = 0x23c
                    0x023e                  OC2RS = 0x23e
                    0x023e                  _OC2RS = 0x23e
                    0x0240                  OC2R = 0x240
                    0x0240                  _OC2R = 0x240
                    0x0242                  OC2TMR = 0x242
                    0x0242                  _OC2TMR = 0x242
                    0x0244                  OC3CON1 = 0x244
                    0x0244                  _OC3CON1 = 0x244
                    0x0244                  _OC3CON1bits = 0x244
                    0x0246                  OC3CON2 = 0x246
                    0x0246                  _OC3CON2 = 0x246
                    0x0246                  _OC3CON2bits = 0x246
                    0x0248                  OC3RS = 0x248
                    0x0248                  _OC3RS = 0x248
                    0x024a                  OC3R = 0x24a
                    0x024a                  _OC3R = 0x24a
                    0x024c                  OC3TMR = 0x24c
                    0x024c                  _OC3TMR = 0x24c
                    0x026c                  CCP1CON1L = 0x26c
                    0x026c                  _CCP1CON1L = 0x26c
                    0x026c                  _CCP1CON1Lbits = 0x26c
                    0x026e                  CCP1CON1H = 0x26e
                    0x026e                  _CCP1CON1H = 0x26e
                    0x026e                  _CCP1CON1Hbits = 0x26e
                    0x0270                  CCP1CON2L = 0x270
                    0x0270                  _CCP1CON2L = 0x270
                    0x0270                  _CCP1CON2Lbits = 0x270
                    0x0272                  CCP1CON2H = 0x272
                    0x0272                  _CCP1CON2H = 0x272
                    0x0272                  _CCP1CON2Hbits = 0x272
                    0x0274                  CCP1CON3L = 0x274
                    0x0274                  _CCP1CON3L = 0x274
                    0x0274                  _CCP1CON3Lbits = 0x274
                    0x0276                  CCP1CON3H = 0x276
                    0x0276                  _CCP1CON3H = 0x276
                    0x0276                  _CCP1CON3Hbits = 0x276
                    0x0278                  CCP1STAT = 0x278
                    0x0278                  _CCP1STAT = 0x278
                    0x0278                  _CCP1STATbits = 0x278
                    0x0278                  CCP1STATL = 0x278
                    0x0278                  _CCP1STATL = 0x278
                    0x0278                  _CCP1STATLbits = 0x278
                    0x027a                  CCP1STATH = 0x27a
                    0x027a                  _CCP1STATH = 0x27a
                    0x027a                  _CCP1STATHbits = 0x27a
                    0x027c                  CCP1TMRL = 0x27c
                    0x027c                  _CCP1TMRL = 0x27c
                    0x027e                  CCP1TMRH = 0x27e
                    0x027e                  _CCP1TMRH = 0x27e
                    0x0280                  CCP1PRL = 0x280
                    0x0280                  _CCP1PRL = 0x280
                    0x0282                  CCP1PRH = 0x282
                    0x0282                  _CCP1PRH = 0x282
                    0x0284                  CCP1RA = 0x284
                    0x0284                  _CCP1RA = 0x284
                    0x0284                  CCP1RAL = 0x284
                    0x0284                  _CCP1RAL = 0x284
                    0x0286                  CCP1RAH = 0x286
                    0x0286                  _CCP1RAH = 0x286
                    0x0288                  CCP1RB = 0x288
                    0x0288                  _CCP1RB = 0x288
                    0x0288                  CCP1RBL = 0x288
                    0x0288                  _CCP1RBL = 0x288
                    0x028a                  CCP1RBH = 0x28a
                    0x028a                  _CCP1RBH = 0x28a
                    0x028c                  CCP1BUFL = 0x28c
                    0x028c                  _CCP1BUFL = 0x28c
                    0x028e                  CCP1BUFH = 0x28e
                    0x028e                  _CCP1BUFH = 0x28e
                    0x0290                  CCP2CON1L = 0x290
                    0x0290                  _CCP2CON1L = 0x290
                    0x0290                  _CCP2CON1Lbits = 0x290
                    0x0292                  CCP2CON1H = 0x292
                    0x0292                  _CCP2CON1H = 0x292
                    0x0292                  _CCP2CON1Hbits = 0x292
                    0x0294                  CCP2CON2L = 0x294
                    0x0294                  _CCP2CON2L = 0x294
                    0x0294                  _CCP2CON2Lbits = 0x294
                    0x0296                  CCP2CON2H = 0x296
                    0x0296                  _CCP2CON2H = 0x296