Microchip Technology Inc, v1.70 (B)

Tool Name:
  c:\program files\microchip\xc16\v1.70\bin\bin\..\bin/elf-ld.exe

Command:
  -TC:\\Users\\JAB\\AppData\\Local\\Temp\\tmp0000833c.00 \
  -TC:\\Users\\JAB\\AppData\\Local\\Temp\\tmp0000833c.01 \
  -TC:\\Users\\JAB\\AppData\\Local\\Temp\\tmp0000833c.02 \
  -TC:\\Users\\JAB\\AppData\\Local\\Temp\\tmp0000833c.03 \
  -TC:\\Users\\JAB\\AppData\\Local\\Temp\\tmp0000833c.04 \
  -TC:\\Users\\JAB\\AppData\\Local\\Temp\\tmp0000833c.05 \
  -TC:\\Users\\JAB\\AppData\\Local\\Temp\\tmp0000833c.06 \
  -p24FJ256GA702 \
  --mdfp=C:/Program Files/Microchip/MPLABX/v5.45/packs/Microchip/PIC24F-GA-GB_DFP/1.4.141/xc16 \
  -o \
  dist/default/debug/SerialWombat18A_18B.X.debug.elf \
  -Lc:/program files/microchip/xc16/v1.70/bin/bin/.. \
  -LC:/Program Files/Microchip/MPLABX/v5.45/packs/Microchip/PIC24F-GA-GB_DFP/1.4.141/xc16/bin/../support/PIC24F/gld \
  -Lc:/program files/microchip/xc16/v1.70/bin/bin/../../lib \
  -Lc:/program files/microchip/xc16/v1.70/bin/bin/../../support/PIC24E/gld \
  -Lc:/program files/microchip/xc16/v1.70/bin/bin/../../support/PIC24F/gld \
  -Lc:/program files/microchip/xc16/v1.70/bin/bin/../../support/PIC24H/gld \
  -Lc:/program files/microchip/xc16/v1.70/bin/bin/../../support/dsPIC30F/gld \
  -Lc:/program files/microchip/xc16/v1.70/bin/bin/../../support/dsPIC33C/gld \
  -Lc:/program files/microchip/xc16/v1.70/bin/bin/../../support/dsPIC33E/gld \
  -Lc:/program files/microchip/xc16/v1.70/bin/bin/../../support/dsPIC33F/gld \
  build/default/debug/pic24fj256ga702/mcc_generated_files/clock.o \
  build/default/debug/pic24fj256ga702/mcc_generated_files/crc.o \
  build/default/debug/pic24fj256ga702/mcc_generated_files/cvr.o \
  build/default/debug/pic24fj256ga702/mcc_generated_files/dma.o \
  build/default/debug/pic24fj256ga702/mcc_generated_files/i2c1.o \
  build/default/debug/pic24fj256ga702/mcc_generated_files/i2c2.o \
  build/default/debug/pic24fj256ga702/mcc_generated_files/interrupt_manager.o \
  build/default/debug/pic24fj256ga702/mcc_generated_files/mcc.o \
  build/default/debug/pic24fj256ga702/mcc_generated_files/pin_manager.o \
  build/default/debug/pic24fj256ga702/mcc_generated_files/system.o \
  build/default/debug/pic24fj256ga702/mcc_generated_files/tmr1.o \
  build/default/debug/pic24fj256ga702/mcc_generated_files/tmr2.o \
  build/default/debug/pic24fj256ga702/mcc_generated_files/tmr3.o \
  build/default/debug/pic24fj256ga702/mcc_generated_files/traps.o \
  build/default/debug/pic24fj256ga702/mcc_generated_files/uart1.o \
  build/default/debug/pic24fj256ga702/mcc_generated_files/uart2.o \
  build/default/debug/pic24fj256ga702/mcc_generated_files/adc1.o \
  build/default/debug/pic24fj256ga702/mcc_generated_files/memory/flash.o \
  build/default/debug/pic24fj256ga702/wombatasm.o \
  build/default/debug/pic24fj256ga702/pinDigitalHwSpecific.o \
  build/default/debug/pic24fj256ga702/updatePulse.o \
  build/default/debug/quadEnc.o \
  build/default/debug/analogInput.o \
  build/default/debug/pulseOutput.o \
  build/default/debug/pulseTimer.o \
  build/default/debug/debounce.o \
  build/default/debug/protectedOutput.o \
  build/default/debug/watchdog.o \
  build/default/debug/TM1637.o \
  build/default/debug/main.o \
  build/default/debug/protocol.o \
  build/default/debug/asciiConversion.o \
  build/default/debug/pinRegisters.o \
  build/default/debug/queue.o \
  build/default/debug/ws2812.o \
  build/default/debug/touch.o \
  --local-stack \
  --defsym=__MPLAB_BUILD=1 \
  --defsym=__MPLAB_DEBUG=1 \
  --defsym=__DEBUG=1 \
  -Tp24FJ256GA702_app.gld.07 \
  --stack=16 \
  --check-sections \
  --data-init \
  --pack-data \
  --handles \
  --isr \
  --no-gc-sections \
  --fill-upper=0 \
  --stackguard=16 \
  --no-ivt \
  --no-force-link \
  --smart-io \
  -Map=dist/default/debug/SerialWombat18A_18B.X.debug.map \
  --report-mem \
  --memorysummary \
  dist/default/debug/memoryfile.xml \
  -start-group \
  --library=lega-pic30-elf \
  --library=m-elf \
  --library=lega-c-elf \
  -end-group \


Optional library libpPIC24Fxxx.a not found
Archive member included because of file (symbol)

c:/program files/microchip/xc16/v1.70/bin/bin/../../lib\liblega-pic30-elf.a(crt0_extended24.o)
                              (__resetPRI)
c:/program files/microchip/xc16/v1.70/bin/bin/../../lib\liblega-pic30-elf.a(data_init_24.o)
                              c:/program files/microchip/xc16/v1.70/bin/bin/../../lib\liblega-pic30-elf.a(crt0_extended24.o) (__data_init_da)
c:/program files/microchip/xc16/v1.70/bin/bin/../../lib\liblega-pic30-elf.a(crt_start_mode_normalda.Leo)
                              (__crt_start_mode_normal)
c:/program files/microchip/xc16/v1.70/bin/bin/../../lib\libm-elf.a(divsi3.daeo)
                              build/default/debug/pic24fj256ga702/mcc_generated_files/adc1.o (___divsi3)
c:/program files/microchip/xc16/v1.70/bin/bin/../../lib\libm-elf.a(fixunssfsi.daeo)
                              build/default/debug/pulseTimer.o (___fixunssfsi)
[...]
Memory Configuration

Name             Origin             Length             Attributes
data             0x000800           0x004000           a !xr
reset            0x004000           0x000004  
ivtjon           0x004004           0x0000fc  
program          0x004100           0x01bb00           xr
userSpace        0x020000           0x00a000           xr
FSEC             0x02af00           0x000002  
FBSLIM           0x02af10           0x000002  
FSIGN            0x02af14           0x000002  
FOSCSEL          0x02af18           0x000002  
FOSC             0x02af1c           0x000002  
FWDT             0x02af20           0x000002  
FPOR             0x02af24           0x000002  
FICD             0x02af28           0x000002  
FDEVOPT1         0x02af2c           0x000002  
*default*        0x000000           0xffffffff  

Linker script and memory map


reserve_data_0x800
                    0x0800         0x1c
                    0x081c                  . = 0x1c
 *fill*             0x0800         0x1c00

reserve_data_0x81c
                    0x081c          0x2
                    0x081e                  . = 0x2
 *fill*             0x081c          0x200

reserve_data_0x81e
                    0x081e          0x2
                    0x0820                  . = 0x2
 *fill*             0x081e          0x200

reserve_data_0x820
                    0x0820          0x2
                    0x0822                  . = 0x2
 *fill*             0x0820          0x200

reserve_data_0x822
                    0x0822          0x2
                    0x0824                  . = 0x2
 *fill*             0x0822          0x200

reserve_data_0x824
                    0x0824          0x4
                    0x0828                  . = 0x4
 *fill*             0x0824          0x400

reserve_data_0x82a
                    0x082a         0x26
                    0x0850                  . = 0x26
 *fill*             0x082a         0x2600
LOAD build/default/debug/pic24fj256ga702/mcc_generated_files/clock.o
LOAD build/default/debug/pic24fj256ga702/mcc_generated_files/crc.o
LOAD build/default/debug/pic24fj256ga702/mcc_generated_files/cvr.o
LOAD build/default/debug/pic24fj256ga702/mcc_generated_files/dma.o
LOAD build/default/debug/pic24fj256ga702/mcc_generated_files/i2c1.o
LOAD build/default/debug/pic24fj256ga702/mcc_generated_files/i2c2.o
LOAD build/default/debug/pic24fj256ga702/mcc_generated_files/interrupt_manager.o
LOAD build/default/debug/pic24fj256ga702/mcc_generated_files/mcc.o
LOAD build/default/debug/pic24fj256ga702/mcc_generated_files/pin_manager.o
LOAD build/default/debug/pic24fj256ga702/mcc_generated_files/system.o
LOAD build/default/debug/pic24fj256ga702/mcc_generated_files/tmr1.o
LOAD build/default/debug/pic24fj256ga702/mcc_generated_files/tmr2.o
LOAD build/default/debug/pic24fj256ga702/mcc_generated_files/tmr3.o
LOAD build/default/debug/pic24fj256ga702/mcc_generated_files/traps.o
LOAD build/default/debug/pic24fj256ga702/mcc_generated_files/uart1.o
LOAD build/default/debug/pic24fj256ga702/mcc_generated_files/uart2.o
LOAD build/default/debug/pic24fj256ga702/mcc_generated_files/adc1.o
LOAD build/default/debug/pic24fj256ga702/mcc_generated_files/memory/flash.o
LOAD build/default/debug/pic24fj256ga702/wombatasm.o
LOAD build/default/debug/pic24fj256ga702/pinDigitalHwSpecific.o
LOAD build/default/debug/pic24fj256ga702/updatePulse.o
LOAD build/default/debug/quadEnc.o
LOAD build/default/debug/analogInput.o
LOAD build/default/debug/pulseOutput.o
LOAD build/default/debug/pulseTimer.o
LOAD build/default/debug/debounce.o
LOAD build/default/debug/protectedOutput.o
LOAD build/default/debug/watchdog.o
LOAD build/default/debug/TM1637.o
LOAD build/default/debug/main.o
LOAD build/default/debug/protocol.o
LOAD build/default/debug/asciiConversion.o
LOAD build/default/debug/pinRegisters.o
LOAD build/default/debug/queue.o
LOAD build/default/debug/ws2812.o
LOAD build/default/debug/touch.o
                    0x0001                  __MPLAB_BUILD = 0x1
                    0x0001                  __MPLAB_DEBUG = 0x1
                    0x0001                  __DEBUG = 0x1
LOAD pPIC24Fxxx
LOAD c:/program files/microchip/xc16/v1.70/bin/bin/../../lib\libfx-elf.a
                    0x2af00                  __FSEC = 0x2af00
                    0x2af10                  __FBSLIM = 0x2af10
                    0x2af14                  __FSIGN = 0x2af14
                    0x2af18                  __FOSCSEL = 0x2af18
                    0x2af1c                  __FOSC = 0x2af1c
                    0x2af20                  __FWDT = 0x2af20
                    0x2af24                  __FPOR = 0x2af24
                    0x2af28                  __FICD = 0x2af28
                    0x2af2c                  __FDEVOPT1 = 0x2af2c
                    0x4100                  __CODE_BASE = 0x4100
                    0x2ae00                  __CODE_LENGTH = 0x2ae00
                    0x4004                  __IVT_BASE = 0x4004
                    0x0800                  __DATA_BASE = 0x800
                    0x4000                  __DATA_LENGTH = 0x4000

.reset            0x004000          0x4
                  0x004000          0x2 SHORT 0x4800 ABSOLUTE (__reset)
                  0x004001          0x2 SHORT 0x4
                  0x004002          0x2 SHORT 0x0 ((ABSOLUTE (__reset) >> 0x10) & 0x7f)
                  0x004003          0x2 SHORT 0x0

.text             0x004800        0xa14
 *(.init)
 .init            0x004800         0x4c c:/program files/microchip/xc16/v1.70/bin/bin/../../lib\liblega-pic30-elf.a(crt0_extended24.o)
                  0x004800                  __resetPRI
                  0x004800                  __reset
                  0x00483c                  __psv_init
 .init            0x00484c         0xb8 c:/program files/microchip/xc16/v1.70/bin/bin/../../lib\liblega-pic30-elf.a(data_init_24.o)
                  0x004852                  __data_init
                  0x004852                  __data_init_da
 *(.user_init)
 *(.handle)
 .handle          0x004904          0x4 jump_table
 *(.isr*)
 .isr.text        0x004908         0x20 build/default/debug/pic24fj256ga702/mcc_generated_files/dma.o
                  0x004908                  __DMA0Interrupt
 .isr.text        0x004928        0x260 build/default/debug/pic24fj256ga702/mcc_generated_files/i2c1.o
                  0x004928                  __MI2C1Interrupt
 .isr.text        0x004b88        0x296 build/default/debug/pic24fj256ga702/mcc_generated_files/i2c2.o
                  0x004b88                  __SI2C2Interrupt
 .isr.text        0x004e1e          0xc build/default/debug/pic24fj256ga702/mcc_generated_files/tmr1.o
                  0x004e1e                  __T1Interrupt
 .isr.text        0x004e2a         0x36 build/default/debug/pic24fj256ga702/mcc_generated_files/tmr2.o
                  0x004e2a                  __T2Interrupt
 .isr.text        0x004e60         0xae build/default/debug/pic24fj256ga702/mcc_generated_files/traps.o
                  0x004e60                  __OscillatorFail
                  0x004e82                  __StackError
                  0x004ea8                  __AddressError
                  0x004eca                  __MathError
                  0x004eec                  __NVMError
 .isr.text        0x004f0e         0xda build/default/debug/pic24fj256ga702/mcc_generated_files/uart1.o
                  0x004f0e                  __U1TXInterrupt
                  0x004f7a                  __U1RXInterrupt
                  0x004fd2                  __U1ErrInterrupt
 .isr.text        0x004fe8         0x26 build/default/debug/pic24fj256ga702/mcc_generated_files/adc1.o
                  0x004fe8                  __ADC1Interrupt
 .isr             0x00500e          0x4 default_isr
                  0x00500e                  __DefaultInterrupt
 *(.libc)
 *(.libm)
 *(.libdsp)
 *(.lib*)
 .libpic30_crt_start_mode
                  0x005012          0x2 c:/program files/microchip/xc16/v1.70/bin/bin/../../lib\liblega-pic30-elf.a(crt_start_mode_normalda.Leo)
                  0x005012                  __crt_start_mode
                  0x005012                  __crt_start_mode_normal
 .libm.divsi3     0x005014         0x1e c:/program files/microchip/xc16/v1.70/bin/bin/../../lib\libm-elf.a(divsi3.daeo)
                  0x005014                  ___divsi3
 .libm.fixunssfsi
                  0x005032         0x36 c:/program files/microchip/xc16/v1.70/bin/bin/../../lib\libm-elf.a(fixunssfsi.daeo)
                  0x005032                  ___fixunssfsi
 .libm.floatunsisf
                  0x005068          0x4 c:/program files/microchip/xc16/v1.70/bin/bin/../../lib\libm-elf.a(floatunsisf.daeo)
                  0x005068                  ___floatunsisf
 .libm.funpack    0x00506c         0x2a c:/program files/microchip/xc16/v1.70/bin/bin/../../lib\libm-elf.a(funpack.daeo)
                  0x00506c                  __funpack
 .libm.mulsf3     0x005096         0x68 c:/program files/microchip/xc16/v1.70/bin/bin/../../lib\libm-elf.a(mulsf3.daeo)
                  0x005096                  ___mulsf3
 .libm.udivsi3    0x0050fe         0x20 c:/program files/microchip/xc16/v1.70/bin/bin/../../lib\libm-elf.a(udivsi3.daeo)
                  0x0050fe                  ___udivsi3
 .libm.floatundisf
                  0x00511e         0x5e c:/program files/microchip/xc16/v1.70/bin/bin/../../lib\libm-elf.a(floatundisf.daeo)
                  0x00511e                  ___floatundisf
 .libm.fpack      0x00517c         0x4c c:/program files/microchip/xc16/v1.70/bin/bin/../../lib\libm-elf.a(fpack.daeo)
                  0x00517c                  __fpack
 .libm.funpack2
                  0x0051c8         0x10 c:/program files/microchip/xc16/v1.70/bin/bin/../../lib\libm-elf.a(funpack2.daeo)
                  0x0051c8                  __funpack2
 .libm.fPropagateNaN
                  0x0051d8         0x12 c:/program files/microchip/xc16/v1.70/bin/bin/../../lib\libm-elf.a(futil.daeo)
                  0x0051d8                  __fPropagateNaN
 .libm.fbobExit
                  0x0051ea          0x8 c:/program files/microchip/xc16/v1.70/bin/bin/../../lib\libm-elf.a(futil.daeo)
                  0x0051ea                  __fbopExit
 .libm.fbopReturnNaN
                  0x0051f2          0x6 c:/program files/microchip/xc16/v1.70/bin/bin/../../lib\libm-elf.a(futil.daeo)
                  0x0051f2                  __fbopReturnNaN
 .libc.memcpy     0x0051f8          0xe c:/program files/microchip/xc16/v1.70/bin/bin/../../lib\liblega-c-elf.a(memcpy.DA_eo)
                  0x0051f8                  _memcpy
 .libc.memset     0x005206          0xe c:/program files/microchip/xc16/v1.70/bin/bin/../../lib\liblega-c-elf.a(memset.DA_eo)
                  0x005206                  _memset

usercode
 *(usercode)

__FSEC            0x02af00          0x2
 *(__FSEC.sec*)
 __FSEC.sec       0x02af00          0x2 /CW/_FSEC
                  0x02af00                  __FSEC.sec

__FBSLIM
 *(__FBSLIM.sec*)

__FSIGN
 *(__FSIGN.sec*)

__FOSCSEL
 *(__FOSCSEL.sec*)

__FOSC
 *(__FOSC.sec*)

__FWDT
 *(__FWDT.sec*)

__FPOR
 *(__FPOR.sec*)

__FICD
 *(__FICD.sec*)

__FDEVOPT1
 *(__FDEVOPT1.sec*)

.comment
 *(.comment)

.debug_info       0x000000      0x1ab1b
 *(.debug_info)
 .debug_info      0x000000        0x547 build/default/debug/pic24fj256ga702/mcc_generated_files/clock.o
 .debug_info      0x000547        0xd06 build/default/debug/pic24fj256ga702/mcc_generated_files/crc.o
 .debug_info      0x00124d        0x1ef build/default/debug/pic24fj256ga702/mcc_generated_files/cvr.o
 .debug_info      0x00143c       0x2444 build/default/debug/pic24fj256ga702/mcc_generated_files/dma.o
 .debug_info      0x003880       0x1039 build/default/debug/pic24fj256ga702/mcc_generated_files/i2c1.o
 .debug_info      0x0048b9       0x1017 build/default/debug/pic24fj256ga702/mcc_generated_files/i2c2.o
 .debug_info      0x0058d0        0x36a build/default/debug/pic24fj256ga702/mcc_generated_files/interrupt_manager.o
 .debug_info      0x005c3a        0x19f build/default/debug/pic24fj256ga702/mcc_generated_files/mcc.o
 .debug_info      0x005dd9        0x363 build/default/debug/pic24fj256ga702/mcc_generated_files/pin_manager.o
 .debug_info      0x00613c        0x86f build/default/debug/pic24fj256ga702/mcc_generated_files/system.o
 .debug_info      0x0069ab        0xba2 build/default/debug/pic24fj256ga702/mcc_generated_files/tmr1.o
 .debug_info      0x00754d        0xa06 build/default/debug/pic24fj256ga702/mcc_generated_files/tmr2.o
 .debug_info      0x007f53        0x7a5 build/default/debug/pic24fj256ga702/mcc_generated_files/tmr3.o
 .debug_info      0x0086f8        0x45b build/default/debug/pic24fj256ga702/mcc_generated_files/traps.o
 .debug_info      0x008b53       0x102d build/default/debug/pic24fj256ga702/mcc_generated_files/uart1.o
 .debug_info      0x009b80        0x6c9 build/default/debug/pic24fj256ga702/mcc_generated_files/uart2.o
 .debug_info      0x00a249       0x106a build/default/debug/pic24fj256ga702/mcc_generated_files/adc1.o
 .debug_info      0x00b2b3         0xdd build/default/debug/pic24fj256ga702/mcc_generated_files/memory/flash.o
 .debug_info      0x00b390         0xc6 build/default/debug/pic24fj256ga702/wombatasm.o
 .debug_info      0x00b456        0xec2 build/default/debug/pic24fj256ga702/pinDigitalHwSpecific.o
 .debug_info      0x00c318        0x75d build/default/debug/pic24fj256ga702/updatePulse.o
 .debug_info      0x00ca75       0x11c0 build/default/debug/quadEnc.o
 .debug_info      0x00dc35        0xda2 build/default/debug/analogInput.o
 .debug_info      0x00e9d7        0xfdc build/default/debug/pulseOutput.o
 .debug_info      0x00f9b3        0xd48 build/default/debug/pulseTimer.o
 .debug_info      0x0106fb        0xd28 build/default/debug/debounce.o
 .debug_info      0x011423        0xd2b build/default/debug/protectedOutput.o
 .debug_info      0x01214e        0xd1b build/default/debug/watchdog.o
 .debug_info      0x012e69       0x13e9 build/default/debug/TM1637.o
 .debug_info      0x014252        0xaa9 build/default/debug/main.o
 .debug_info      0x014cfb       0x196b build/default/debug/protocol.o
 .debug_info      0x016666        0x288 build/default/debug/asciiConversion.o
 .debug_info      0x0168ee        0x605 build/default/debug/pinRegisters.o
 .debug_info      0x016ef3        0x57d build/default/debug/queue.o
 .debug_info      0x017470       0x176e build/default/debug/ws2812.o
 .debug_info      0x018bde       0x1f3d build/default/debug/touch.o
 *(.gnu.linkonce.wi.*)

.debug_abbrev     0x000000       0x2d9a
 *(.debug_abbrev)
 .debug_abbrev    0x000000         0xc5 build/default/debug/pic24fj256ga702/mcc_generated_files/clock.o
 .debug_abbrev    0x0000c5        0x240 build/default/debug/pic24fj256ga702/mcc_generated_files/crc.o
 .debug_abbrev    0x000305         0x59 build/default/debug/pic24fj256ga702/mcc_generated_files/cvr.o
 .debug_abbrev    0x00035e        0x185 build/default/debug/pic24fj256ga702/mcc_generated_files/dma.o
 .debug_abbrev    0x0004e3        0x232 build/default/debug/pic24fj256ga702/mcc_generated_files/i2c1.o
 .debug_abbrev    0x000715        0x240 build/default/debug/pic24fj256ga702/mcc_generated_files/i2c2.o
 .debug_abbrev    0x000955         0xb4 build/default/debug/pic24fj256ga702/mcc_generated_files/interrupt_manager.o
 .debug_abbrev    0x000a09         0x34 build/default/debug/pic24fj256ga702/mcc_generated_files/mcc.o
 .debug_abbrev    0x000a3d         0x59 build/default/debug/pic24fj256ga702/mcc_generated_files/pin_manager.o
 .debug_abbrev    0x000a96         0xf0 build/default/debug/pic24fj256ga702/mcc_generated_files/system.o
 .debug_abbrev    0x000b86        0x1a2 build/default/debug/pic24fj256ga702/mcc_generated_files/tmr1.o
 .debug_abbrev    0x000d28        0x1a2 build/default/debug/pic24fj256ga702/mcc_generated_files/tmr2.o
 .debug_abbrev    0x000eca        0x18f build/default/debug/pic24fj256ga702/mcc_generated_files/tmr3.o
 .debug_abbrev    0x001059        0x100 build/default/debug/pic24fj256ga702/mcc_generated_files/traps.o
 .debug_abbrev    0x001159        0x237 build/default/debug/pic24fj256ga702/mcc_generated_files/uart1.o
 .debug_abbrev    0x001390        0x102 build/default/debug/pic24fj256ga702/mcc_generated_files/uart2.o
 .debug_abbrev    0x001492        0x16a build/default/debug/pic24fj256ga702/mcc_generated_files/adc1.o
 .debug_abbrev    0x0015fc         0x14 build/default/debug/pic24fj256ga702/mcc_generated_files/memory/flash.o
 .debug_abbrev    0x001610         0x14 build/default/debug/pic24fj256ga702/wombatasm.o
 .debug_abbrev    0x001624        0x1dc build/default/debug/pic24fj256ga702/pinDigitalHwSpecific.o
 .debug_abbrev    0x001800        0x138 build/default/debug/pic24fj256ga702/updatePulse.o
 .debug_abbrev    0x001938        0x17f build/default/debug/quadEnc.o
 .debug_abbrev    0x001ab7         0xea build/default/debug/analogInput.o
 .debug_abbrev    0x001ba1        0x137 build/default/debug/pulseOutput.o
 .debug_abbrev    0x001cd8         0xf0 build/default/debug/pulseTimer.o
 .debug_abbrev    0x001dc8         0xe5 build/default/debug/debounce.o
 .debug_abbrev    0x001ead         0xf6 build/default/debug/protectedOutput.o
 .debug_abbrev    0x001fa3         0xfd build/default/debug/watchdog.o
 .debug_abbrev    0x0020a0        0x1e0 build/default/debug/TM1637.o
 .debug_abbrev    0x002280        0x219 build/default/debug/main.o
 .debug_abbrev    0x002499        0x24d build/default/debug/protocol.o
 .debug_abbrev    0x0026e6         0xb0 build/default/debug/asciiConversion.o
 .debug_abbrev    0x002796        0x12e build/default/debug/pinRegisters.o
 .debug_abbrev    0x0028c4        0x125 build/default/debug/queue.o
 .debug_abbrev    0x0029e9        0x216 build/default/debug/ws2812.o
 .debug_abbrev    0x002bff        0x19b build/default/debug/touch.o

.debug_line       0x000000       0x39f9
 *(.debug_line)
 .debug_line      0x000000        0x13d build/default/debug/pic24fj256ga702/mcc_generated_files/clock.o
 .debug_line      0x00013d        0x21d build/default/debug/pic24fj256ga702/mcc_generated_files/crc.o
 .debug_line      0x00035a        0x129 build/default/debug/pic24fj256ga702/mcc_generated_files/cvr.o
 .debug_line      0x000483        0x2e4 build/default/debug/pic24fj256ga702/mcc_generated_files/dma.o
 .debug_line      0x000767        0x214 build/default/debug/pic24fj256ga702/mcc_generated_files/i2c1.o
 .debug_line      0x00097b        0x291 build/default/debug/pic24fj256ga702/mcc_generated_files/i2c2.o
 .debug_line      0x000c0c        0x138 build/default/debug/pic24fj256ga702/mcc_generated_files/interrupt_manager.o
 .debug_line      0x000d44         0x59 build/default/debug/pic24fj256ga702/mcc_generated_files/mcc.o
 .debug_line      0x000d9d        0x13d build/default/debug/pic24fj256ga702/mcc_generated_files/pin_manager.o
 .debug_line      0x000eda        0x14a build/default/debug/pic24fj256ga702/mcc_generated_files/system.o
 .debug_line      0x001024        0x170 build/default/debug/pic24fj256ga702/mcc_generated_files/tmr1.o
 .debug_line      0x001194        0x177 build/default/debug/pic24fj256ga702/mcc_generated_files/tmr2.o
 .debug_line      0x00130b        0x159 build/default/debug/pic24fj256ga702/mcc_generated_files/tmr3.o
 .debug_line      0x001464        0x15e build/default/debug/pic24fj256ga702/mcc_generated_files/traps.o
 .debug_line      0x0015c2        0x1f7 build/default/debug/pic24fj256ga702/mcc_generated_files/uart1.o
 .debug_line      0x0017b9        0x143 build/default/debug/pic24fj256ga702/mcc_generated_files/uart2.o
 .debug_line      0x0018fc        0x1b0 build/default/debug/pic24fj256ga702/mcc_generated_files/adc1.o
 .debug_line      0x001aac        0x122 build/default/debug/pic24fj256ga702/mcc_generated_files/memory/flash.o
 .debug_line      0x001bce        0x14f build/default/debug/pic24fj256ga702/wombatasm.o
 .debug_line      0x001d1d        0x290 build/default/debug/pic24fj256ga702/pinDigitalHwSpecific.o
 .debug_line      0x001fad        0x1fb build/default/debug/pic24fj256ga702/updatePulse.o
 .debug_line      0x0021a8        0x247 build/default/debug/quadEnc.o
 .debug_line      0x0023ef        0x13b build/default/debug/analogInput.o
 .debug_line      0x00252a        0x17a build/default/debug/pulseOutput.o
 .debug_line      0x0026a4        0x124 build/default/debug/pulseTimer.o
 .debug_line      0x0027c8        0x107 build/default/debug/debounce.o
 .debug_line      0x0028cf        0x113 build/default/debug/protectedOutput.o
 .debug_line      0x0029e2        0x10c build/default/debug/watchdog.o
 .debug_line      0x002aee        0x21e build/default/debug/TM1637.o
 .debug_line      0x002d0c        0x1ed build/default/debug/main.o
 .debug_line      0x002ef9        0x35e build/default/debug/protocol.o
 .debug_line      0x003257         0xd1 build/default/debug/asciiConversion.o
 .debug_line      0x003328         0xf3 build/default/debug/pinRegisters.o
 .debug_line      0x00341b        0x102 build/default/debug/queue.o
 .debug_line      0x00351d        0x290 build/default/debug/ws2812.o
 .debug_line      0x0037ad        0x24c build/default/debug/touch.o

.debug_frame      0x000000       0x1d46
 *(.debug_frame)
 .debug_frame     0x000000         0x2e build/default/debug/pic24fj256ga702/mcc_generated_files/clock.o
 .debug_frame     0x00002e        0x1ce build/default/debug/pic24fj256ga702/mcc_generated_files/crc.o
 .debug_frame     0x0001fc         0x2e build/default/debug/pic24fj256ga702/mcc_generated_files/cvr.o
 .debug_frame     0x00022a        0x2f6 build/default/debug/pic24fj256ga702/mcc_generated_files/dma.o
 .debug_frame     0x000520        0x170 build/default/debug/pic24fj256ga702/mcc_generated_files/i2c1.o
 .debug_frame     0x000690        0x156 build/default/debug/pic24fj256ga702/mcc_generated_files/i2c2.o
 .debug_frame     0x0007e6         0x2e build/default/debug/pic24fj256ga702/mcc_generated_files/interrupt_manager.o
 .debug_frame     0x000814         0x2e build/default/debug/pic24fj256ga702/mcc_generated_files/mcc.o
 .debug_frame     0x000842         0x2e build/default/debug/pic24fj256ga702/mcc_generated_files/pin_manager.o
 .debug_frame     0x000870         0x2e build/default/debug/pic24fj256ga702/mcc_generated_files/system.o
 .debug_frame     0x00089e        0x166 build/default/debug/pic24fj256ga702/mcc_generated_files/tmr1.o
 .debug_frame     0x000a04        0x18a build/default/debug/pic24fj256ga702/mcc_generated_files/tmr2.o
 .debug_frame     0x000b8e        0x14c build/default/debug/pic24fj256ga702/mcc_generated_files/tmr3.o
 .debug_frame     0x000cda        0x17e build/default/debug/pic24fj256ga702/mcc_generated_files/traps.o
 .debug_frame     0x000e58        0x20e build/default/debug/pic24fj256ga702/mcc_generated_files/uart1.o
 .debug_frame     0x001066         0xb0 build/default/debug/pic24fj256ga702/mcc_generated_files/uart2.o
 .debug_frame     0x001116         0xf4 build/default/debug/pic24fj256ga702/mcc_generated_files/adc1.o
 .debug_frame     0x00120a        0x2d2 build/default/debug/pic24fj256ga702/pinDigitalHwSpecific.o
 .debug_frame     0x0014dc         0x62 build/default/debug/pic24fj256ga702/updatePulse.o
 .debug_frame     0x00153e         0x50 build/default/debug/quadEnc.o
 .debug_frame     0x00158e         0x5a build/default/debug/analogInput.o
 .debug_frame     0x0015e8         0x84 build/default/debug/pulseOutput.o
 .debug_frame     0x00166c         0x48 build/default/debug/pulseTimer.o
 .debug_frame     0x0016b4         0x50 build/default/debug/debounce.o
 .debug_frame     0x001704         0x48 build/default/debug/protectedOutput.o
 .debug_frame     0x00174c         0x48 build/default/debug/watchdog.o
 .debug_frame     0x001794        0x10e build/default/debug/TM1637.o
 .debug_frame     0x0018a2         0x9e build/default/debug/main.o
 .debug_frame     0x001940         0xca build/default/debug/protocol.o
 .debug_frame     0x001a0a         0x7c build/default/debug/asciiConversion.o
 .debug_frame     0x001a86         0x7c build/default/debug/pinRegisters.o
 .debug_frame     0x001b02         0xca build/default/debug/queue.o
 .debug_frame     0x001bcc        0x118 build/default/debug/ws2812.o
 .debug_frame     0x001ce4         0x62 build/default/debug/touch.o

.debug_str        0x000000        0xe2e
 *(.debug_str)
 .debug_str       0x000000         0x1d build/default/debug/pic24fj256ga702/mcc_generated_files/clock.o
 .debug_str       0x00001d         0x57 build/default/debug/pic24fj256ga702/mcc_generated_files/crc.o
 .debug_str       0x000074        0x1bd build/default/debug/pic24fj256ga702/mcc_generated_files/dma.o
 .debug_str       0x000231         0x5d build/default/debug/pic24fj256ga702/mcc_generated_files/i2c1.o
 .debug_str       0x00028e        0x12f build/default/debug/pic24fj256ga702/mcc_generated_files/i2c2.o
 .debug_str       0x0003bd          0x9 build/default/debug/pic24fj256ga702/mcc_generated_files/interrupt_manager.o
 .debug_str       0x0003c6         0x40 build/default/debug/pic24fj256ga702/mcc_generated_files/system.o
 .debug_str       0x000406         0x2a build/default/debug/pic24fj256ga702/mcc_generated_files/tmr1.o
 .debug_str       0x000430         0x5d build/default/debug/pic24fj256ga702/mcc_generated_files/tmr2.o
 .debug_str       0x00048d         0x13 build/default/debug/pic24fj256ga702/mcc_generated_files/tmr3.o
 .debug_str       0x0004a0         0x18 build/default/debug/pic24fj256ga702/mcc_generated_files/traps.o
 .debug_str       0x0004b8         0x58 build/default/debug/pic24fj256ga702/mcc_generated_files/uart1.o
 .debug_str       0x000510         0x15 build/default/debug/pic24fj256ga702/mcc_generated_files/uart2.o
 .debug_str       0x000525         0xbf build/default/debug/pic24fj256ga702/mcc_generated_files/adc1.o
 .debug_str       0x0005e4         0xad build/default/debug/pic24fj256ga702/pinDigitalHwSpecific.o
 .debug_str       0x000691         0x86 build/default/debug/pic24fj256ga702/updatePulse.o
 .debug_str       0x000717         0x5c build/default/debug/quadEnc.o
 .debug_str       0x000773         0x30 build/default/debug/analogInput.o
 .debug_str       0x0007a3         0x40 build/default/debug/pulseOutput.o
 .debug_str       0x0007e3         0x3b build/default/debug/pulseTimer.o
 .debug_str       0x00081e         0x25 build/default/debug/debounce.o
 .debug_str       0x000843         0x1c build/default/debug/protectedOutput.o
 .debug_str       0x00085f         0x1c build/default/debug/watchdog.o
 .debug_str       0x00087b         0x4e build/default/debug/TM1637.o
 .debug_str       0x0008c9         0xd2 build/default/debug/main.o
 .debug_str       0x00099b        0x1db build/default/debug/protocol.o
 .debug_str       0x000b76          0x7 build/default/debug/asciiConversion.o
 .debug_str       0x000b7d         0x76 build/default/debug/pinRegisters.o
 .debug_str       0x000bf3         0x59 build/default/debug/queue.o
 .debug_str       0x000c4c         0xed build/default/debug/ws2812.o
 .debug_str       0x000d39         0xf5 build/default/debug/touch.o

.debug_loc
 *(.debug_loc)

.debug_macinfo
 *(.debug_macinfo)

.debug_pubnames
                  0x000000       0x1b08
 *(.debug_pubnames)
 .debug_pubnames
                  0x000000         0x27 build/default/debug/pic24fj256ga702/mcc_generated_files/clock.o
 .debug_pubnames
                  0x000027        0x129 build/default/debug/pic24fj256ga702/mcc_generated_files/crc.o
 .debug_pubnames
                  0x000150         0x25 build/default/debug/pic24fj256ga702/mcc_generated_files/cvr.o
 .debug_pubnames
                  0x000175        0x2d5 build/default/debug/pic24fj256ga702/mcc_generated_files/dma.o
 .debug_pubnames
                  0x00044a        0x103 build/default/debug/pic24fj256ga702/mcc_generated_files/i2c1.o
 .debug_pubnames
                  0x00054d        0x1c9 build/default/debug/pic24fj256ga702/mcc_generated_files/i2c2.o
 .debug_pubnames
                  0x000716         0x2b build/default/debug/pic24fj256ga702/mcc_generated_files/interrupt_manager.o
 .debug_pubnames
                  0x000741         0x2c build/default/debug/pic24fj256ga702/mcc_generated_files/mcc.o
 .debug_pubnames
                  0x00076d         0x2d build/default/debug/pic24fj256ga702/mcc_generated_files/pin_manager.o
 .debug_pubnames
                  0x00079a         0x28 build/default/debug/pic24fj256ga702/mcc_generated_files/system.o
 .debug_pubnames
                  0x0007c2        0x15e build/default/debug/pic24fj256ga702/mcc_generated_files/tmr1.o
 .debug_pubnames
                  0x000920        0x17b build/default/debug/pic24fj256ga702/mcc_generated_files/tmr2.o
 .debug_pubnames
                  0x000a9b        0x14d build/default/debug/pic24fj256ga702/mcc_generated_files/tmr3.o
 .debug_pubnames
                  0x000be8         0x7d build/default/debug/pic24fj256ga702/mcc_generated_files/traps.o
 .debug_pubnames
                  0x000c65        0x1c6 build/default/debug/pic24fj256ga702/mcc_generated_files/uart1.o
 .debug_pubnames
                  0x000e2b         0x7d build/default/debug/pic24fj256ga702/mcc_generated_files/uart2.o
 .debug_pubnames
                  0x000ea8         0xdb build/default/debug/pic24fj256ga702/mcc_generated_files/adc1.o
 .debug_pubnames
                  0x000f83        0x2e5 build/default/debug/pic24fj256ga702/pinDigitalHwSpecific.o
 .debug_pubnames
                  0x001268         0x61 build/default/debug/pic24fj256ga702/updatePulse.o
 .debug_pubnames
                  0x0012c9         0x4f build/default/debug/quadEnc.o
 .debug_pubnames
                  0x001318         0x3c build/default/debug/analogInput.o
 .debug_pubnames
                  0x001354         0x5c build/default/debug/pulseOutput.o
 .debug_pubnames
                  0x0013b0         0x3a build/default/debug/pulseTimer.o
 .debug_pubnames
                  0x0013ea         0x36 build/default/debug/debounce.o
 .debug_pubnames
                  0x001420         0x44 build/default/debug/protectedOutput.o
 .debug_pubnames
                  0x001464         0x36 build/default/debug/watchdog.o
 .debug_pubnames
                  0x00149a         0xf3 build/default/debug/TM1637.o
 .debug_pubnames
                  0x00158d         0xea build/default/debug/main.o
 .debug_pubnames
                  0x001677        0x1d8 build/default/debug/protocol.o
 .debug_pubnames
                  0x00184f         0x67 build/default/debug/asciiConversion.o
 .debug_pubnames
                  0x0018b6         0x8a build/default/debug/pinRegisters.o
 .debug_pubnames
                  0x001940         0x96 build/default/debug/queue.o
 .debug_pubnames
                  0x0019d6         0xdb build/default/debug/ws2812.o
 .debug_pubnames
                  0x001ab1         0x57 build/default/debug/touch.o

.debug_ranges
 *(.debug_ranges)

.debug_aranges    0x000000        0x360
 *(.debug_aranges)
 .debug_aranges
                  0x000000         0x18 build/default/debug/pic24fj256ga702/mcc_generated_files/clock.o
 .debug_aranges
                  0x000018         0x18 build/default/debug/pic24fj256ga702/mcc_generated_files/crc.o
 .debug_aranges
                  0x000030         0x18 build/default/debug/pic24fj256ga702/mcc_generated_files/cvr.o
 .debug_aranges
                  0x000048         0x18 build/default/debug/pic24fj256ga702/mcc_generated_files/dma.o
 .debug_aranges
                  0x000060         0x18 build/default/debug/pic24fj256ga702/mcc_generated_files/i2c1.o
 .debug_aranges
                  0x000078         0x18 build/default/debug/pic24fj256ga702/mcc_generated_files/i2c2.o
 .debug_aranges
                  0x000090         0x18 build/default/debug/pic24fj256ga702/mcc_generated_files/interrupt_manager.o
 .debug_aranges
                  0x0000a8         0x18 build/default/debug/pic24fj256ga702/mcc_generated_files/mcc.o
 .debug_aranges
                  0x0000c0         0x18 build/default/debug/pic24fj256ga702/mcc_generated_files/pin_manager.o
 .debug_aranges
                  0x0000d8         0x18 build/default/debug/pic24fj256ga702/mcc_generated_files/system.o
 .debug_aranges
                  0x0000f0         0x18 build/default/debug/pic24fj256ga702/mcc_generated_files/tmr1.o
 .debug_aranges
                  0x000108         0x18 build/default/debug/pic24fj256ga702/mcc_generated_files/tmr2.o
 .debug_aranges
                  0x000120         0x18 build/default/debug/pic24fj256ga702/mcc_generated_files/tmr3.o
 .debug_aranges
                  0x000138         0x18 build/default/debug/pic24fj256ga702/mcc_generated_files/traps.o
 .debug_aranges
                  0x000150         0x18 build/default/debug/pic24fj256ga702/mcc_generated_files/uart1.o
 .debug_aranges
                  0x000168         0x18 build/default/debug/pic24fj256ga702/mcc_generated_files/uart2.o
 .debug_aranges
                  0x000180         0x18 build/default/debug/pic24fj256ga702/mcc_generated_files/adc1.o
 .debug_aranges
                  0x000198         0x18 build/default/debug/pic24fj256ga702/mcc_generated_files/memory/flash.o
 .debug_aranges
                  0x0001b0         0x18 build/default/debug/pic24fj256ga702/wombatasm.o
 .debug_aranges
                  0x0001c8         0x18 build/default/debug/pic24fj256ga702/pinDigitalHwSpecific.o
 .debug_aranges
                  0x0001e0         0x18 build/default/debug/pic24fj256ga702/updatePulse.o
 .debug_aranges
                  0x0001f8         0x18 build/default/debug/quadEnc.o
 .debug_aranges
                  0x000210         0x18 build/default/debug/analogInput.o
 .debug_aranges
                  0x000228         0x18 build/default/debug/pulseOutput.o
 .debug_aranges
                  0x000240         0x18 build/default/debug/pulseTimer.o
 .debug_aranges
                  0x000258         0x18 build/default/debug/debounce.o
 .debug_aranges
                  0x000270         0x18 build/default/debug/protectedOutput.o
 .debug_aranges
                  0x000288         0x18 build/default/debug/watchdog.o
 .debug_aranges
                  0x0002a0         0x18 build/default/debug/TM1637.o
 .debug_aranges
                  0x0002b8         0x18 build/default/debug/main.o
 .debug_aranges
                  0x0002d0         0x18 build/default/debug/protocol.o
 .debug_aranges
                  0x0002e8         0x18 build/default/debug/asciiConversion.o
 .debug_aranges
                  0x000300         0x18 build/default/debug/pinRegisters.o
 .debug_aranges
                  0x000318         0x18 build/default/debug/queue.o
 .debug_aranges
                  0x000330         0x18 build/default/debug/ws2812.o
 .debug_aranges
                  0x000348         0x18 build/default/debug/touch.o

.ivt              0x004004         0xfc
                  0x004004          0x4 LONG 0x4e60 DEFINED (__OscillatorFail)?ABSOLUTE (__OscillatorFail):ABSOLUTE (__DefaultInterrupt)
                  0x004006          0x4 LONG 0x4ea8 DEFINED (__AddressError)?ABSOLUTE (__AddressError):ABSOLUTE (__DefaultInterrupt)
                  0x004008          0x4 LONG 0x4eec DEFINED (__NVMError)?ABSOLUTE (__NVMError):ABSOLUTE (__DefaultInterrupt)
                  0x00400a          0x4 LONG 0x4e82 DEFINED (__StackError)?ABSOLUTE (__StackError):ABSOLUTE (__DefaultInterrupt)
                  0x00400c          0x4 LONG 0x4eca DEFINED (__MathError)?ABSOLUTE (__MathError):ABSOLUTE (__DefaultInterrupt)
                  0x00400e          0x4 LONG 0x500e DEFINED (__ReservedTrap5)?ABSOLUTE (__ReservedTrap5):ABSOLUTE (__DefaultInterrupt)
                  0x004010          0x4 LONG 0x500e DEFINED (__GeneralError)?ABSOLUTE (__GeneralError):ABSOLUTE (__DefaultInterrupt)
                  0x004012          0x4 LONG 0x500e DEFINED (__ReservedTrap7)?ABSOLUTE (__ReservedTrap7):ABSOLUTE (__DefaultInterrupt)
                  0x004014          0x4 LONG 0x500e DEFINED (__INT0Interrupt)?ABSOLUTE (__INT0Interrupt):ABSOLUTE (__DefaultInterrupt)
                  0x004016          0x4 LONG 0x500e DEFINED (__IC1Interrupt)?ABSOLUTE (__IC1Interrupt):ABSOLUTE (__DefaultInterrupt)
                  0x004018          0x4 LONG 0x500e DEFINED (__OC1Interrupt)?ABSOLUTE (__OC1Interrupt):ABSOLUTE (__DefaultInterrupt)
                  0x00401a          0x4 LONG 0x4e1e DEFINED (__T1Interrupt)?ABSOLUTE (__T1Interrupt):ABSOLUTE (__DefaultInterrupt)
                  0x00401c          0x4 LONG 0x4908 DEFINED (__DMA0Interrupt)?ABSOLUTE (__DMA0Interrupt):ABSOLUTE (__DefaultInterrupt)
                  0x00401e          0x4 LONG 0x500e DEFINED (__IC2Interrupt)?ABSOLUTE (__IC2Interrupt):ABSOLUTE (__DefaultInterrupt)
                  0x004020          0x4 LONG 0x500e DEFINED (__OC2Interrupt)?ABSOLUTE (__OC2Interrupt):ABSOLUTE (__DefaultInterrupt)
                  0x004022          0x4 LONG 0x4e2a DEFINED (__T2Interrupt)?ABSOLUTE (__T2Interrupt):ABSOLUTE (__DefaultInterrupt)
                  0x004024          0x4 LONG 0x500e DEFINED (__T3Interrupt)?ABSOLUTE (__T3Interrupt):ABSOLUTE (__DefaultInterrupt)
                  0x004026          0x4 LONG 0x500e DEFINED (__SPI1Interrupt)?ABSOLUTE (__SPI1Interrupt):ABSOLUTE (__DefaultInterrupt)
                  0x004028          0x4 LONG 0x500e DEFINED (__SPI1TXInterrupt)?ABSOLUTE (__SPI1TXInterrupt):ABSOLUTE (__DefaultInterrupt)
                  0x00402a          0x4 LONG 0x4f7a DEFINED (__U1RXInterrupt)?ABSOLUTE (__U1RXInterrupt):ABSOLUTE (__DefaultInterrupt)
                  0x00402c          0x4 LONG 0x4f0e DEFINED (__U1TXInterrupt)?ABSOLUTE (__U1TXInterrupt):ABSOLUTE (__DefaultInterrupt)
                  0x00402e          0x4 LONG 0x4fe8 DEFINED (__ADC1Interrupt)?ABSOLUTE (__ADC1Interrupt):ABSOLUTE (__DefaultInterrupt)
                  0x004030          0x4 LONG 0x500e DEFINED (__DMA1Interrupt)?ABSOLUTE (__DMA1Interrupt):ABSOLUTE (__DefaultInterrupt)
                  0x004032          0x4 LONG 0x500e DEFINED (__NVMInterrupt)?ABSOLUTE (__NVMInterrupt):ABSOLUTE (__DefaultInterrupt)
                  0x004034          0x4 LONG 0x500e DEFINED (__SI2C1Interrupt)?ABSOLUTE (__SI2C1Interrupt):ABSOLUTE (__DefaultInterrupt)
                  0x004036          0x4 LONG 0x4928 DEFINED (__MI2C1Interrupt)?ABSOLUTE (__MI2C1Interrupt):ABSOLUTE (__DefaultInterrupt)
                  0x004038          0x4 LONG 0x500e DEFINED (__CompInterrupt)?ABSOLUTE (__CompInterrupt):ABSOLUTE (__DefaultInterrupt)
                  0x00403a          0x4 LONG 0x500e DEFINED (__IOCInterrupt)?ABSOLUTE (__IOCInterrupt):ABSOLUTE (__DefaultInterrupt)
                  0x00403c          0x4 LONG 0x500e DEFINED (__INT1Interrupt)?ABSOLUTE (__INT1Interrupt):ABSOLUTE (__DefaultInterrupt)
                  0x00403e          0x4 LONG 0x500e DEFINED (__Interrupt21)?ABSOLUTE (__Interrupt21):ABSOLUTE (__DefaultInterrupt)
                  0x004040          0x4 LONG 0x500e DEFINED (__Interrupt22)?ABSOLUTE (__Interrupt22):ABSOLUTE (__DefaultInterrupt)
                  0x004042          0x4 LONG 0x500e DEFINED (__Interrupt23)?ABSOLUTE (__Interrupt23):ABSOLUTE (__DefaultInterrupt)
                  0x004044          0x4 LONG 0x500e DEFINED (__DMA2Interrupt)?ABSOLUTE (__DMA2Interrupt):ABSOLUTE (__DefaultInterrupt)
                  0x004046          0x4 LONG 0x500e DEFINED (__OC3Interrupt)?ABSOLUTE (__OC3Interrupt):ABSOLUTE (__DefaultInterrupt)
                  0x004048          0x4 LONG 0x500e DEFINED (__Interrupt26)?ABSOLUTE (__Interrupt26):ABSOLUTE (__DefaultInterrupt)
                  0x00404a          0x4 LONG 0x500e DEFINED (__Interrupt27)?ABSOLUTE (__Interrupt27):ABSOLUTE (__DefaultInterrupt)
                  0x00404c          0x4 LONG 0x500e DEFINED (__Interrupt28)?ABSOLUTE (__Interrupt28):ABSOLUTE (__DefaultInterrupt)
                  0x00404e          0x4 LONG 0x500e DEFINED (__INT2Interrupt)?ABSOLUTE (__INT2Interrupt):ABSOLUTE (__DefaultInterrupt)
                  0x004050          0x4 LONG 0x500e DEFINED (__U2RXInterrupt)?ABSOLUTE (__U2RXInterrupt):ABSOLUTE (__DefaultInterrupt)
                  0x004052          0x4 LONG 0x500e DEFINED (__U2TXInterrupt)?ABSOLUTE (__U2TXInterrupt):ABSOLUTE (__DefaultInterrupt)
                  0x004054          0x4 LONG 0x500e DEFINED (__SPI2Interrupt)?ABSOLUTE (__SPI2Interrupt):ABSOLUTE (__DefaultInterrupt)
                  0x004056          0x4 LONG 0x500e DEFINED (__SPI2TXInterrupt)?ABSOLUTE (__SPI2TXInterrupt):ABSOLUTE (__DefaultInterrupt)
                  0x004058          0x4 LONG 0x500e DEFINED (__Interrupt34)?ABSOLUTE (__Interrupt34):ABSOLUTE (__DefaultInterrupt)
                  0x00405a          0x4 LONG 0x500e DEFINED (__Interrupt35)?ABSOLUTE (__Interrupt35):ABSOLUTE (__DefaultInterrupt)
                  0x00405c          0x4 LONG 0x500e DEFINED (__DMA3Interrupt)?ABSOLUTE (__DMA3Interrupt):ABSOLUTE (__DefaultInterrupt)
                  0x00405e          0x4 LONG 0x500e DEFINED (__IC3Interrupt)?ABSOLUTE (__IC3Interrupt):ABSOLUTE (__DefaultInterrupt)
                  0x004060          0x4 LONG 0x500e DEFINED (__Interrupt38)?ABSOLUTE (__Interrupt38):ABSOLUTE (__DefaultInterrupt)
                  0x004062          0x4 LONG 0x500e DEFINED (__Interrupt39)?ABSOLUTE (__Interrupt39):ABSOLUTE (__DefaultInterrupt)
                  0x004064          0x4 LONG 0x500e DEFINED (__Interrupt40)?ABSOLUTE (__Interrupt40):ABSOLUTE (__DefaultInterrupt)
                  0x004066          0x4 LONG 0x500e DEFINED (__OC5Interrupt)?ABSOLUTE (__OC5Interrupt):ABSOLUTE (__DefaultInterrupt)
                  0x004068          0x4 LONG 0x500e DEFINED (__OC6Interrupt)?ABSOLUTE (__OC6Interrupt):ABSOLUTE (__DefaultInterrupt)
                  0x00406a          0x4 LONG 0x500e DEFINED (__CCT3Interrupt)?ABSOLUTE (__CCT3Interrupt):ABSOLUTE (__DefaultInterrupt)
                  0x00406c          0x4 LONG 0x500e DEFINED (__CCT4Interrupt)?ABSOLUTE (__CCT4Interrupt):ABSOLUTE (__DefaultInterrupt)
                  0x00406e          0x4 LONG 0x500e DEFINED (__PMPInterrupt)?ABSOLUTE (__PMPInterrupt):ABSOLUTE (__DefaultInterrupt)
                  0x004070          0x4 LONG 0x500e DEFINED (__DMA4Interrupt)?ABSOLUTE (__DMA4Interrupt):ABSOLUTE (__DefaultInterrupt)
                  0x004072          0x4 LONG 0x500e DEFINED (__Interrupt47)?ABSOLUTE (__Interrupt47):ABSOLUTE (__DefaultInterrupt)
                  0x004074          0x4 LONG 0x500e DEFINED (__Interrupt48)?ABSOLUTE (__Interrupt48):ABSOLUTE (__DefaultInterrupt)
                  0x004076          0x4 LONG 0x4b88 DEFINED (__SI2C2Interrupt)?ABSOLUTE (__SI2C2Interrupt):ABSOLUTE (__DefaultInterrupt)
                  0x004078          0x4 LONG 0x500e DEFINED (__MI2C2Interrupt)?ABSOLUTE (__MI2C2Interrupt):ABSOLUTE (__DefaultInterrupt)
                  0x00407a          0x4 LONG 0x500e DEFINED (__Interrupt51)?ABSOLUTE (__Interrupt51):ABSOLUTE (__DefaultInterrupt)
                  0x00407c          0x4 LONG 0x500e DEFINED (__Interrupt52)?ABSOLUTE (__Interrupt52):ABSOLUTE (__DefaultInterrupt)
                  0x00407e          0x4 LONG 0x500e DEFINED (__INT3Interrupt)?ABSOLUTE (__INT3Interrupt):ABSOLUTE (__DefaultInterrupt)
                  0x004080          0x4 LONG 0x500e DEFINED (__INT4Interrupt)?ABSOLUTE (__INT4Interrupt):ABSOLUTE (__DefaultInterrupt)
                  0x004082          0x4 LONG 0x500e DEFINED (__Interrupt55)?ABSOLUTE (__Interrupt55):ABSOLUTE (__DefaultInterrupt)
                  0x004084          0x4 LONG 0x500e DEFINED (__Interrupt56)?ABSOLUTE (__Interrupt56):ABSOLUTE (__DefaultInterrupt)
                  0x004086          0x4 LONG 0x500e DEFINED (__Interrupt57)?ABSOLUTE (__Interrupt57):ABSOLUTE (__DefaultInterrupt)
                  0x004088          0x4 LONG 0x500e DEFINED (__SPI1RXInterrupt)?ABSOLUTE (__SPI1RXInterrupt):ABSOLUTE (__DefaultInterrupt)
                  0x00408a          0x4 LONG 0x500e DEFINED (__SPI2RXInterrupt)?ABSOLUTE (__SPI2RXInterrupt):ABSOLUTE (__DefaultInterrupt)
                  0x00408c          0x4 LONG 0x500e DEFINED (__SPI3RXInterrupt)?ABSOLUTE (__SPI3RXInterrupt):ABSOLUTE (__DefaultInterrupt)
                  0x00408e          0x4 LONG 0x500e DEFINED (__DMA5Interrupt)?ABSOLUTE (__DMA5Interrupt):ABSOLUTE (__DefaultInterrupt)
                  0x004090          0x4 LONG 0x500e DEFINED (__RTCCInterrupt)?ABSOLUTE (__RTCCInterrupt):ABSOLUTE (__DefaultInterrupt)
                  0x004092          0x4 LONG 0x500e DEFINED (__CCP1Interrupt)?ABSOLUTE (__CCP1Interrupt):ABSOLUTE (__DefaultInterrupt)
                  0x004094          0x4 LONG 0x500e DEFINED (__CCP2Interrupt)?ABSOLUTE (__CCP2Interrupt):ABSOLUTE (__DefaultInterrupt)
                  0x004096          0x4 LONG 0x4fd2 DEFINED (__U1ErrInterrupt)?ABSOLUTE (__U1ErrInterrupt):ABSOLUTE (__DefaultInterrupt)
                  0x004098          0x4 LONG 0x500e DEFINED (__U2ErrInterrupt)?ABSOLUTE (__U2ErrInterrupt):ABSOLUTE (__DefaultInterrupt)
                  0x00409a          0x4 LONG 0x500e DEFINED (__CRCInterrupt)?ABSOLUTE (__CRCInterrupt):ABSOLUTE (__DefaultInterrupt)
                  0x00409c          0x4 LONG 0x500e DEFINED (__Interrupt68)?ABSOLUTE (__Interrupt68):ABSOLUTE (__DefaultInterrupt)
                  0x00409e          0x4 LONG 0x500e DEFINED (__Interrupt69)?ABSOLUTE (__Interrupt69):ABSOLUTE (__DefaultInterrupt)
                  0x0040a0          0x4 LONG 0x500e DEFINED (__Interrupt70)?ABSOLUTE (__Interrupt70):ABSOLUTE (__DefaultInterrupt)
                  0x0040a2          0x4 LONG 0x500e DEFINED (__Interrupt71)?ABSOLUTE (__Interrupt71):ABSOLUTE (__DefaultInterrupt)
                  0x0040a4          0x4 LONG 0x500e DEFINED (__LVDInterrupt)?ABSOLUTE (__LVDInterrupt):ABSOLUTE (__DefaultInterrupt)
                  0x0040a6          0x4 LONG 0x500e DEFINED (__Interrupt73)?ABSOLUTE (__Interrupt73):ABSOLUTE (__DefaultInterrupt)
                  0x0040a8          0x4 LONG 0x500e DEFINED (__Interrupt74)?ABSOLUTE (__Interrupt74):ABSOLUTE (__DefaultInterrupt)
                  0x0040aa          0x4 LONG 0x500e DEFINED (__Interrupt75)?ABSOLUTE (__Interrupt75):ABSOLUTE (__DefaultInterrupt)
                  0x0040ac          0x4 LONG 0x500e DEFINED (__Interrupt76)?ABSOLUTE (__Interrupt76):ABSOLUTE (__DefaultInterrupt)
                  0x0040ae          0x4 LONG 0x500e DEFINED (__CTMUInterrupt)?ABSOLUTE (__CTMUInterrupt):ABSOLUTE (__DefaultInterrupt)
                  0x0040b0          0x4 LONG 0x500e DEFINED (__Interrupt78)?ABSOLUTE (__Interrupt78):ABSOLUTE (__DefaultInterrupt)
                  0x0040b2          0x4 LONG 0x500e DEFINED (__Interrupt79)?ABSOLUTE (__Interrupt79):ABSOLUTE (__DefaultInterrupt)
                  0x0040b4          0x4 LONG 0x500e DEFINED (__Interrupt80)?ABSOLUTE (__Interrupt80):ABSOLUTE (__DefaultInterrupt)
                  0x0040b6          0x4 LONG 0x500e DEFINED (__Interrupt81)?ABSOLUTE (__Interrupt81):ABSOLUTE (__DefaultInterrupt)
                  0x0040b8          0x4 LONG 0x500e DEFINED (__Interrupt82)?ABSOLUTE (__Interrupt82):ABSOLUTE (__DefaultInterrupt)
                  0x0040ba          0x4 LONG 0x500e DEFINED (__Interrupt83)?ABSOLUTE (__Interrupt83):ABSOLUTE (__DefaultInterrupt)
                  0x0040bc          0x4 LONG 0x500e DEFINED (__I2C1BCInterrupt)?ABSOLUTE (__I2C1BCInterrupt):ABSOLUTE (__DefaultInterrupt)
                  0x0040be          0x4 LONG 0x500e DEFINED (__I2C2BCInterrupt)?ABSOLUTE (__I2C2BCInterrupt):ABSOLUTE (__DefaultInterrupt)
                  0x0040c0          0x4 LONG 0x500e DEFINED (__Interrupt86)?ABSOLUTE (__Interrupt86):ABSOLUTE (__DefaultInterrupt)
                  0x0040c2          0x4 LONG 0x500e DEFINED (__Interrupt87)?ABSOLUTE (__Interrupt87):ABSOLUTE (__DefaultInterrupt)
                  0x0040c4          0x4 LONG 0x500e DEFINED (__Interrupt88)?ABSOLUTE (__Interrupt88):ABSOLUTE (__DefaultInterrupt)
                  0x0040c6          0x4 LONG 0x500e DEFINED (__Interrupt89)?ABSOLUTE (__Interrupt89):ABSOLUTE (__DefaultInterrupt)
                  0x0040c8          0x4 LONG 0x500e DEFINED (__SPI3Interrupt)?ABSOLUTE (__SPI3Interrupt):ABSOLUTE (__DefaultInterrupt)
                  0x0040ca          0x4 LONG 0x500e DEFINED (__SPI3TXInterrupt)?ABSOLUTE (__SPI3TXInterrupt):ABSOLUTE (__DefaultInterrupt)
                  0x0040cc          0x4 LONG 0x500e DEFINED (__Interrupt92)?ABSOLUTE (__Interrupt92):ABSOLUTE (__DefaultInterrupt)
                  0x0040ce          0x4 LONG 0x500e DEFINED (__Interrupt93)?ABSOLUTE (__Interrupt93):ABSOLUTE (__DefaultInterrupt)
                  0x0040d0          0x4 LONG 0x500e DEFINED (__CCP3Interrupt)?ABSOLUTE (__CCP3Interrupt):ABSOLUTE (__DefaultInterrupt)
                  0x0040d2          0x4 LONG 0x500e DEFINED (__CCP4Interrupt)?ABSOLUTE (__CCP4Interrupt):ABSOLUTE (__DefaultInterrupt)
                  0x0040d4          0x4 LONG 0x500e DEFINED (__CLC1Interrupt)?ABSOLUTE (__CLC1Interrupt):ABSOLUTE (__DefaultInterrupt)
                  0x0040d6          0x4 LONG 0x500e DEFINED (__CLC2Interrupt)?ABSOLUTE (__CLC2Interrupt):ABSOLUTE (__DefaultInterrupt)
                  0x0040d8          0x4 LONG 0x500e DEFINED (__Interrupt98)?ABSOLUTE (__Interrupt98):ABSOLUTE (__DefaultInterrupt)
                  0x0040da          0x4 LONG 0x500e DEFINED (__Interrupt99)?ABSOLUTE (__Interrupt99):ABSOLUTE (__DefaultInterrupt)
                  0x0040dc          0x4 LONG 0x500e DEFINED (__Interrupt100)?ABSOLUTE (__Interrupt100):ABSOLUTE (__DefaultInterrupt)
                  0x0040de          0x4 LONG 0x500e DEFINED (__CCT1Interrupt)?ABSOLUTE (__CCT1Interrupt):ABSOLUTE (__DefaultInterrupt)
                  0x0040e0          0x4 LONG 0x500e DEFINED (__CCT2Interrupt)?ABSOLUTE (__CCT2Interrupt):ABSOLUTE (__DefaultInterrupt)
                  0x0040e2          0x4 LONG 0x500e DEFINED (__Interrupt103)?ABSOLUTE (__Interrupt103):ABSOLUTE (__DefaultInterrupt)
                  0x0040e4          0x4 LONG 0x500e DEFINED (__Interrupt104)?ABSOLUTE (__Interrupt104):ABSOLUTE (__DefaultInterrupt)
                  0x0040e6          0x4 LONG 0x500e DEFINED (__Interrupt105)?ABSOLUTE (__Interrupt105):ABSOLUTE (__DefaultInterrupt)
                  0x0040e8          0x4 LONG 0x500e DEFINED (__FSTInterrupt)?ABSOLUTE (__FSTInterrupt):ABSOLUTE (__DefaultInterrupt)
                  0x0040ea          0x4 LONG 0x500e DEFINED (__Interrupt107)?ABSOLUTE (__Interrupt107):ABSOLUTE (__DefaultInterrupt)
                  0x0040ec          0x4 LONG 0x500e DEFINED (__ECCInterrupt)?ABSOLUTE (__ECCInterrupt):ABSOLUTE (__DefaultInterrupt)
                  0x0040ee          0x4 LONG 0x500e DEFINED (__I2C3BCInterrupt)?ABSOLUTE (__I2C3BCInterrupt):ABSOLUTE (__DefaultInterrupt)
                  0x0040f0          0x4 LONG 0x500e DEFINED (__RTCCTSInterrupt)?ABSOLUTE (__RTCCTSInterrupt):ABSOLUTE (__DefaultInterrupt)
                  0x0040f2          0x4 LONG 0x500e DEFINED (__Interrupt111)?ABSOLUTE (__Interrupt111):ABSOLUTE (__DefaultInterrupt)
                  0x0040f4          0x4 LONG 0x500e DEFINED (__Interrupt112)?ABSOLUTE (__Interrupt112):ABSOLUTE (__DefaultInterrupt)
                  0x0040f6          0x4 LONG 0x500e DEFINED (__Interrupt113)?ABSOLUTE (__Interrupt113):ABSOLUTE (__DefaultInterrupt)
                  0x0040f8          0x4 LONG 0x500e DEFINED (__Interrupt114)?ABSOLUTE (__Interrupt114):ABSOLUTE (__DefaultInterrupt)
                  0x0040fa          0x4 LONG 0x500e DEFINED (__Interrupt115)?ABSOLUTE (__Interrupt115):ABSOLUTE (__DefaultInterrupt)
                  0x0040fc          0x4 LONG 0x500e DEFINED (__Interrupt116)?ABSOLUTE (__Interrupt116):ABSOLUTE (__DefaultInterrupt)
                  0x0040fe          0x4 LONG 0x500e DEFINED (__JTAGInterrupt)?ABSOLUTE (__JTAGInterrupt):ABSOLUTE (__DefaultInterrupt)
                    0x0000                  WREG0 = 0x0
                    0x0000                  _WREG0 = 0x0
                    0x0002                  WREG1 = 0x2
                    0x0002                  _WREG1 = 0x2
                    0x0004                  WREG2 = 0x4
                    0x0004                  _WREG2 = 0x4
                    0x0006                  WREG3 = 0x6
                    0x0006                  _WREG3 = 0x6
                    0x0008                  WREG4 = 0x8
                    0x0008                  _WREG4 = 0x8
                    0x000a                  WREG5 = 0xa
                    0x000a                  _WREG5 = 0xa
                    0x000c                  WREG6 = 0xc
                    0x000c                  _WREG6 = 0xc
                    0x000e                  WREG7 = 0xe
                    0x000e                  _WREG7 = 0xe
                    0x0010                  WREG8 = 0x10
                    0x0010                  _WREG8 = 0x10
                    0x0012                  WREG9 = 0x12
                    0x0012                  _WREG9 = 0x12
                    0x0014                  WREG10 = 0x14
                    0x0014                  _WREG10 = 0x14
                    0x0016                  WREG11 = 0x16
                    0x0016                  _WREG11 = 0x16
                    0x0018                  WREG12 = 0x18
                    0x0018                  _WREG12 = 0x18
                    0x001a                  WREG13 = 0x1a
                    0x001a                  _WREG13 = 0x1a
                    0x001c                  WREG14 = 0x1c
                    0x001c                  _WREG14 = 0x1c
                    0x001e                  WREG15 = 0x1e
                    0x001e                  _WREG15 = 0x1e
                    0x0020                  SPLIM = 0x20
                    0x0020                  _SPLIM = 0x20
                    0x002e                  PCL = 0x2e
                    0x002e                  _PCL = 0x2e
                    0x0030                  PCH = 0x30
                    0x0030                  _PCH = 0x30
                    0x0032                  DSRPAG = 0x32
                    0x0032                  _DSRPAG = 0x32
                    0x0032                  _DSRPAGbits = 0x32
                    0x0034                  DSWPAG = 0x34
                    0x0034                  _DSWPAG = 0x34
                    0x0034                  _DSWPAGbits = 0x34
                    0x0036                  RCOUNT = 0x36
                    0x0036                  _RCOUNT = 0x36
                    0x0042                  SR = 0x42
                    0x0042                  _SR = 0x42
                    0x0042                  _SRbits = 0x42
                    0x0044                  CORCON = 0x44
                    0x0044                  _CORCON = 0x44
                    0x0044                  _CORCONbits = 0x44
                    0x0052                  DISICNT = 0x52
                    0x0052                  _DISICNT = 0x52
                    0x0052                  _DISICNTbits = 0x52
                    0x0054                  TBLPAG = 0x54
                    0x0054                  _TBLPAG = 0x54
                    0x0054                  _TBLPAGbits = 0x54
                    0x0080                  INTCON1 = 0x80
                    0x0080                  _INTCON1 = 0x80
                    0x0080                  _INTCON1bits = 0x80
                    0x0082                  INTCON2 = 0x82
                    0x0082                  _INTCON2 = 0x82
                    0x0082                  _INTCON2bits = 0x82
                    0x0086                  INTCON4 = 0x86
                    0x0086                  _INTCON4 = 0x86
                    0x0086                  _INTCON4bits = 0x86
                    0x0088                  IFS0 = 0x88
                    0x0088                  _IFS0 = 0x88
                    0x0088                  _IFS0bits = 0x88
                    0x008a                  IFS1 = 0x8a
                    0x008a                  _IFS1 = 0x8a
                    0x008a                  _IFS1bits = 0x8a
                    0x008c                  IFS2 = 0x8c
                    0x008c                  _IFS2 = 0x8c
                    0x008c                  _IFS2bits = 0x8c
                    0x008e                  IFS3 = 0x8e
                    0x008e                  _IFS3 = 0x8e
                    0x008e                  _IFS3bits = 0x8e
                    0x0090                  IFS4 = 0x90
                    0x0090                  _IFS4 = 0x90
                    0x0090                  _IFS4bits = 0x90
                    0x0092                  IFS5 = 0x92
                    0x0092                  _IFS5 = 0x92
                    0x0092                  _IFS5bits = 0x92
                    0x0094                  IFS6 = 0x94
                    0x0094                  _IFS6 = 0x94
                    0x0094                  _IFS6bits = 0x94
                    0x0096                  IFS7 = 0x96
                    0x0096                  _IFS7 = 0x96
                    0x0096                  _IFS7bits = 0x96
                    0x0098                  IEC0 = 0x98
                    0x0098                  _IEC0 = 0x98
                    0x0098                  _IEC0bits = 0x98
                    0x009a                  IEC1 = 0x9a
                    0x009a                  _IEC1 = 0x9a
                    0x009a                  _IEC1bits = 0x9a
                    0x009c                  IEC2 = 0x9c
                    0x009c                  _IEC2 = 0x9c
                    0x009c                  _IEC2bits = 0x9c
                    0x009e                  IEC3 = 0x9e
                    0x009e                  _IEC3 = 0x9e
                    0x009e                  _IEC3bits = 0x9e
                    0x00a0                  IEC4 = 0xa0
                    0x00a0                  _IEC4 = 0xa0
                    0x00a0                  _IEC4bits = 0xa0
                    0x00a2                  IEC5 = 0xa2
                    0x00a2                  _IEC5 = 0xa2
                    0x00a2                  _IEC5bits = 0xa2
                    0x00a4                  IEC6 = 0xa4
                    0x00a4                  _IEC6 = 0xa4
                    0x00a4                  _IEC6bits = 0xa4
                    0x00a6                  IEC7 = 0xa6
                    0x00a6                  _IEC7 = 0xa6
                    0x00a6                  _IEC7bits = 0xa6
                    0x00a8                  IPC0 = 0xa8
                    0x00a8                  _IPC0 = 0xa8
                    0x00a8                  _IPC0bits = 0xa8
                    0x00aa                  IPC1 = 0xaa
                    0x00aa                  _IPC1 = 0xaa
                    0x00aa                  _IPC1bits = 0xaa
                    0x00ac                  IPC2 = 0xac
                    0x00ac                  _IPC2 = 0xac
                    0x00ac                  _IPC2bits = 0xac
                    0x00ae                  IPC3 = 0xae
                    0x00ae                  _IPC3 = 0xae
                    0x00ae                  _IPC3bits = 0xae
                    0x00b0                  IPC4 = 0xb0
                    0x00b0                  _IPC4 = 0xb0
                    0x00b0                  _IPC4bits = 0xb0
                    0x00b2                  IPC5 = 0xb2
                    0x00b2                  _IPC5 = 0xb2
                    0x00b2                  _IPC5bits = 0xb2
                    0x00b4                  IPC6 = 0xb4
                    0x00b4                  _IPC6 = 0xb4
                    0x00b4                  _IPC6bits = 0xb4
                    0x00b6                  IPC7 = 0xb6
                    0x00b6                  _IPC7 = 0xb6
                    0x00b6                  _IPC7bits = 0xb6
                    0x00b8                  IPC8 = 0xb8
                    0x00b8                  _IPC8 = 0xb8
                    0x00b8                  _IPC8bits = 0xb8
                    0x00ba                  IPC9 = 0xba
                    0x00ba                  _IPC9 = 0xba
                    0x00ba                  _IPC9bits = 0xba
                    0x00bc                  IPC10 = 0xbc
                    0x00bc                  _IPC10 = 0xbc
                    0x00bc                  _IPC10bits = 0xbc
                    0x00be                  IPC11 = 0xbe
                    0x00be                  _IPC11 = 0xbe
                    0x00be                  _IPC11bits = 0xbe
                    0x00c0                  IPC12 = 0xc0
                    0x00c0                  _IPC12 = 0xc0
                    0x00c0                  _IPC12bits = 0xc0
                    0x00c2                  IPC13 = 0xc2
                    0x00c2                  _IPC13 = 0xc2
                    0x00c2                  _IPC13bits = 0xc2
                    0x00c4                  IPC14 = 0xc4
                    0x00c4                  _IPC14 = 0xc4
                    0x00c4                  _IPC14bits = 0xc4
                    0x00c6                  IPC15 = 0xc6
                    0x00c6                  _IPC15 = 0xc6
                    0x00c6                  _IPC15bits = 0xc6
                    0x00c8                  IPC16 = 0xc8
                    0x00c8                  _IPC16 = 0xc8
                    0x00c8                  _IPC16bits = 0xc8
                    0x00ca                  IPC17 = 0xca
                    0x00ca                  _IPC17 = 0xca
                    0x00ca                  _IPC17bits = 0xca
                    0x00cc                  IPC18 = 0xcc
                    0x00cc                  _IPC18 = 0xcc
                    0x00cc                  _IPC18bits = 0xcc
                    0x00ce                  IPC19 = 0xce
                    0x00ce                  _IPC19 = 0xce
                    0x00ce                  _IPC19bits = 0xce
                    0x00d0                  IPC20 = 0xd0
                    0x00d0                  _IPC20 = 0xd0
                    0x00d0                  _IPC20bits = 0xd0
                    0x00d2                  IPC21 = 0xd2
                    0x00d2                  _IPC21 = 0xd2
                    0x00d2                  _IPC21bits = 0xd2
                    0x00d4                  IPC22 = 0xd4
                    0x00d4                  _IPC22 = 0xd4
                    0x00d4                  _IPC22bits = 0xd4
                    0x00d6                  IPC23 = 0xd6
                    0x00d6                  _IPC23 = 0xd6
                    0x00d6                  _IPC23bits = 0xd6
                    0x00d8                  IPC24 = 0xd8
                    0x00d8                  _IPC24 = 0xd8
                    0x00d8                  _IPC24bits = 0xd8
                    0x00da                  IPC25 = 0xda
                    0x00da                  _IPC25 = 0xda
                    0x00da                  _IPC25bits = 0xda
                    0x00dc                  IPC26 = 0xdc
                    0x00dc                  _IPC26 = 0xdc
                    0x00dc                  _IPC26bits = 0xdc
                    0x00de                  IPC27 = 0xde
                    0x00de                  _IPC27 = 0xde
                    0x00de                  _IPC27bits = 0xde
                    0x00e0                  IPC28 = 0xe0
                    0x00e0                  _IPC28 = 0xe0
                    0x00e0                  _IPC28bits = 0xe0
                    0x00e2                  IPC29 = 0xe2
                    0x00e2                  _IPC29 = 0xe2
                    0x00e2                  _IPC29bits = 0xe2
                    0x00e4                  INTTREG = 0xe4
                    0x00e4                  _INTTREG = 0xe4
                    0x00e4                  _INTTREGbits = 0xe4
                    0x0100                  OSCCON = 0x100
                    0x0100                  _OSCCON = 0x100
                    0x0100                  _OSCCONbits = 0x100
                    0x0100                  OSCCONL = 0x100
                    0x0100                  _OSCCONL = 0x100
                    0x0101                  OSCCONH = 0x101
                    0x0101                  _OSCCONH = 0x101
                    0x0102                  CLKDIV = 0x102
                    0x0102                  _CLKDIV = 0x102
                    0x0102                  _CLKDIVbits = 0x102
                    0x0106                  OSCTUN = 0x106
                    0x0106                  _OSCTUN = 0x106
                    0x0106                  _OSCTUNbits = 0x106
                    0x0108                  DCOTUN = 0x108
                    0x0108                  _DCOTUN = 0x108
                    0x0108                  _DCOTUNbits = 0x108
                    0x010a                  DCOCON = 0x10a
                    0x010a                  _DCOCON = 0x10a
                    0x010a                  _DCOCONbits = 0x10a
                    0x010c                  OSCDIV = 0x10c
                    0x010c                  _OSCDIV = 0x10c
                    0x010c                  _OSCDIVbits = 0x10c
                    0x010e                  OSCFDIV = 0x10e
                    0x010e                  _OSCFDIV = 0x10e
                    0x010e                  _OSCFDIVbits = 0x10e
                    0x0110                  RCON = 0x110
                    0x0110                  _RCON = 0x110
                    0x0110                  _RCONbits = 0x110
                    0x0114                  HLVDCON = 0x114
                    0x0114                  _HLVDCON = 0x114
                    0x0114                  _HLVDCONbits = 0x114
                    0x0158                  CRCCON1 = 0x158
                    0x0158                  _CRCCON1 = 0x158
                    0x0158                  _CRCCON1bits = 0x158
                    0x015a                  CRCCON2 = 0x15a
                    0x015a                  _CRCCON2 = 0x15a
                    0x015a                  _CRCCON2bits = 0x15a
                    0x015c                  CRCXORL = 0x15c
                    0x015c                  _CRCXORL = 0x15c
                    0x015c                  _CRCXORLbits = 0x15c
                    0x015e                  CRCXORH = 0x15e
                    0x015e                  _CRCXORH = 0x15e
                    0x015e                  _CRCXORHbits = 0x15e
                    0x0160                  CRCDAT = 0x160
                    0x0160                  _CRCDAT = 0x160
                    0x0160                  CRCDATL = 0x160
                    0x0160                  _CRCDATL = 0x160
                    0x0162                  CRCDATH = 0x162
                    0x0162                  _CRCDATH = 0x162
                    0x0164                  CRCWDAT = 0x164
                    0x0164                  _CRCWDAT = 0x164
                    0x0164                  CRCWDATL = 0x164
                    0x0164                  _CRCWDATL = 0x164
                    0x0166                  CRCWDATH = 0x166
                    0x0166                  _CRCWDATH = 0x166
                    0x0168                  REFOCON1 = 0x168
                    0x0168                  _REFOCON1 = 0x168
                    0x0168                  _REFOCON1bits = 0x168
                    0x0168                  REFOCONL = 0x168
                    0x0168                  _REFOCONL = 0x168
                    0x0168                  _REFOCONLbits = 0x168
                    0x016a                  REFOCON2 = 0x16a
                    0x016a                  _REFOCON2 = 0x16a
                    0x016a                  _REFOCON2bits = 0x16a
                    0x016a                  REFOCONH = 0x16a
                    0x016a                  _REFOCONH = 0x16a
                    0x016a                  _REFOCONHbits = 0x16a
                    0x0178                  PMD1 = 0x178
                    0x0178                  _PMD1 = 0x178
                    0x0178                  _PMD1bits = 0x178
                    0x017a                  PMD2 = 0x17a
                    0x017a                  _PMD2 = 0x17a
                    0x017a                  _PMD2bits = 0x17a
                    0x017c                  PMD3 = 0x17c
                    0x017c                  _PMD3 = 0x17c
                    0x017c                  _PMD3bits = 0x17c
                    0x017e                  PMD4 = 0x17e
                    0x017e                  _PMD4 = 0x17e
                    0x017e                  _PMD4bits = 0x17e
                    0x0180                  PMD5 = 0x180
                    0x0180                  _PMD5 = 0x180
                    0x0180                  _PMD5bits = 0x180
                    0x0182                  PMD6 = 0x182
                    0x0182                  _PMD6 = 0x182
                    0x0182                  _PMD6bits = 0x182
                    0x0184                  PMD7 = 0x184
                    0x0184                  _PMD7 = 0x184
                    0x0184                  _PMD7bits = 0x184
                    0x0186                  PMD8 = 0x186
                    0x0186                  _PMD8 = 0x186
                    0x0186                  _PMD8bits = 0x186
                    0x0190                  TMR1 = 0x190
                    0x0190                  _TMR1 = 0x190
                    0x0192                  PR1 = 0x192
                    0x0192                  _PR1 = 0x192
                    0x0194                  T1CON = 0x194
                    0x0194                  _T1CON = 0x194
                    0x0194                  _T1CONbits = 0x194
                    0x0196                  TMR2 = 0x196
                    0x0196                  _TMR2 = 0x196
                    0x0198                  TMR3HLD = 0x198
                    0x0198                  _TMR3HLD = 0x198
                    0x019a                  TMR3 = 0x19a
                    0x019a                  _TMR3 = 0x19a
                    0x019c                  PR2 = 0x19c
                    0x019c                  _PR2 = 0x19c
                    0x019e                  PR3 = 0x19e
                    0x019e                  _PR3 = 0x19e
                    0x01a0                  T2CON = 0x1a0
                    0x01a0                  _T2CON = 0x1a0
                    0x01a0                  _T2CONbits = 0x1a0
                    0x01a2                  T3CON = 0x1a2
                    0x01a2                  _T3CON = 0x1a2
                    0x01a2                  _T3CONbits = 0x1a2
                    0x01c0                  CTMUCON1L = 0x1c0
                    0x01c0                  _CTMUCON1L = 0x1c0
                    0x01c0                  _CTMUCON1Lbits = 0x1c0
                    0x01c2                  CTMUCON1H = 0x1c2
                    0x01c2                  _CTMUCON1H = 0x1c2
                    0x01c2                  _CTMUCON1Hbits = 0x1c2
                    0x01c4                  CTMUCON2L = 0x1c4
                    0x01c4                  _CTMUCON2L = 0x1c4
                    0x01c4                  _CTMUCON2Lbits = 0x1c4
                    0x01cc                  RTCCON1L = 0x1cc
                    0x01cc                  _RTCCON1L = 0x1cc
                    0x01cc                  _RTCCON1Lbits = 0x1cc
                    0x01ce                  RTCCON1H = 0x1ce
                    0x01ce                  _RTCCON1H = 0x1ce
                    0x01ce                  _RTCCON1Hbits = 0x1ce
                    0x01d0                  RTCCON2L = 0x1d0
                    0x01d0                  _RTCCON2L = 0x1d0
                    0x01d0                  _RTCCON2Lbits = 0x1d0
                    0x01d2                  RTCCON2H = 0x1d2
                    0x01d2                  _RTCCON2H = 0x1d2
                    0x01d4                  RTCCON3L = 0x1d4
                    0x01d4                  _RTCCON3L = 0x1d4
                    0x01d4                  _RTCCON3Lbits = 0x1d4
                    0x01d8                  RTCSTATL = 0x1d8
                    0x01d8                  _RTCSTATL = 0x1d8
                    0x01d8                  _RTCSTATLbits = 0x1d8
                    0x01dc                  TIMEL = 0x1dc
                    0x01dc                  _TIMEL = 0x1dc
                    0x01dc                  _TIMELbits = 0x1dc
                    0x01de                  TIMEH = 0x1de
                    0x01de                  _TIMEH = 0x1de
                    0x01de                  _TIMEHbits = 0x1de
                    0x01e0                  DATEL = 0x1e0
                    0x01e0                  _DATEL = 0x1e0
                    0x01e0                  _DATELbits = 0x1e0
                    0x01e2                  DATEH = 0x1e2
                    0x01e2                  _DATEH = 0x1e2
                    0x01e2                  _DATEHbits = 0x1e2
                    0x01e4                  ALMTIMEL = 0x1e4
                    0x01e4                  _ALMTIMEL = 0x1e4
                    0x01e4                  _ALMTIMELbits = 0x1e4
                    0x01e6                  ALMTIMEH = 0x1e6
                    0x01e6                  _ALMTIMEH = 0x1e6
                    0x01e6                  _ALMTIMEHbits = 0x1e6
                    0x01e8                  ALMDATEL = 0x1e8
                    0x01e8                  _ALMDATEL = 0x1e8
                    0x01e8                  _ALMDATELbits = 0x1e8
                    0x01ea                  ALMDATEH = 0x1ea
                    0x01ea                  _ALMDATEH = 0x1ea
                    0x01ea                  _ALMDATEHbits = 0x1ea
                    0x01ec                  TSATIMEL = 0x1ec
                    0x01ec                  _TSATIMEL = 0x1ec
                    0x01ec                  _TSATIMELbits = 0x1ec
                    0x01ee                  TSATIMEH = 0x1ee
                    0x01ee                  _TSATIMEH = 0x1ee
                    0x01ee                  _TSATIMEHbits = 0x1ee
                    0x01f0                  TSADATEL = 0x1f0
                    0x01f0                  _TSADATEL = 0x1f0
                    0x01f0                  _TSADATELbits = 0x1f0
                    0x01f2                  TSADATEH = 0x1f2
                    0x01f2                  _TSADATEH = 0x1f2
                    0x01f2                  _TSADATEHbits = 0x1f2
                    0x0200                  IC1CON1 = 0x200
                    0x0200                  _IC1CON1 = 0x200
                    0x0200                  _IC1CON1bits = 0x200
                    0x0202                  IC1CON2 = 0x202
                    0x0202                  _IC1CON2 = 0x202
                    0x0202                  _IC1CON2bits = 0x202
                    0x0204                  IC1BUF = 0x204
                    0x0204                  _IC1BUF = 0x204
                    0x0206                  IC1TMR = 0x206
                    0x0206                  _IC1TMR = 0x206
                    0x0208                  IC2CON1 = 0x208
                    0x0208                  _IC2CON1 = 0x208
                    0x0208                  _IC2CON1bits = 0x208
                    0x020a                  IC2CON2 = 0x20a
                    0x020a                  _IC2CON2 = 0x20a
                    0x020a                  _IC2CON2bits = 0x20a
                    0x020c                  IC2BUF = 0x20c
                    0x020c                  _IC2BUF = 0x20c
                    0x020e                  IC2TMR = 0x20e
                    0x020e                  _IC2TMR = 0x20e
                    0x0210                  IC3CON1 = 0x210
                    0x0210                  _IC3CON1 = 0x210
                    0x0210                  _IC3CON1bits = 0x210
                    0x0212                  IC3CON2 = 0x212
                    0x0212                  _IC3CON2 = 0x212
                    0x0212                  _IC3CON2bits = 0x212
                    0x0214                  IC3BUF = 0x214
                    0x0214                  _IC3BUF = 0x214
                    0x0216                  IC3TMR = 0x216
                    0x0216                  _IC3TMR = 0x216
                    0x0230                  OC1CON1 = 0x230
                    0x0230                  _OC1CON1 = 0x230
                    0x0230                  _OC1CON1bits = 0x230
                    0x0232                  OC1CON2 = 0x232
                    0x0232                  _OC1CON2 = 0x232
                    0x0232                  _OC1CON2bits = 0x232
                    0x0234                  OC1RS = 0x234
                    0x0234                  _OC1RS = 0x234
                    0x0236                  OC1R = 0x236
                    0x0236                  _OC1R = 0x236
                    0x0238                  OC1TMR = 0x238
                    0x0238                  _OC1TMR = 0x238
                    0x023a                  OC2CON1 = 0x23a
                    0x023a                  _OC2CON1 = 0x23a
                    0x023a                  _OC2CON1bits = 0x23a
                    0x023c                  OC2CON2 = 0x23c
                    0x023c                  _OC2CON2 = 0x23c
                    0x023c                  _OC2CON2bits = 0x23c
                    0x023e                  OC2RS = 0x23e
                    0x023e                  _OC2RS = 0x23e
                    0x0240                  OC2R = 0x240
                    0x0240                  _OC2R = 0x240
                    0x0242                  OC2TMR = 0x242
                    0x0242                  _OC2TMR = 0x242
                    0x0244                  OC3CON1 = 0x244
                    0x0244                  _OC3CON1 = 0x244
                    0x0244                  _OC3CON1bits = 0x244
                    0x0246                  OC3CON2 = 0x246
                    0x0246                  _OC3CON2 = 0x246
                    0x0246                  _OC3CON2bits = 0x246
                    0x0248                  OC3RS = 0x248
                    0x0248                  _OC3RS = 0x248
                    0x024a                  OC3R = 0x24a
                    0x024a                  _OC3R = 0x24a
                    0x024c                  OC3TMR = 0x24c
                    0x024c                  _OC3TMR = 0x24c
                    0x026c                  CCP1CON1L = 0x26c
                    0x026c                  _CCP1CON1L = 0x26c
                    0x026c                  _CCP1CON1Lbits = 0x26c
                    0x026e                  CCP1CON1H = 0x26e
                    0x026e                  _CCP1CON1H = 0x26e
                    0x026e                  _CCP1CON1Hbits = 0x26e
                    0x0270                  CCP1CON2L = 0x270
                    0x0270                  _CCP1CON2L = 0x270
                    0x0270                  _CCP1CON2Lbits = 0x270
                    0x0272                  CCP1CON2H = 0x272
                    0x0272                  _CCP1CON2H = 0x272
                    0x0272                  _CCP1CON2Hbits = 0x272
                    0x0274                  CCP1CON3L = 0x274
                    0x0274                  _CCP1CON3L = 0x274
                    0x0274                  _CCP1CON3Lbits = 0x274
                    0x0276                  CCP1CON3H = 0x276
                    0x0276                  _CCP1CON3H = 0x276
                    0x0276                  _CCP1CON3Hbits = 0x276
                    0x0278                  CCP1STAT = 0x278
                    0x0278                  _CCP1STAT = 0x278
                    0x0278                  _CCP1STATbits = 0x278
                    0x0278                  CCP1STATL = 0x278
                    0x0278                  _CCP1STATL = 0x278
                    0x0278                  _CCP1STATLbits = 0x278
                    0x027a                  CCP1STATH = 0x27a
                    0x027a                  _CCP1STATH = 0x27a
                    0x027a                  _CCP1STATHbits = 0x27a
                    0x027c                  CCP1TMRL = 0x27c
                    0x027c                  _CCP1TMRL = 0x27c
                    0x027e                  CCP1TMRH = 0x27e
                    0x027e                  _CCP1TMRH = 0x27e
                    0x0280                  CCP1PRL = 0x280
                    0x0280                  _CCP1PRL = 0x280
                    0x0282                  CCP1PRH = 0x282
                    0x0282                  _CCP1PRH = 0x282
                    0x0284                  CCP1RA = 0x284
                    0x0284                  _CCP1RA = 0x284
                    0x0284                  CCP1RAL = 0x284
                    0x0284                  _CCP1RAL = 0x284
                    0x0286                  CCP1RAH = 0x286
                    0x0286                  _CCP1RAH = 0x286
                    0x0288                  CCP1RB = 0x288
                    0x0288                  _CCP1RB = 0x288
                    0x0288                  CCP1RBL = 0x288
                    0x0288                  _CCP1RBL = 0x288
                    0x028a                  CCP1RBH = 0x28a
                    0x028a                  _CCP1RBH = 0x28a
                    0x028c                  CCP1BUFL = 0x28c
                    0x028c                  _CCP1BUFL = 0x28c
                    0x028e                  CCP1BUFH = 0x28e
                    0x028e                  _CCP1BUFH = 0x28e
                    0x0290                  CCP2CON1L = 0x290
                    0x0290                  _CCP2CON1L = 0x290
                    0x0290                  _CCP2CON1Lbits = 0x290
                    0x0292                  CCP2CON1H = 0x292
                    0x0292                  _CCP2CON1H = 0x292
                    0x0292                  _CCP2CON1Hbits = 0x292
                    0x0294                  CCP2CON2L = 0x294
                    0x0294                  _CCP2CON2L = 0x294
                    0x0294                  _CCP2CON2Lbits = 0x294
                    0x0296                  CCP2CON2H = 0x296
                    0x0296                  _CCP2CON2H = 0x296
                    0x0296                  _CCP2CON2Hbits = 0x296
                    0x029a                  CCP2CON3H = 0x29a
                    0x029a                  _CCP2CON3H = 0x29a
                    0x029a                  _CCP2CON3Hbits = 0x29a
                    0x029c                  CCP2STAT = 0x29c
                    0x029c                  _CCP2STAT = 0x29c
                    0x029c                  _CCP2STATbits = 0x29c
                    0x029c                  CCP2STATL = 0x29c
                    0x029c                  _CCP2STATL = 0x29c
                    0x029c                  _CCP2STATLbits = 0x29c
                    0x029e                  CCP2STATH = 0x29e
                    0x029e                  _CCP2STATH = 0x29e
                    0x029e                  _CCP2STATHbits = 0x29e
                    0x02a0                  CCP2TMRL = 0x2a0
                    0x02a0                  _CCP2TMRL = 0x2a0
                    0x02a2                  CCP2TMRH = 0x2a2
                    0x02a2                  _CCP2TMRH = 0x2a2
                    0x02a4                  CCP2PRL = 0x2a4
                    0x02a4                  _CCP2PRL = 0x2a4
                    0x02a6                  CCP2PRH = 0x2a6
                    0x02a6                  _CCP2PRH = 0x2a6
                    0x02a8                  CCP2RA = 0x2a8
                    0x02a8                  _CCP2RA = 0x2a8
                    0x02a8                  CCP2RAL = 0x2a8
                    0x02a8                  _CCP2RAL = 0x2a8
                    0x02aa                  CCP2RAH = 0x2aa
                    0x02aa                  _CCP2RAH = 0x2aa
                    0x02ac                  CCP2RB = 0x2ac
                    0x02ac                  _CCP2RB = 0x2ac
                    0x02ac                  CCP2RBL = 0x2ac
                    0x02ac                  _CCP2RBL = 0x2ac
                    0x02ae                  CCP2RBH = 0x2ae
                    0x02ae                  _CCP2RBH = 0x2ae
                    0x02b0                  CCP2BUFL = 0x2b0
                    0x02b0                  _CCP2BUFL = 0x2b0
                    0x02b2                  CCP2BUFH = 0x2b2
                    0x02b2                  _CCP2BUFH = 0x2b2
                    0x02b4                  CCP3CON1L = 0x2b4
                    0x02b4                  _CCP3CON1L = 0x2b4
                    0x02b4                  _CCP3CON1Lbits = 0x2b4
                    0x02b6                  CCP3CON1H = 0x2b6
                    0x02b6                  _CCP3CON1H = 0x2b6
                    0x02b6                  _CCP3CON1Hbits = 0x2b6
                    0x02b8                  CCP3CON2L = 0x2b8
                    0x02b8                  _CCP3CON2L = 0x2b8
                    0x02b8                  _CCP3CON2Lbits = 0x2b8
                    0x02ba                  CCP3CON2H = 0x2ba
                    0x02ba                  _CCP3CON2H = 0x2ba
                    0x02ba                  _CCP3CON2Hbits = 0x2ba
                    0x02be                  CCP3CON3H = 0x2be
                    0x02be                  _CCP3CON3H = 0x2be
                    0x02be                  _CCP3CON3Hbits = 0x2be
                    0x02c0                  CCP3STAT = 0x2c0
                    0x02c0                  _CCP3STAT = 0x2c0
                    0x02c0                  _CCP3STATbits = 0x2c0
                    0x02c0                  CCP3STATL = 0x2c0
                    0x02c0                  _CCP3STATL = 0x2c0
                    0x02c0                  _CCP3STATLbits = 0x2c0
                    0x02c2                  CCP3STATH = 0x2c2
                    0x02c2                  _CCP3STATH = 0x2c2
                    0x02c2                  _CCP3STATHbits = 0x2c2
                    0x02c4                  CCP3TMRL = 0x2c4
                    0x02c4                  _CCP3TMRL = 0x2c4
                    0x02c6                  CCP3TMRH = 0x2c6
                    0x02c6                  _CCP3TMRH = 0x2c6
                    0x02c8                  CCP3PRL = 0x2c8
                    0x02c8                  _CCP3PRL = 0x2c8
                    0x02ca                  CCP3PRH = 0x2ca
                    0x02ca                  _CCP3PRH = 0x2ca
                    0x02cc                  CCP3RA = 0x2cc
                    0x02cc                  _CCP3RA = 0x2cc
                    0x02cc                  CCP3RAL = 0x2cc
                    0x02cc                  _CCP3RAL = 0x2cc
                    0x02ce                  CCP3RAH = 0x2ce
                    0x02ce                  _CCP3RAH = 0x2ce
                    0x02d0                  CCP3RB = 0x2d0
                    0x02d0                  _CCP3RB = 0x2d0
                    0x02d0                  CCP3RBL = 0x2d0
                    0x02d0                  _CCP3RBL = 0x2d0
                    0x02d2                  CCP3RBH = 0x2d2
                    0x02d2                  _CCP3RBH = 0x2d2
                    0x02d4                  CCP3BUFL = 0x2d4
                    0x02d4                  _CCP3BUFL = 0x2d4
                    0x02d6                  CCP3BUFH = 0x2d6
                    0x02d6                  _CCP3BUFH = 0x2d6
                    0x02e6                  CMSTAT = 0x2e6
                    0x02e6                  _CMSTAT = 0x2e6
                    0x02e6                  _CMSTATbits = 0x2e6
                    0x02e8                  CVRCON = 0x2e8
                    0x02e8                  _CVRCON = 0x2e8
                    0x02e8                  _CVRCONbits = 0x2e8
                    0x02ea                  CM1CON = 0x2ea
                    0x02ea                  _CM1CON = 0x2ea
                    0x02ea                  _CM1CONbits = 0x2ea
                    0x02ec                  CM2CON = 0x2ec
                    0x02ec                  _CM2CON = 0x2ec
                    0x02ec                  _CM2CONbits = 0x2ec
                    0x02ee                  CM3CON = 0x2ee
                    0x02ee                  _CM3CON = 0x2ee
                    0x02ee                  _CM3CONbits = 0x2ee
                    0x02f4                  ANCFG = 0x2f4
                    0x02f4                  _ANCFG = 0x2f4
                    0x02f4                  _ANCFGbits = 0x2f4
                    0x0300                  CCP4CON1L = 0x300
                    0x0300                  _CCP4CON1L = 0x300
                    0x0300                  _CCP4CON1Lbits = 0x300
                    0x0302                  CCP4CON1H = 0x302
                    0x0302                  _CCP4CON1H = 0x302
                    0x0302                  _CCP4CON1Hbits = 0x302
                    0x0304                  CCP4CON2L = 0x304
                    0x0304                  _CCP4CON2L = 0x304
                    0x0304                  _CCP4CON2Lbits = 0x304
                    0x0306                  CCP4CON2H = 0x306
                    0x0306                  _CCP4CON2H = 0x306
                    0x0306                  _CCP4CON2Hbits = 0x306
                    0x030a                  CCP4CON3H = 0x30a
                    0x030a                  _CCP4CON3H = 0x30a
                    0x030a                  _CCP4CON3Hbits = 0x30a
                    0x030c                  CCP4STAT = 0x30c
                    0x030c                  _CCP4STAT = 0x30c
                    0x030c                  _CCP4STATbits = 0x30c
                    0x030c                  CCP4STATL = 0x30c
                    0x030c                  _CCP4STATL = 0x30c
                    0x030c                  _CCP4STATLbits = 0x30c
                    0x030e                  CCP4STATH = 0x30e
                    0x030e                  _CCP4STATH = 0x30e
                    0x030e                  _CCP4STATHbits = 0x30e
                    0x0310                  CCP4TMRL = 0x310
                    0x0310                  _CCP4TMRL = 0x310
                    0x0312                  CCP4TMRH = 0x312
                    0x0312                  _CCP4TMRH = 0x312
                    0x0314                  CCP4PRL = 0x314
                    0x0314                  _CCP4PRL = 0x314
                    0x0316                  CCP4PRH = 0x316
                    0x0316                  _CCP4PRH = 0x316
                    0x0318                  CCP4RA = 0x318
                    0x0318                  _CCP4RA = 0x318
                    0x0318                  CCP4RAL = 0x318
                    0x0318                  _CCP4RAL = 0x318
                    0x031a                  CCP4RAH = 0x31a
                    0x031a                  _CCP4RAH = 0x31a
                    0x031c                  CCP4RB = 0x31c
                    0x031c                  _CCP4RB = 0x31c
                    0x031c                  CCP4RBL = 0x31c
                    0x031c                  _CCP4RBL = 0x31c
                    0x031e                  CCP4RBH = 0x31e
                    0x031e                  _CCP4RBH = 0x31e
                    0x0320                  CCP4BUFL = 0x320
                    0x0320                  _CCP4BUFL = 0x320
                    0x0322                  CCP4BUFH = 0x322
                    0x0322                  _CCP4BUFH = 0x322
                    0x0398                  U1MODE = 0x398
                    0x0398                  _U1MODE = 0x398
                    0x0398                  _U1MODEbits = 0x398
                    0x039a                  U1STA = 0x39a
                    0x039a                  _U1STA = 0x39a
                    0x039a                  _U1STAbits = 0x39a
                    0x039c                  U1TXREG = 0x39c
                    0x039c                  _U1TXREG = 0x39c
                    0x039c                  _U1TXREGbits = 0x39c
                    0x039e                  U1RXREG = 0x39e
                    0x039e                  _U1RXREG = 0x39e
                    0x03a0                  U1BRG = 0x3a0
                    0x03a0                  _U1BRG = 0x3a0
                    0x03a2                  U1ADMD = 0x3a2
                    0x03a2                  _U1ADMD = 0x3a2
                    0x03a2                  _U1ADMDbits = 0x3a2
                    0x03a4                  U1SCCON = 0x3a4
                    0x03a4                  _U1SCCON = 0x3a4
                    0x03a4                  _U1SCCONbits = 0x3a4
                    0x03a6                  U1SCINT = 0x3a6
                    0x03a6                  _U1SCINT = 0x3a6
                    0x03a6                  _U1SCINTbits = 0x3a6
                    0x03a8                  U1GTC = 0x3a8
                    0x03a8                  _U1GTC = 0x3a8
                    0x03a8                  _U1GTCbits = 0x3a8
                    0x03aa                  U1WTCL = 0x3aa
                    0x03aa                  _U1WTCL = 0x3aa
                    0x03aa                  _U1WTCLbits = 0x3aa
                    0x03ac                  U1WTCH = 0x3ac
                    0x03ac                  _U1WTCH = 0x3ac
                    0x03ac                  _U1WTCHbits = 0x3ac
                    0x03ae                  U2MODE = 0x3ae
                    0x03ae                  _U2MODE = 0x3ae
                    0x03ae                  _U2MODEbits = 0x3ae
                    0x03b0                  U2STA = 0x3b0
                    0x03b0                  _U2STA = 0x3b0
                    0x03b0                  _U2STAbits = 0x3b0
                    0x03b2                  U2TXREG = 0x3b2
                    0x03b2                  _U2TXREG = 0x3b2
                    0x03b2                  _U2TXREGbits = 0x3b2
                    0x03b4                  U2RXREG = 0x3b4
                    0x03b4                  _U2RXREG = 0x3b4
                    0x03b6                  U2BRG = 0x3b6
                    0x03b6                  _U2BRG = 0x3b6
                    0x03b8                  U2ADMD = 0x3b8
                    0x03b8                  _U2ADMD = 0x3b8
                    0x03b8                  _U2ADMDbits = 0x3b8
                    0x03ba                  U2SCCON = 0x3ba
                    0x03ba                  _U2SCCON = 0x3ba
                    0x03ba                  _U2SCCONbits = 0x3ba
                    0x03bc                  U2SCINT = 0x3bc
                    0x03bc                  _U2SCINT = 0x3bc
                    0x03bc                  _U2SCINTbits = 0x3bc
                    0x03be                  U2GTC = 0x3be