Archive member included to satisfy reference by file (symbol)

c:/mounriver/mounriver_studio/toolchain/risc-v embedded gcc/bin/../lib/gcc/riscv-none-embed/8.2.0/rv32ecxw/ilp32e\libgcc.a(save-restore.o)
                              ./User/SerialWombatPinModes/MAX7219Matrix.o (__riscv_save_2)
c:/mounriver/mounriver_studio/toolchain/risc-v embedded gcc/bin/../lib/gcc/riscv-none-embed/8.2.0/rv32ecxw/ilp32e\libgcc.a(muldi3.o)
                              ./User/SerialWombatPinModes/asciiConversion.o (__mulsi3)
c:/mounriver/mounriver_studio/toolchain/risc-v embedded gcc/bin/../lib/gcc/riscv-none-embed/8.2.0/rv32ecxw/ilp32e\libgcc.a(div.o)
                              ./User/SerialWombatPinModes/frequencyOutput.o (__divsi3)
c:/mounriver/mounriver_studio/toolchain/risc-v embedded gcc/bin/../lib/gcc/riscv-none-embed/8.2.0/../../../../riscv-none-embed/lib/rv32ecxw/ilp32e\libg_nano.a(lib_a-memcpy.o)
                              ./User/SerialWombatPinModes/outputScale.o (memcpy)
c:/mounriver/mounriver_studio/toolchain/risc-v embedded gcc/bin/../lib/gcc/riscv-none-embed/8.2.0/../../../../riscv-none-embed/lib/rv32ecxw/ilp32e\libg_nano.a(lib_a-memset.o)
                              ./User/main.o (memset)

Discarded input sections

 .text          0x0000000000000000        0x0 ./User/SerialWombatPinModes/Font5x7.o
 .data          0x0000000000000000        0x0 ./User/SerialWombatPinModes/Font5x7.o
 .bss           0x0000000000000000        0x0 ./User/SerialWombatPinModes/Font5x7.o
 .rodata.Font5x7Columns
                0x0000000000000000      0x4fb ./User/SerialWombatPinModes/Font5x7.o
 .rodata.Font5x7Rows
                0x0000000000000000      0x7f8 ./User/SerialWombatPinModes/Font5x7.o
 .debug_info    0x0000000000000000       0xe2 ./User/SerialWombatPinModes/Font5x7.o
 .debug_abbrev  0x0000000000000000       0x84 ./User/SerialWombatPinModes/Font5x7.o
 .debug_aranges
                0x0000000000000000       0x18 ./User/SerialWombatPinModes/Font5x7.o
 .debug_line    0x0000000000000000      0x12b ./User/SerialWombatPinModes/Font5x7.o
 .debug_str     0x0000000000000000      0x1e7 ./User/SerialWombatPinModes/Font5x7.o
 .comment       0x0000000000000000       0x34 ./User/SerialWombatPinModes/Font5x7.o
 .text          0x0000000000000000        0x0 ./User/SerialWombatPinModes/MAX7219Matrix.o
 .data          0x0000000000000000        0x0 ./User/SerialWombatPinModes/MAX7219Matrix.o
 .bss           0x0000000000000000        0x0 ./User/SerialWombatPinModes/MAX7219Matrix.o
 .text.max7219ClockWord
                0x0000000000000000       0x72 ./User/SerialWombatPinModes/MAX7219Matrix.o
 .text.max7219ClockAllDisplays
                0x0000000000000000       0x54 ./User/SerialWombatPinModes/MAX7219Matrix.o
 .text.max7219_hwinit
                0x0000000000000000       0x84 ./User/SerialWombatPinModes/MAX7219Matrix.o
 .text.initMax7219Matrix
                0x0000000000000000      0x1a6 ./User/SerialWombatPinModes/MAX7219Matrix.o
 .text.updateMax7219Matrix
                0x0000000000000000      0x162 ./User/SerialWombatPinModes/MAX7219Matrix.o
 .bss.debugLastClockedOut
                0x0000000000000000        0x2 ./User/SerialWombatPinModes/MAX7219Matrix.o
 .debug_info    0x0000000000000000      0xc17 ./User/SerialWombatPinModes/MAX7219Matrix.o
 .debug_abbrev  0x0000000000000000      0x237 ./User/SerialWombatPinModes/MAX7219Matrix.o
 .debug_loc     0x0000000000000000      0x23f ./User/SerialWombatPinModes/MAX7219Matrix.o
 .debug_aranges
                0x0000000000000000       0x40 ./User/SerialWombatPinModes/MAX7219Matrix.o
 .debug_ranges  0x0000000000000000       0x78 ./User/SerialWombatPinModes/MAX7219Matrix.o
 .debug_line    0x0000000000000000      0xa8f ./User/SerialWombatPinModes/MAX7219Matrix.o
 .debug_str     0x0000000000000000     0x1651 ./User/SerialWombatPinModes/MAX7219Matrix.o
 .comment       0x0000000000000000       0x34 ./User/SerialWombatPinModes/MAX7219Matrix.o
 .debug_frame   0x0000000000000000       0xd0 ./User/SerialWombatPinModes/MAX7219Matrix.o
 .text          0x0000000000000000        0x0 ./User/SerialWombatPinModes/PS2Keyboard.o
 .data          0x0000000000000000        0x0 ./User/SerialWombatPinModes/PS2Keyboard.o
 .bss           0x0000000000000000        0x0 ./User/SerialWombatPinModes/PS2Keyboard.o
 .text.initPS2Keyboard
                0x0000000000000000      0x300 ./User/SerialWombatPinModes/PS2Keyboard.o
 .text.ps2kb_processAscii
                0x0000000000000000       0xb4 ./User/SerialWombatPinModes/PS2Keyboard.o
 .text.ps2kb_processCurrentlyPressed
                0x0000000000000000       0x80 ./User/SerialWombatPinModes/PS2Keyboard.o
 .text.ps2kb_processMakeCodes
                0x0000000000000000       0x56 ./User/SerialWombatPinModes/PS2Keyboard.o
 .text.ps2kb_processData
                0x0000000000000000       0xec ./User/SerialWombatPinModes/PS2Keyboard.o
 .text.updatePS2Keyboard
                0x0000000000000000      0x17e ./User/SerialWombatPinModes/PS2Keyboard.o
 .bss.debugKeyboard
[...]
Memory Configuration

Name             Origin             Length             Attributes
FLASH            0x0000000000000000 0x0000000000003ffc xr
STAYINBOOT       0x0000000020000000 0x0000000000000004 xrw
RAM              0x0000000020000004 0x00000000000007fc xrw
*default*        0x0000000000000000 0xffffffffffffffff

Linker script and memory map

LOAD ./User/SerialWombatPinModes/Font5x7.o
LOAD ./User/SerialWombatPinModes/MAX7219Matrix.o
LOAD ./User/SerialWombatPinModes/PS2Keyboard.o
LOAD ./User/SerialWombatPinModes/TM1637.o
LOAD ./User/SerialWombatPinModes/analogInput.o
LOAD ./User/SerialWombatPinModes/asciiConversion.o
LOAD ./User/SerialWombatPinModes/debounce.o
LOAD ./User/SerialWombatPinModes/digitalIO.o
LOAD ./User/SerialWombatPinModes/frequencyOutput.o
LOAD ./User/SerialWombatPinModes/hBridge.o
LOAD ./User/SerialWombatPinModes/inputProcess.o
LOAD ./User/SerialWombatPinModes/liquidCrystal.o
LOAD ./User/SerialWombatPinModes/matrixKeypad.o
LOAD ./User/SerialWombatPinModes/outputScale.o
LOAD ./User/SerialWombatPinModes/pinInputProcessor.o
LOAD ./User/SerialWombatPinModes/protectedOutput.o
LOAD ./User/SerialWombatPinModes/pulseOnChange.o
LOAD ./User/SerialWombatPinModes/pulseTimer.o
LOAD ./User/SerialWombatPinModes/pwm.o
LOAD ./User/SerialWombatPinModes/quadEnc.o
LOAD ./User/SerialWombatPinModes/queuedPulseOutput.o
LOAD ./User/SerialWombatPinModes/servo.o
LOAD ./User/SerialWombatPinModes/swI2cRoutines.o
LOAD ./User/SerialWombatPinModes/swMath.o
LOAD ./User/SerialWombatPinModes/throughputConsumer.o
LOAD ./User/SerialWombatPinModes/uartHw8B.o
LOAD ./User/SerialWombatPinModes/uartSw.o
LOAD ./User/SerialWombatPinModes/ultrasonicDistance.o
LOAD ./User/SerialWombatPinModes/watchdog.o
LOAD ./User/DMA_IO.o
LOAD ./User/ch32v00x_it.o
LOAD ./User/main.o
LOAD ./User/pinRegisters.o
LOAD ./User/protocol.o
LOAD ./User/queue.o
LOAD ./User/swmain.o
LOAD ./User/system_ch32v00x.o
LOAD ./User/timingResource.o
LOAD ./Startup/startup_ch32v00x.o
LOAD ./Peripheral/src/ch32v00x_adc.o
LOAD ./Peripheral/src/ch32v00x_dbgmcu.o
LOAD ./Peripheral/src/ch32v00x_dma.o
LOAD ./Peripheral/src/ch32v00x_exti.o
LOAD ./Peripheral/src/ch32v00x_flash.o
LOAD ./Peripheral/src/ch32v00x_gpio.o
LOAD ./Peripheral/src/ch32v00x_i2c.o
LOAD ./Peripheral/src/ch32v00x_iwdg.o
LOAD ./Peripheral/src/ch32v00x_misc.o
LOAD ./Peripheral/src/ch32v00x_opa.o
LOAD ./Peripheral/src/ch32v00x_pwr.o
LOAD ./Peripheral/src/ch32v00x_rcc.o
LOAD ./Peripheral/src/ch32v00x_spi.o
LOAD ./Peripheral/src/ch32v00x_tim.o
LOAD ./Peripheral/src/ch32v00x_usart.o
LOAD ./Peripheral/src/ch32v00x_wwdg.o
LOAD ./Debug/debug.o
LOAD ./Core/core_riscv.o
LOAD c:/mounriver/mounriver_studio/toolchain/risc-v embedded gcc/bin/../lib/gcc/riscv-none-embed/8.2.0/../../../../riscv-none-embed/lib/rv32ecxw/ilp32e\libprintf.a
LOAD c:/mounriver/mounriver_studio/toolchain/risc-v embedded gcc/bin/../lib/gcc/riscv-none-embed/8.2.0/rv32ecxw/ilp32e\libgcc.a
LOAD c:/mounriver/mounriver_studio/toolchain/risc-v embedded gcc/bin/../lib/gcc/riscv-none-embed/8.2.0/../../../../riscv-none-embed/lib/rv32ecxw/ilp32e\libg_nano.a
LOAD c:/mounriver/mounriver_studio/toolchain/risc-v embedded gcc/bin/../lib/gcc/riscv-none-embed/8.2.0/../../../../riscv-none-embed/lib/rv32ecxw/ilp32e\libc_nano.a
LOAD c:/mounriver/mounriver_studio/toolchain/risc-v embedded gcc/bin/../lib/gcc/riscv-none-embed/8.2.0/rv32ecxw/ilp32e\libgcc.a
START GROUP
LOAD c:/mounriver/mounriver_studio/toolchain/risc-v embedded gcc/bin/../lib/gcc/riscv-none-embed/8.2.0/rv32ecxw/ilp32e\libgcc.a
LOAD c:/mounriver/mounriver_studio/toolchain/risc-v embedded gcc/bin/../lib/gcc/riscv-none-embed/8.2.0/../../../../riscv-none-embed/lib/rv32ecxw/ilp32e\libc_nano.a
LOAD c:/mounriver/mounriver_studio/toolchain/risc-v embedded gcc/bin/../lib/gcc/riscv-none-embed/8.2.0/../../../../riscv-none-embed/lib/rv32ecxw/ilp32e\libnosys.a
END GROUP
START GROUP
LOAD c:/mounriver/mounriver_studio/toolchain/risc-v embedded gcc/bin/../lib/gcc/riscv-none-embed/8.2.0/rv32ecxw/ilp32e\libgcc.a
LOAD c:/mounriver/mounriver_studio/toolchain/risc-v embedded gcc/bin/../lib/gcc/riscv-none-embed/8.2.0/../../../../riscv-none-embed/lib/rv32ecxw/ilp32e\libc_nano.a
LOAD c:/mounriver/mounriver_studio/toolchain/risc-v embedded gcc/bin/../lib/gcc/riscv-none-embed/8.2.0/../../../../riscv-none-embed/lib/rv32ecxw/ilp32e\libnosys.a
END GROUP
                0x0000000000000100                __stack_size = 0x100
                [!provide]                        PROVIDE (_stack_size = __stack_size)

.init           0x0000000000000000       0xa0
                0x0000000000000000                _sinit = .
                0x0000000000000000                . = ALIGN (0x4)
 *(SORT_NONE(.init))
 .init          0x0000000000000000       0x9e ./Startup/startup_ch32v00x.o
                0x0000000000000000                _start
                0x00000000000000a0                . = ALIGN (0x4)
 *fill*         0x000000000000009e        0x2 
                0x00000000000000a0                _einit = .

.text           0x00000000000000a0     0x3f08
                0x00000000000000a0                . = ALIGN (0x4)
 *(.text)
 .text          0x00000000000000a0       0x14 c:/mounriver/mounriver_studio/toolchain/risc-v embedded gcc/bin/../lib/gcc/riscv-none-embed/8.2.0/rv32ecxw/ilp32e\libgcc.a(save-restore.o)
                0x00000000000000a0                __riscv_save_1
                0x00000000000000a0                __riscv_save_2
                0x00000000000000a0                __riscv_save_0
                0x00000000000000aa                __riscv_restore_0
                0x00000000000000aa                __riscv_restore_1
                0x00000000000000aa                __riscv_restore_2
 .text          0x00000000000000b4       0x16 c:/mounriver/mounriver_studio/toolchain/risc-v embedded gcc/bin/../lib/gcc/riscv-none-embed/8.2.0/rv32ecxw/ilp32e\libgcc.a(muldi3.o)
                0x00000000000000b4                __mulsi3
 *fill*         0x00000000000000ca        0x2 
 .text          0x00000000000000cc       0x7e c:/mounriver/mounriver_studio/toolchain/risc-v embedded gcc/bin/../lib/gcc/riscv-none-embed/8.2.0/rv32ecxw/ilp32e\libgcc.a(div.o)
                0x00000000000000cc                __divsi3
                0x00000000000000d4                __udivsi3
                0x0000000000000100                __umodsi3
                0x0000000000000124                __modsi3
 .text          0x000000000000014a       0xa8 c:/mounriver/mounriver_studio/toolchain/risc-v embedded gcc/bin/../lib/gcc/riscv-none-embed/8.2.0/../../../../riscv-none-embed/lib/rv32ecxw/ilp32e\libg_nano.a(lib_a-memset.o)
                0x000000000000014a                memset
 *(.text.*)
 .text.initAnalogInput
                0x00000000000001f2       0xe4 ./User/SerialWombatPinModes/analogInput.o
                0x00000000000001f2                initAnalogInput
 .text.updateAnalogInput
                0x00000000000002d6       0x38 ./User/SerialWombatPinModes/analogInput.o
                0x00000000000002d6                updateAnalogInput
 .text.uint16ToAscii5
                0x000000000000030e       0xa8 ./User/SerialWombatPinModes/asciiConversion.o
                0x000000000000030e                uint16ToAscii5
 .text.initDebounce
                0x00000000000003b6       0xb8 ./User/SerialWombatPinModes/debounce.o
                0x00000000000003b6                initDebounce
 .text.updateDebounce
                0x000000000000046e       0x7e ./User/SerialWombatPinModes/debounce.o
                0x000000000000046e                updateDebounce
 .text.initDigitalIO
                0x00000000000004ec      0x114 ./User/SerialWombatPinModes/digitalIO.o
                0x00000000000004ec                initDigitalIO
 .text.updateDigitalIO
                0x0000000000000600       0x54 ./User/SerialWombatPinModes/digitalIO.o
                0x0000000000000600                updateDigitalIO
 .text.updatehBridge
                0x0000000000000654      0x144 ./User/SerialWombatPinModes/hBridge.o
                0x0000000000000654                updatehBridge
 .text.inithBridge
                0x0000000000000798      0x1a2 ./User/SerialWombatPinModes/hBridge.o
                0x0000000000000798                inithBridge
 .text.inputProcessInit
                0x000000000000093a       0x24 ./User/SerialWombatPinModes/inputProcess.o
                0x000000000000093a                inputProcessInit
 .text.inputProcessProcess
                0x000000000000095e      0x2b6 ./User/SerialWombatPinModes/inputProcess.o
                0x000000000000095e                inputProcessProcess
 .text.inputProcessCommProcess
                0x0000000000000c14      0x120 ./User/SerialWombatPinModes/inputProcess.o
                0x0000000000000c14                inputProcessCommProcess
 .text.outputScaleInit
                0x0000000000000d34       0x4c ./User/SerialWombatPinModes/outputScale.o
                0x0000000000000d34                outputScaleInit
 .text.outputScaleProcess
                0x0000000000000d80      0x2e2 ./User/SerialWombatPinModes/outputScale.o
                0x0000000000000d80                outputScaleProcess
 .text.outputScaleCommProcess
                0x0000000000001062      0x31e ./User/SerialWombatPinModes/outputScale.o
                0x0000000000001062                outputScaleCommProcess
 .text.initPinInputProcessor
                0x0000000000001380       0x56 ./User/SerialWombatPinModes/pinInputProcessor.o
                0x0000000000001380                initPinInputProcessor
 .text.updatePinInputProcessor
                0x00000000000013d6       0x36 ./User/SerialWombatPinModes/pinInputProcessor.o
                0x00000000000013d6                updatePinInputProcessor
 .text.initPulseTimer
                0x000000000000140c      0x152 ./User/SerialWombatPinModes/pulseTimer.o
                0x000000000000140c                initPulseTimer
 .text.updatePulseTimer
                0x000000000000155e      0x23a ./User/SerialWombatPinModes/pulseTimer.o
                0x000000000000155e                updatePulseTimer
 .text.updatePWM
                0x0000000000001798       0x42 ./User/SerialWombatPinModes/pwm.o
                0x0000000000001798                updatePWM
 .text.initPWM  0x00000000000017da       0xdc ./User/SerialWombatPinModes/pwm.o
                0x00000000000017da                initPWM
 .text.increment
                0x00000000000018b6       0x34 ./User/SerialWombatPinModes/quadEnc.o
 .text.initQuadEnc
                0x00000000000018ea      0x1dc ./User/SerialWombatPinModes/quadEnc.o
                0x00000000000018ea                initQuadEnc
 .text.updateQuadEnc
                0x0000000000001ac6      0x1a0 ./User/SerialWombatPinModes/quadEnc.o
                0x0000000000001ac6                updateQuadEnc
 .text.xyInterpolationU16
                0x0000000000001c66       0x50 ./User/SerialWombatPinModes/swMath.o
                0x0000000000001c66                xyInterpolationU16
 .text.orCount  0x0000000000001cb6       0x2a ./User/DMA_IO.o
                0x0000000000001cb6                orCount
 .text.andCount
                0x0000000000001ce0       0x32 ./User/DMA_IO.o
                0x0000000000001ce0                andCount
 .text.deactivateOutputDMA
                0x0000000000001d12       0x2e ./User/DMA_IO.o
                0x0000000000001d12                deactivateOutputDMA
 .text.systemInitDMAIO
                0x0000000000001d40       0x24 ./User/DMA_IO.o
                0x0000000000001d40                systemInitDMAIO
 .text.pinIsHWOutput
                0x0000000000001d64       0x1c ./User/DMA_IO.o
                0x0000000000001d64                pinIsHWOutput
 .text.CurrentPinBitmap
                0x0000000000001d80       0x1c ./User/DMA_IO.o
                0x0000000000001d80                CurrentPinBitmap
 .text.ReadPin  0x0000000000001d9c       0x1c ./User/DMA_IO.o
                0x0000000000001d9c                ReadPin
 .text.PinOutput
                0x0000000000001db8       0x46 ./User/DMA_IO.o
                0x0000000000001db8                PinOutput
 .text.PinInput
                0x0000000000001dfe       0x46 ./User/DMA_IO.o
                0x0000000000001dfe                PinInput
 .text.ConfigurePinAnalog
                0x0000000000001e44       0x40 ./User/DMA_IO.o
                0x0000000000001e44                ConfigurePinAnalog
 .text.CurrentPinRead
                0x0000000000001e84        0xe ./User/DMA_IO.o
                0x0000000000001e84                CurrentPinRead
 .text.CurrentPinInput
                0x0000000000001e92        0xe ./User/DMA_IO.o
                0x0000000000001e92                CurrentPinInput
 .text.CurrentPinAnalog
                0x0000000000001ea0       0x10 ./User/DMA_IO.o
                0x0000000000001ea0                CurrentPinAnalog
 .text.PinLow   0x0000000000001eb0       0x24 ./User/DMA_IO.o
                0x0000000000001eb0                PinLow
 .text.PinHigh  0x0000000000001ed4       0x24 ./User/DMA_IO.o
                0x0000000000001ed4                PinHigh
 .text.SetPinPullUp
                0x0000000000001ef8       0x4e ./User/DMA_IO.o
                0x0000000000001ef8                SetPinPullUp
 .text.SetPinPullDown
                0x0000000000001f46       0x44 ./User/DMA_IO.o
                0x0000000000001f46                SetPinPullDown
 .text.SetPinOpenDrain
                0x0000000000001f8a       0x44 ./User/DMA_IO.o
                0x0000000000001f8a                SetPinOpenDrain
 .text.PinPullUp
                0x0000000000001fce       0x14 ./User/DMA_IO.o
                0x0000000000001fce                PinPullUp
 .text.PinNoPullUp
                0x0000000000001fe2        0xc ./User/DMA_IO.o
                0x0000000000001fe2                PinNoPullUp
 .text.PinPullDown
                0x0000000000001fee       0x14 ./User/DMA_IO.o
                0x0000000000001fee                PinPullDown
 .text.PinNoPullDown
                0x0000000000002002        0xc ./User/DMA_IO.o
                0x0000000000002002                PinNoPullDown
 .text.PinOD    0x000000000000200e        0xc ./User/DMA_IO.o
                0x000000000000200e                PinOD
 .text.PinNoOD  0x000000000000201a        0xc ./User/DMA_IO.o
                0x000000000000201a                PinNoOD
 .text.CurrentPinHigh
                0x0000000000002026        0xe ./User/DMA_IO.o
                0x0000000000002026                CurrentPinHigh
 .text.InitializePinLow
                0x0000000000002034       0x12 ./User/DMA_IO.o
                0x0000000000002034                InitializePinLow
 .text.InitializePinHigh
                0x0000000000002046       0x12 ./User/DMA_IO.o
                0x0000000000002046                InitializePinHigh
 .text.InitializePinInput
                0x0000000000002058       0x14 ./User/DMA_IO.o
                0x0000000000002058                InitializePinInput
 .text.CurrentPinLow
                0x000000000000206c       0x10 ./User/DMA_IO.o
                0x000000000000206c                CurrentPinLow
 .text.CurrentPinPullUp
                0x000000000000207c        0xe ./User/DMA_IO.o
                0x000000000000207c                CurrentPinPullUp
 .text.CurrentPinNoPullUp
                0x000000000000208a       0x12 ./User/DMA_IO.o
                0x000000000000208a                CurrentPinNoPullUp
 .text.updateBitStreamOutput
                0x000000000000209c      0x14a ./User/DMA_IO.o
                0x000000000000209c                updateBitStreamOutput
 .text.updatePulseOutput
                0x00000000000021e6       0x6a ./User/DMA_IO.o
                0x00000000000021e6                updatePulseOutput
 .text.initializeBitStreamOutput
                0x0000000000002250       0x3c ./User/DMA_IO.o
                0x0000000000002250                initializeBitStreamOutput
 .text.PulseInGetOldestDMABit
                0x000000000000228c       0x60 ./User/DMA_IO.o
                0x000000000000228c                PulseInGetOldestDMABit
 .text.PulseInDiscardUntilLow
                0x00000000000022ec       0x6e ./User/DMA_IO.o
                0x00000000000022ec                PulseInDiscardUntilLow
 .text.PulseInDiscardUntilHigh
                0x000000000000235a       0x6e ./User/DMA_IO.o
                0x000000000000235a                PulseInDiscardUntilHigh
 .text.PulseInGetOldestDMASample
                0x00000000000023c8       0x5e ./User/DMA_IO.o
                0x00000000000023c8                PulseInGetOldestDMASample
 .text.NMI_Handler
                0x0000000000002426       0x20 ./User/ch32v00x_it.o
                0x0000000000002426                NMI_Handler
 .text.HardFault_Handler
                0x0000000000002446        0x6 ./User/ch32v00x_it.o
                0x0000000000002446                HardFault_Handler
 .text.startup.main
                0x000000000000244c      0x4bc ./User/main.o
                0x000000000000244c                main
 .text.GetADCConversion
                0x0000000000002908       0x1a ./User/main.o
                0x0000000000002908                GetADCConversion
 .text.GetSourceVoltage_mV
                0x0000000000002922       0x18 ./User/main.o
                0x0000000000002922                GetSourceVoltage_mV
 .text.SetBuffer
                0x000000000000293a       0x1a ./User/pinRegisters.o
                0x000000000000293a                SetBuffer
 .text.wrandom  0x0000000000002954       0x32 ./User/pinRegisters.o
                0x0000000000002954                wrandom
 .text.GetBuffer
                0x0000000000002986      0x194 ./User/pinRegisters.o
                0x0000000000002986                GetBuffer
 .text.SetMode  0x0000000000002b1a       0x1a ./User/pinRegisters.o
                0x0000000000002b1a                SetMode
 .text.error    0x0000000000002b34       0x60 ./User/protocol.o
                0x0000000000002b34                error
 .text.ProcessSetPin
                0x0000000000002b94       0x7c ./User/protocol.o
 .text.ProcessRxbuffer
                0x0000000000002c10      0x4ba ./User/protocol.o
                0x0000000000002c10                ProcessRxbuffer
 .text.ProcessRx
                0x00000000000030ca      0x128 ./User/protocol.o
                0x00000000000030ca                ProcessRx
 .text.protocolInitPinsToDIO_Input
                0x00000000000031f2       0x36 ./User/protocol.o
                0x00000000000031f2                protocolInitPinsToDIO_Input
 .text.QueueGetBytesFilledInByteQueue
                0x0000000000003228       0x2e ./User/queue.o
 .text.QueueGetBytesFreeInQueue
                0x0000000000003256       0x2c ./User/queue.o
                0x0000000000003256                QueueGetBytesFreeInQueue
 .text.QueueAddByte
                0x0000000000003282       0x90 ./User/queue.o
                0x0000000000003282                QueueAddByte
 .text.reset    0x0000000000003312       0x10 ./User/swmain.o
                0x0000000000003312                reset
 .text.swSetup  0x0000000000003322       0x30 ./User/swmain.o
                0x0000000000003322                swSetup
 .text.ProcessPins
                0x0000000000003352       0x7c ./User/swmain.o
                0x0000000000003352                ProcessPins
 .text.swLoop   0x00000000000033ce       0x7c ./User/swmain.o
                0x00000000000033ce                swLoop
 .text.SysTick_Handler
                0x000000000000344a       0x34 ./User/swmain.o
                0x000000000000344a                SysTick_Handler
 .text.SystemInit
                0x000000000000347e       0xe2 ./User/system_ch32v00x.o
                0x000000000000347e                SystemInit
 .text.timingResourcePWM
                0x0000000000003560       0x70 ./User/timingResource.o
                0x0000000000003560                timingResourcePWM
 .text.vector_handler
                0x00000000000035d0        0x2 ./Startup/startup_ch32v00x.o
                0x00000000000035d0                TIM1_CC_IRQHandler
                0x00000000000035d0                PVD_IRQHandler
                0x00000000000035d0                SPI1_IRQHandler
                0x00000000000035d0                AWU_IRQHandler
                0x00000000000035d0                EXTI7_0_IRQHandler
                0x00000000000035d0                DMA1_Channel4_IRQHandler
                0x00000000000035d0                ADC1_IRQHandler
                0x00000000000035d0                DMA1_Channel7_IRQHandler
                0x00000000000035d0                I2C1_EV_IRQHandler
                0x00000000000035d0                DMA1_Channel6_IRQHandler
                0x00000000000035d0                RCC_IRQHandler
                0x00000000000035d0                TIM1_TRG_COM_IRQHandler
                0x00000000000035d0                DMA1_Channel1_IRQHandler
                0x00000000000035d0                DMA1_Channel5_IRQHandler
                0x00000000000035d0                DMA1_Channel3_IRQHandler
                0x00000000000035d0                TIM1_UP_IRQHandler
                0x00000000000035d0                WWDG_IRQHandler
                0x00000000000035d0                TIM2_IRQHandler
                0x00000000000035d0                SW_Handler
                0x00000000000035d0                TIM1_BRK_IRQHandler
                0x00000000000035d0                DMA1_Channel2_IRQHandler
                0x00000000000035d0                FLASH_IRQHandler
                0x00000000000035d0                USART1_IRQHandler
                0x00000000000035d0                I2C1_ER_IRQHandler
 .text.handle_reset
                0x00000000000035d2       0x88 ./Startup/startup_ch32v00x.o
                0x00000000000035d2                handle_reset
 .text.ADC_DeInit
                0x000000000000365a       0x26 ./Peripheral/src/ch32v00x_adc.o
                0x000000000000365a                ADC_DeInit
 .text.ADC_Init
                0x0000000000003680       0x4e ./Peripheral/src/ch32v00x_adc.o
                0x0000000000003680                ADC_Init
 .text.ADC_Cmd  0x00000000000036ce       0x10 ./Peripheral/src/ch32v00x_adc.o
                0x00000000000036ce                ADC_Cmd
 .text.ADC_DMACmd
                0x00000000000036de       0x12 ./Peripheral/src/ch32v00x_adc.o
                0x00000000000036de                ADC_DMACmd
 .text.ADC_ResetCalibration
                0x00000000000036f0        0xa ./Peripheral/src/ch32v00x_adc.o
                0x00000000000036f0                ADC_ResetCalibration
 .text.ADC_GetResetCalibrationStatus
                0x00000000000036fa        0x8 ./Peripheral/src/ch32v00x_adc.o
                0x00000000000036fa                ADC_GetResetCalibrationStatus
 .text.ADC_StartCalibration
                0x0000000000003702        0xa ./Peripheral/src/ch32v00x_adc.o
                0x0000000000003702                ADC_StartCalibration
 .text.ADC_GetCalibrationStatus
                0x000000000000370c        0x8 ./Peripheral/src/ch32v00x_adc.o
                0x000000000000370c                ADC_GetCalibrationStatus
 .text.ADC_SoftwareStartConvCmd
                0x0000000000003714       0x18 ./Peripheral/src/ch32v00x_adc.o
                0x0000000000003714                ADC_SoftwareStartConvCmd
 .text.ADC_RegularChannelConfig
                0x000000000000372c       0xba ./Peripheral/src/ch32v00x_adc.o
                0x000000000000372c                ADC_RegularChannelConfig
 .text.DMA_DeInit
                0x00000000000037e6       0x92 ./Peripheral/src/ch32v00x_dma.o
                0x00000000000037e6                DMA_DeInit
 .text.DMA_Init
                0x0000000000003878       0x38 ./Peripheral/src/ch32v00x_dma.o
                0x0000000000003878                DMA_Init
 .text.DMA_Cmd  0x00000000000038b0       0x14 ./Peripheral/src/ch32v00x_dma.o
                0x00000000000038b0                DMA_Cmd
 .text.FLASH_Unlock
                0x00000000000038c4       0x1a ./Peripheral/src/ch32v00x_flash.o
                0x00000000000038c4                FLASH_Unlock
 .text.FLASH_Lock
                0x00000000000038de        0xe ./Peripheral/src/ch32v00x_flash.o
                0x00000000000038de                FLASH_Lock
 .text.FLASH_GetReadOutProtectionStatus
                0x00000000000038ec        0xc ./Peripheral/src/ch32v00x_flash.o
                0x00000000000038ec                FLASH_GetReadOutProtectionStatus
 .text.FLASH_GetBank1Status
                0x00000000000038f8       0x18 ./Peripheral/src/ch32v00x_flash.o
                0x00000000000038f8                FLASH_GetBank1Status
 .text.FLASH_WaitForLastOperation
                0x0000000000003910       0x24 ./Peripheral/src/ch32v00x_flash.o
                0x0000000000003910                FLASH_WaitForLastOperation
 .text.FLASH_EraseOptionBytes
                0x0000000000003934       0x82 ./Peripheral/src/ch32v00x_flash.o
                0x0000000000003934                FLASH_EraseOptionBytes
 .text.FLASH_ProgramOptionByteData
                0x00000000000039b6       0x56 ./Peripheral/src/ch32v00x_flash.o
                0x00000000000039b6                FLASH_ProgramOptionByteData
 .text.SystemReset_StartMode
                0x0000000000003a0c       0x46 ./Peripheral/src/ch32v00x_flash.o
                0x0000000000003a0c                SystemReset_StartMode
 .text.GPIO_Init
                0x0000000000003a52       0x7c ./Peripheral/src/ch32v00x_gpio.o
                0x0000000000003a52                GPIO_Init
 .text.NVIC_PriorityGroupConfig
                0x0000000000003ace        0x6 ./Peripheral/src/ch32v00x_misc.o
                0x0000000000003ace                NVIC_PriorityGroupConfig
 .text.NVIC_Init
                0x0000000000003ad4       0x54 ./Peripheral/src/ch32v00x_misc.o
                0x0000000000003ad4                NVIC_Init
 .text.RCC_AdjustHSICalibrationValue
                0x0000000000003b28       0x12 ./Peripheral/src/ch32v00x_rcc.o
                0x0000000000003b28                RCC_AdjustHSICalibrationValue
 .text.RCC_ADCCLKConfig
                0x0000000000003b3a       0x14 ./Peripheral/src/ch32v00x_rcc.o
                0x0000000000003b3a                RCC_ADCCLKConfig
 .text.RCC_AHBPeriphClockCmd
                0x0000000000003b4e       0x1e ./Peripheral/src/ch32v00x_rcc.o
                0x0000000000003b4e                RCC_AHBPeriphClockCmd
 .text.RCC_APB2PeriphClockCmd
                0x0000000000003b6c       0x1e ./Peripheral/src/ch32v00x_rcc.o
                0x0000000000003b6c                RCC_APB2PeriphClockCmd
 .text.RCC_APB1PeriphClockCmd
                0x0000000000003b8a       0x1e ./Peripheral/src/ch32v00x_rcc.o
                0x0000000000003b8a                RCC_APB1PeriphClockCmd
 .text.RCC_APB2PeriphResetCmd
                0x0000000000003ba8       0x1e ./Peripheral/src/ch32v00x_rcc.o
                0x0000000000003ba8                RCC_APB2PeriphResetCmd
 .text.RCC_ClearFlag
                0x0000000000003bc6       0x10 ./Peripheral/src/ch32v00x_rcc.o
                0x0000000000003bc6                RCC_ClearFlag
 .text.TIM_TimeBaseInit
                0x0000000000003bd6       0x4e ./Peripheral/src/ch32v00x_tim.o
                0x0000000000003bd6                TIM_TimeBaseInit
 .text.TIM_OC1Init
                0x0000000000003c24       0x6a ./Peripheral/src/ch32v00x_tim.o
                0x0000000000003c24                TIM_OC1Init
 .text.TIM_Cmd  0x0000000000003c8e       0x18 ./Peripheral/src/ch32v00x_tim.o
                0x0000000000003c8e                TIM_Cmd
 .text.TIM_CtrlPWMOutputs
                0x0000000000003ca6       0x16 ./Peripheral/src/ch32v00x_tim.o
                0x0000000000003ca6                TIM_CtrlPWMOutputs
 .text.TIM_ARRPreloadConfig
                0x0000000000003cbc       0x1a ./Peripheral/src/ch32v00x_tim.o
                0x0000000000003cbc                TIM_ARRPreloadConfig
 .text.TIM_OC1PreloadConfig
                0x0000000000003cd6        0xe ./Peripheral/src/ch32v00x_tim.o
                0x0000000000003cd6                TIM_OC1PreloadConfig
 .text.TIM_ClearITPendingBit
                0x0000000000003ce4        0xc ./Peripheral/src/ch32v00x_tim.o
                0x0000000000003ce4                TIM_ClearITPendingBit
 .text.memcpy   0x0000000000003cf0       0xd2 c:/mounriver/mounriver_studio/toolchain/risc-v embedded gcc/bin/../lib/gcc/riscv-none-embed/8.2.0/../../../../riscv-none-embed/lib/rv32ecxw/ilp32e\libg_nano.a(lib_a-memcpy.o)
                0x0000000000003cf0                memcpy
 *(.rodata)
 *(.rodata*)
 *fill*         0x0000000000003dc2        0x2 
 .rodata.inputProcessCommProcess
                0x0000000000003dc4       0x30 ./User/SerialWombatPinModes/inputProcess.o
 .rodata.inputProcessSamplePeriodMask
                0x0000000000003df4       0x22 ./User/SerialWombatPinModes/inputProcess.o
                0x0000000000003df4                inputProcessSamplePeriodMask
 *fill*         0x0000000000003e16        0x2 
 .rodata.outputSamplePeriodMask
                0x0000000000003e18       0x22 ./User/SerialWombatPinModes/outputScale.o
                0x0000000000003e18                outputSamplePeriodMask
 *fill*         0x0000000000003e3a        0x2 
 .rodata.initPulseTimer
                0x0000000000003e3c       0x2c ./User/SerialWombatPinModes/pulseTimer.o
 .rodata.updatePulseTimer
                0x0000000000003e68       0x4c ./User/SerialWombatPinModes/pulseTimer.o
 .rodata.initQuadEnc
                0x0000000000003eb4       0x2c ./User/SerialWombatPinModes/quadEnc.o
 .rodata.pinBitmap
                0x0000000000003ee0       0x10 ./User/DMA_IO.o
                0x0000000000003ee0                pinBitmap
 .rodata.pin_CFGLR_Mode_Bitmap
                0x0000000000003ef0       0x20 ./User/DMA_IO.o
                0x0000000000003ef0                pin_CFGLR_Mode_Bitmap
 .rodata.ProcessSetPin
                0x0000000000003f10       0x4c ./User/protocol.o
 .rodata.ProcessPins
                0x0000000000003f5c       0x4c ./User/swmain.o
 *(.gnu.linkonce.t.*)
                0x0000000000003fa8                . = ALIGN (0x4)

.rela.dyn       0x0000000000003fa8        0x0
 .rela.init     0x0000000000003fa8        0x0 ./User/SerialWombatPinModes/analogInput.o
 .rela.text.handle_reset
                0x0000000000003fa8        0x0 ./User/SerialWombatPinModes/analogInput.o

.fini           0x0000000000003fa8        0x0
 *(SORT_NONE(.fini))
                0x0000000000003fa8                . = ALIGN (0x4)
                [!provide]                        PROVIDE (_etext = .)
                [!provide]                        PROVIDE (_eitcm = .)

.preinit_array  0x0000000000003fa8        0x0
                [!provide]                        PROVIDE (__preinit_array_start = .)
 *(.preinit_array)
                [!provide]                        PROVIDE (__preinit_array_end = .)

.init_array     0x0000000000003fa8        0x0
                [!provide]                        PROVIDE (__init_array_start = .)
 *(SORT_BY_INIT_PRIORITY(.init_array.*) SORT_BY_INIT_PRIORITY(.ctors.*))
 *(.init_array EXCLUDE_FILE(*crtend?.o *crtend.o *crtbegin?.o *crtbegin.o) .ctors)
                [!provide]                        PROVIDE (__init_array_end = .)

.fini_array     0x0000000000003fa8        0x0
                [!provide]                        PROVIDE (__fini_array_start = .)
 *(SORT_BY_INIT_PRIORITY(.fini_array.*) SORT_BY_INIT_PRIORITY(.dtors.*))
 *(.fini_array EXCLUDE_FILE(*crtend?.o *crtend.o *crtbegin?.o *crtbegin.o) .dtors)
                [!provide]                        PROVIDE (__fini_array_end = .)

.ctors
 *crtbegin.o(.ctors)
 *crtbegin?.o(.ctors)
 *(EXCLUDE_FILE(*crtend?.o *crtend.o) .ctors)
 *(SORT_BY_NAME(.ctors.*))
 *(.ctors)

.dtors
 *crtbegin.o(.dtors)
 *crtbegin?.o(.dtors)
 *(EXCLUDE_FILE(*crtend?.o *crtend.o) .dtors)
 *(SORT_BY_NAME(.dtors.*))
 *(.dtors)

.dalign         0x0000000020000004        0x0 load address 0x0000000000003fa8
                0x0000000020000004                . = ALIGN (0x4)
                0x0000000020000004                PROVIDE (_data_vma = .)

.dlalign        0x0000000000003fa8        0x0
                0x0000000000003fa8                . = ALIGN (0x4)
                0x0000000000003fa8                PROVIDE (_data_lma = .)

.data           0x0000000020000004        0xc load address 0x0000000000003fa8
                0x0000000020000004                . = ALIGN (0x4)
 *(.gnu.linkonce.r.*)
 *(.data .data.*)
 .data.lfsrSeed
                0x0000000020000004        0x4 ./User/pinRegisters.o
                0x0000000020000004                lfsrSeed
 .data.lastUserBufferIndex
                0x0000000020000008        0x2 ./User/protocol.o
                0x0000000020000008                lastUserBufferIndex
 .data.SystemUtilizationAverage
                0x000000002000000a        0x2 ./User/swmain.o
                0x000000002000000a                SystemUtilizationAverage
 .data.SystemCoreClock
                0x000000002000000c        0x4 ./User/system_ch32v00x.o
                0x000000002000000c                SystemCoreClock
 *(.gnu.linkonce.d.*)
                0x0000000020000010                . = ALIGN (0x8)
                0x0000000020000810                PROVIDE (__global_pointer$ = (. + 0x800))
 *(.sdata .sdata.*)
 *(.sdata2*)
 *(.gnu.linkonce.s.*)
                0x0000000020000010                . = ALIGN (0x8)
 *(.srodata.cst16)
 *(.srodata.cst8)
 *(.srodata.cst4)
 *(.srodata.cst2)
 *(.srodata .srodata.*)
                0x0000000020000010                . = ALIGN (0x4)
                0x0000000020000010                PROVIDE (_edata = .)

.bss            0x0000000020000010      0x6a8 load address 0x0000000000003fb4
                0x0000000020000010                . = ALIGN (0x4)
                0x0000000020000010                PROVIDE (_sbss = .)
 *(.sbss*)
 *(.gnu.linkonce.sb.*)
 *(.bss*)
 .bss.debugAnalog
                0x0000000020000010        0x4 ./User/SerialWombatPinModes/analogInput.o
                0x0000000020000010                debugAnalog
 .bss.debughBridge
                0x0000000020000014        0x4 ./User/SerialWombatPinModes/hBridge.o
                0x0000000020000014                debughBridge
 .bss.debughBridge2
                0x0000000020000018        0x4 ./User/SerialWombatPinModes/hBridge.o
                0x0000000020000018                debughBridge2
 .bss.debugInputProcess
                0x000000002000001c        0x4 ./User/SerialWombatPinModes/inputProcess.o
                0x000000002000001c                debugInputProcess
 .bss.debugOutputScale
                0x0000000020000020        0x4 ./User/SerialWombatPinModes/outputScale.o
                0x0000000020000020                debugOutputScale
 .bss.pidLastDerivativeEffort
                0x0000000020000024        0x4 ./User/SerialWombatPinModes/outputScale.o
                0x0000000020000024                pidLastDerivativeEffort
 .bss.pidLastEffort
                0x0000000020000028        0x4 ./User/SerialWombatPinModes/outputScale.o
                0x0000000020000028                pidLastEffort
 .bss.pidLastError
                0x000000002000002c        0x4 ./User/SerialWombatPinModes/outputScale.o
                0x000000002000002c                pidLastError
 .bss.pidLastIntegrator
                0x0000000020000030        0x4 ./User/SerialWombatPinModes/outputScale.o
                0x0000000020000030                pidLastIntegrator
 .bss.pidLastIntegratorEffort
                0x0000000020000034        0x4 ./User/SerialWombatPinModes/outputScale.o
                0x0000000020000034                pidLastIntegratorEffort
 .bss.pidLastProportionalEffort
                0x0000000020000038        0x4 ./User/SerialWombatPinModes/outputScale.o
                0x0000000020000038                pidLastProportionalEffort
 .bss.debugPinInputProcessor
                0x000000002000003c        0x4 ./User/SerialWombatPinModes/pinInputProcessor.o
                0x000000002000003c                debugPinInputProcessor
 .bss.debugPulseTimer
                0x0000000020000040        0x4 ./User/SerialWombatPinModes/pulseTimer.o
                0x0000000020000040                debugPulseTimer
 .bss.InputArrayA
                0x0000000020000044       0x80 ./User/DMA_IO.o
                0x0000000020000044                InputArrayA
 .bss.OutputArrayAHigh
                0x00000000200000c4      0x200 ./User/DMA_IO.o
                0x00000000200000c4                OutputArrayAHigh
 .bss.stayInFault
                0x00000000200002c4        0x1 ./User/ch32v00x_it.o
                0x00000000200002c4                stayInFault
 *fill*         0x00000000200002c5        0x3 
 .bss.ADCBuffer
                0x00000000200002c8       0x12 ./User/main.o
                0x00000000200002c8                ADCBuffer
 .bss.i2cAddress
                0x00000000200002da        0x1 ./User/main.o
                0x00000000200002da                i2cAddress
 *fill*         0x00000000200002db        0x1 
 .bss.CurrentPinRegister
                0x00000000200002dc        0x4 ./User/pinRegisters.o
                0x00000000200002dc                CurrentPinRegister
 .bss.PinUpdateRegisters
                0x00000000200002e0      0x300 ./User/pinRegisters.o
                0x00000000200002e0                PinUpdateRegisters
 .bss.incrementingValue
                0x00000000200005e0        0x2 ./User/pinRegisters.o
                0x00000000200005e0                incrementingValue
 .bss.Errors    0x00000000200005e2        0x2 ./User/protocol.o
                0x00000000200005e2                Errors
 .bss.PacketsProcessed
                0x00000000200005e4        0x2 ./User/protocol.o
                0x00000000200005e4                PacketsProcessed
 *fill*         0x00000000200005e6        0x2 
 .bss.Rxbuffer  0x00000000200005e8        0x8 ./User/protocol.o
                0x00000000200005e8                Rxbuffer
 .bss.Txbuffer  0x00000000200005f0        0x8 ./User/protocol.o
                0x00000000200005f0                Txbuffer
 .bss.diagnosticTestFailed
                0x00000000200005f8        0x4 ./User/protocol.o
                0x00000000200005f8                diagnosticTestFailed
 .bss.diagnosticTestPassed
                0x00000000200005fc        0x4 ./User/protocol.o
                0x00000000200005fc                diagnosticTestPassed
 .bss.i2cDebugPtr
                0x0000000020000600        0x4 ./User/protocol.o
                0x0000000020000600                i2cDebugPtr
 .bss.i2cMode   0x0000000020000604        0x2 ./User/protocol.o
                0x0000000020000604                i2cMode
 .bss.i2cRxCount
                0x0000000020000606        0x1 ./User/protocol.o
                0x0000000020000606                i2cRxCount
 .bss.i2cTxCount
                0x0000000020000607        0x1 ./User/protocol.o
                0x0000000020000607                i2cTxCount
 .bss.lastErrorPacket
                0x0000000020000608        0x8 ./User/protocol.o
                0x0000000020000608                lastErrorPacket
 .bss.star1     0x0000000020000610        0x2 ./User/protocol.o
                0x0000000020000610                star1
 .bss.testSequenceArmed
                0x0000000020000612        0x1 ./User/protocol.o
                0x0000000020000612                testSequenceArmed
 .bss.testSequenceNumber
                0x0000000020000613        0x1 ./User/protocol.o
                0x0000000020000613                testSequenceNumber
 .bss.QueueOverflowCounter
                0x0000000020000614        0x2 ./User/queue.o
                0x0000000020000614                QueueOverflowCounter
 *fill*         0x0000000020000616        0x2 
 .bss.queueAddress
                0x0000000020000618        0x4 ./User/queue.o
                0x0000000020000618                queueAddress
 .bss.CurrentPin
                0x000000002000061c        0x1 ./User/swmain.o
                0x000000002000061c                CurrentPin
 *fill*         0x000000002000061d        0x1 
 .bss.FramesDropped
                0x000000002000061e        0x2 ./User/swmain.o
                0x000000002000061e                FramesDropped
 .bss.FramesRun
                0x0000000020000620        0x4 ./User/swmain.o
                0x0000000020000620                FramesRun
 .bss.OverflowFrames
                0x0000000020000624        0x2 ./User/swmain.o
                0x0000000020000624                OverflowFrames
 .bss.RunForeground
                0x0000000020000626        0x1 ./User/swmain.o
                0x0000000020000626                RunForeground
 *fill*         0x0000000020000627        0x1 
 .bss.System1msCount
                0x0000000020000628        0x4 ./User/swmain.o
                0x0000000020000628                System1msCount
 .bss.SystemUtilizationCount
                0x000000002000062c        0x2 ./User/swmain.o
                0x000000002000062c                SystemUtilizationCount
 *fill*         0x000000002000062e        0x2 
 .bss.SystemUtilizationSum
                0x0000000020000630        0x4 ./User/swmain.o
                0x0000000020000630                SystemUtilizationSum
 .bss.UserBuffer
                0x0000000020000634       0x80 ./User/swmain.o
                0x0000000020000634                UserBuffer
 .bss.NVIC_Priority_Group
                0x00000000200006b4        0x4 ./Peripheral/src/ch32v00x_misc.o
                0x00000000200006b4                NVIC_Priority_Group
 *(.gnu.linkonce.b.*)
 *(COMMON*)
                0x00000000200006b8                . = ALIGN (0x4)
                0x00000000200006b8                PROVIDE (_ebss = .)
                0x00000000200006b8                PROVIDE (_end = _ebss)
                [!provide]                        PROVIDE (end = .)

.stack          0x0000000020000700      0x100
                0x0000000020000700                PROVIDE (_heap_end = .)
                0x0000000020000700                . = ALIGN (0x4)
                [!provide]                        PROVIDE (_susrstack = .)
                0x0000000020000800                . = (. + __stack_size)
 *fill*         0x0000000020000700      0x100 
                0x0000000020000800                PROVIDE (_eusrstack = .)

.stayinboot     0x0000000020000000        0x2 load address 0x0000000000003fb4
 *(.stayinboot*)
 .stayinboot    0x0000000020000000        0x2 ./User/main.o
                0x0000000020000000                stayInBoot
OUTPUT(SerialWombat8B.elf elf32-littleriscv)

.debug_info     0x0000000000000000    0x1d900
 .debug_info    0x0000000000000000      0xbd9 ./User/SerialWombatPinModes/analogInput.o
 .debug_info    0x0000000000000bd9      0x190 ./User/SerialWombatPinModes/asciiConversion.o
 .debug_info    0x0000000000000d69      0xbf8 ./User/SerialWombatPinModes/debounce.o
 .debug_info    0x0000000000001961      0xf5e ./User/SerialWombatPinModes/digitalIO.o
 .debug_info    0x00000000000028bf      0xec2 ./User/SerialWombatPinModes/hBridge.o
 .debug_info    0x0000000000003781      0xb4d ./User/SerialWombatPinModes/inputProcess.o
 .debug_info    0x00000000000042ce     0x152a ./User/SerialWombatPinModes/outputScale.o
 .debug_info    0x00000000000057f8      0xbb6 ./User/SerialWombatPinModes/pinInputProcessor.o
 .debug_info    0x00000000000063ae      0xe41 ./User/SerialWombatPinModes/pulseTimer.o
 .debug_info    0x00000000000071ef      0xd44 ./User/SerialWombatPinModes/pwm.o
 .debug_info    0x0000000000007f33      0xe8d ./User/SerialWombatPinModes/quadEnc.o
 .debug_info    0x0000000000008dc0      0x12d ./User/SerialWombatPinModes/swMath.o
 .debug_info    0x0000000000008eed     0x1fa4 ./User/DMA_IO.o
 .debug_info    0x000000000000ae91      0xbc8 ./User/ch32v00x_it.o
 .debug_info    0x000000000000ba59     0x242b ./User/main.o
 .debug_info    0x000000000000de84     0x10f7 ./User/pinRegisters.o
 .debug_info    0x000000000000ef7b     0x1b8e ./User/protocol.o
 .debug_info    0x0000000000010b09     0x1143 ./User/queue.o
 .debug_info    0x0000000000011c4c     0x1316 ./User/swmain.o
 .debug_info    0x0000000000012f62      0xc1b ./User/system_ch32v00x.o
 .debug_info    0x0000000000013b7d      0xe9a ./User/timingResource.o
 .debug_info    0x0000000000014a17       0x22 ./Startup/startup_ch32v00x.o
 .debug_info    0x0000000000014a39     0x1526 ./Peripheral/src/ch32v00x_adc.o
 .debug_info    0x0000000000015f5f      0xd17 ./Peripheral/src/ch32v00x_dma.o
 .debug_info    0x0000000000016c76     0x1481 ./Peripheral/src/ch32v00x_flash.o
 .debug_info    0x00000000000180f7     0x1034 ./Peripheral/src/ch32v00x_gpio.o
 .debug_info    0x000000000001912b      0xdca ./Peripheral/src/ch32v00x_misc.o
 .debug_info    0x0000000000019ef5     0x108c ./Peripheral/src/ch32v00x_rcc.o
 .debug_info    0x000000000001af81     0x297f ./Peripheral/src/ch32v00x_tim.o

.debug_abbrev   0x0000000000000000     0x4ea1
 .debug_abbrev  0x0000000000000000      0x1dc ./User/SerialWombatPinModes/analogInput.o
 .debug_abbrev  0x00000000000001dc       0xe3 ./User/SerialWombatPinModes/asciiConversion.o
 .debug_abbrev  0x00000000000002bf      0x1c9 ./User/SerialWombatPinModes/debounce.o
 .debug_abbrev  0x0000000000000488      0x1db ./User/SerialWombatPinModes/digitalIO.o
 .debug_abbrev  0x0000000000000663      0x20e ./User/SerialWombatPinModes/hBridge.o
 .debug_abbrev  0x0000000000000871      0x299 ./User/SerialWombatPinModes/inputProcess.o
 .debug_abbrev  0x0000000000000b0a      0x415 ./User/SerialWombatPinModes/outputScale.o
 .debug_abbrev  0x0000000000000f1f      0x1d3 ./User/SerialWombatPinModes/pinInputProcessor.o
 .debug_abbrev  0x00000000000010f2      0x214 ./User/SerialWombatPinModes/pulseTimer.o
 .debug_abbrev  0x0000000000001306      0x1cb ./User/SerialWombatPinModes/pwm.o
 .debug_abbrev  0x00000000000014d1      0x252 ./User/SerialWombatPinModes/quadEnc.o
 .debug_abbrev  0x0000000000001723       0x88 ./User/SerialWombatPinModes/swMath.o
 .debug_abbrev  0x00000000000017ab      0x4ba ./User/DMA_IO.o
 .debug_abbrev  0x0000000000001c65      0x236 ./User/ch32v00x_it.o
 .debug_abbrev  0x0000000000001e9b      0x463 ./User/main.o
 .debug_abbrev  0x00000000000022fe      0x32e ./User/pinRegisters.o
 .debug_abbrev  0x000000000000262c      0x403 ./User/protocol.o
 .debug_abbrev  0x0000000000002a2f      0x401 ./User/queue.o
 .debug_abbrev  0x0000000000002e30      0x35a ./User/swmain.o
 .debug_abbrev  0x000000000000318a      0x2d6 ./User/system_ch32v00x.o
 .debug_abbrev  0x0000000000003460      0x2a8 ./User/timingResource.o
 .debug_abbrev  0x0000000000003708       0x12 ./Startup/startup_ch32v00x.o
 .debug_abbrev  0x000000000000371a      0x307 ./Peripheral/src/ch32v00x_adc.o
 .debug_abbrev  0x0000000000003a21      0x302 ./Peripheral/src/ch32v00x_dma.o
 .debug_abbrev  0x0000000000003d23      0x3fa ./Peripheral/src/ch32v00x_flash.o
 .debug_abbrev  0x000000000000411d      0x309 ./Peripheral/src/ch32v00x_gpio.o
 .debug_abbrev  0x0000000000004426      0x2ea ./Peripheral/src/ch32v00x_misc.o
 .debug_abbrev  0x0000000000004710      0x389 ./Peripheral/src/ch32v00x_rcc.o
 .debug_abbrev  0x0000000000004a99      0x408 ./Peripheral/src/ch32v00x_tim.o

.debug_loc      0x0000000000000000     0x6a72
 .debug_loc     0x0000000000000000       0x1e ./User/SerialWombatPinModes/analogInput.o
 .debug_loc     0x000000000000001e      0x253 ./User/SerialWombatPinModes/asciiConversion.o
 .debug_loc     0x0000000000000271       0x1b ./User/SerialWombatPinModes/debounce.o
 .debug_loc     0x000000000000028c       0x37 ./User/SerialWombatPinModes/digitalIO.o
 .debug_loc     0x00000000000002c3      0x144 ./User/SerialWombatPinModes/hBridge.o
 .debug_loc     0x0000000000000407      0x549 ./User/SerialWombatPinModes/inputProcess.o
 .debug_loc     0x0000000000000950      0x294 ./User/SerialWombatPinModes/outputScale.o
 .debug_loc     0x0000000000000be4       0x47 ./User/SerialWombatPinModes/pinInputProcessor.o
 .debug_loc     0x0000000000000c2b      0x1c4 ./User/SerialWombatPinModes/pulseTimer.o
 .debug_loc     0x0000000000000def       0x13 ./User/SerialWombatPinModes/pwm.o
 .debug_loc     0x0000000000000e02      0x19e ./User/SerialWombatPinModes/quadEnc.o
 .debug_loc     0x0000000000000fa0      0x184 ./User/SerialWombatPinModes/swMath.o
 .debug_loc     0x0000000000001124      0xd9f ./User/DMA_IO.o
 .debug_loc     0x0000000000001ec3      0x1fc ./User/main.o
 .debug_loc     0x00000000000020bf      0x337 ./User/pinRegisters.o
 .debug_loc     0x00000000000023f6      0x301 ./User/protocol.o
 .debug_loc     0x00000000000026f7      0x547 ./User/queue.o
 .debug_loc     0x0000000000002c3e       0x13 ./User/swmain.o
 .debug_loc     0x0000000000002c51       0x83 ./User/system_ch32v00x.o
 .debug_loc     0x0000000000002cd4      0x262 ./User/timingResource.o
 .debug_loc     0x0000000000002f36      0x9fa ./Peripheral/src/ch32v00x_adc.o
 .debug_loc     0x0000000000003930      0x14a ./Peripheral/src/ch32v00x_dma.o
 .debug_loc     0x0000000000003a7a      0xad0 ./Peripheral/src/ch32v00x_flash.o
 .debug_loc     0x000000000000454a      0x5e2 ./Peripheral/src/ch32v00x_gpio.o
 .debug_loc     0x0000000000004b2c       0x2d ./Peripheral/src/ch32v00x_misc.o
 .debug_loc     0x0000000000004b59      0x5e3 ./Peripheral/src/ch32v00x_rcc.o
 .debug_loc     0x000000000000513c     0x1936 ./Peripheral/src/ch32v00x_tim.o

.debug_aranges  0x0000000000000000      0xcd8
 .debug_aranges
                0x0000000000000000       0x30 ./User/SerialWombatPinModes/analogInput.o
 .debug_aranges
                0x0000000000000030       0x38 ./User/SerialWombatPinModes/asciiConversion.o
 .debug_aranges
                0x0000000000000068       0x28 ./User/SerialWombatPinModes/debounce.o
 .debug_aranges
                0x0000000000000090       0x28 ./User/SerialWombatPinModes/digitalIO.o
 .debug_aranges
                0x00000000000000b8       0x28 ./User/SerialWombatPinModes/hBridge.o
 .debug_aranges
                0x00000000000000e0       0x30 ./User/SerialWombatPinModes/inputProcess.o
 .debug_aranges
                0x0000000000000110       0x38 ./User/SerialWombatPinModes/outputScale.o
 .debug_aranges
                0x0000000000000148       0x28 ./User/SerialWombatPinModes/pinInputProcessor.o
 .debug_aranges
                0x0000000000000170       0x28 ./User/SerialWombatPinModes/pulseTimer.o
 .debug_aranges
                0x0000000000000198       0x30 ./User/SerialWombatPinModes/pwm.o
 .debug_aranges
                0x00000000000001c8       0x30 ./User/SerialWombatPinModes/quadEnc.o
 .debug_aranges
                0x00000000000001f8       0x20 ./User/SerialWombatPinModes/swMath.o
 .debug_aranges
                0x0000000000000218      0x188 ./User/DMA_IO.o
 .debug_aranges
                0x00000000000003a0       0x20 ./User/ch32v00x_it.o
 .debug_aranges
                0x00000000000003c0       0x30 ./User/main.o
 .debug_aranges
                0x00000000000003f0       0x48 ./User/pinRegisters.o
 .debug_aranges
                0x0000000000000438       0x40 ./User/protocol.o
 .debug_aranges
                0x0000000000000478       0x68 ./User/queue.o
 .debug_aranges
                0x00000000000004e0       0x40 ./User/swmain.o
 .debug_aranges
                0x0000000000000520       0x28 ./User/system_ch32v00x.o
 .debug_aranges
                0x0000000000000548       0x40 ./User/timingResource.o
 .debug_aranges
                0x0000000000000588       0x30 ./Startup/startup_ch32v00x.o
 .debug_aranges
                0x00000000000005b8      0x138 ./Peripheral/src/ch32v00x_adc.o
 .debug_aranges
                0x00000000000006f0       0x60 ./Peripheral/src/ch32v00x_dma.o
 .debug_aranges
                0x0000000000000750      0x110 ./Peripheral/src/ch32v00x_flash.o
 .debug_aranges
                0x0000000000000860       0x98 ./Peripheral/src/ch32v00x_gpio.o
 .debug_aranges
                0x00000000000008f8       0x28 ./Peripheral/src/ch32v00x_misc.o
 .debug_aranges
                0x0000000000000920       0xe0 ./Peripheral/src/ch32v00x_rcc.o
 .debug_aranges
                0x0000000000000a00      0x2d8 ./Peripheral/src/ch32v00x_tim.o

.debug_ranges   0x0000000000000000      0xe70
 .debug_ranges  0x0000000000000000       0x20 ./User/SerialWombatPinModes/analogInput.o
 .debug_ranges  0x0000000000000020       0x28 ./User/SerialWombatPinModes/asciiConversion.o
 .debug_ranges  0x0000000000000048       0x18 ./User/SerialWombatPinModes/debounce.o
 .debug_ranges  0x0000000000000060       0x30 ./User/SerialWombatPinModes/digitalIO.o
 .debug_ranges  0x0000000000000090       0x38 ./User/SerialWombatPinModes/hBridge.o
 .debug_ranges  0x00000000000000c8       0x80 ./User/SerialWombatPinModes/inputProcess.o
 .debug_ranges  0x0000000000000148       0xc0 ./User/SerialWombatPinModes/outputScale.o
 .debug_ranges  0x0000000000000208       0x18 ./User/SerialWombatPinModes/pinInputProcessor.o
 .debug_ranges  0x0000000000000220       0x80 ./User/SerialWombatPinModes/pulseTimer.o
 .debug_ranges  0x00000000000002a0       0x20 ./User/SerialWombatPinModes/pwm.o
 .debug_ranges  0x00000000000002c0       0x20 ./User/SerialWombatPinModes/quadEnc.o
 .debug_ranges  0x00000000000002e0       0x10 ./User/SerialWombatPinModes/swMath.o
 .debug_ranges  0x00000000000002f0      0x1f8 ./User/DMA_IO.o
 .debug_ranges  0x00000000000004e8       0x10 ./User/ch32v00x_it.o
 .debug_ranges  0x00000000000004f8       0x88 ./User/main.o
 .debug_ranges  0x0000000000000580       0x70 ./User/pinRegisters.o
 .debug_ranges  0x00000000000005f0       0x60 ./User/protocol.o
 .debug_ranges  0x0000000000000650       0x70 ./User/queue.o
 .debug_ranges  0x00000000000006c0       0x30 ./User/swmain.o
 .debug_ranges  0x00000000000006f0       0x18 ./User/system_ch32v00x.o
 .debug_ranges  0x0000000000000708       0x30 ./User/timingResource.o
 .debug_ranges  0x0000000000000738       0x28 ./Startup/startup_ch32v00x.o
 .debug_ranges  0x0000000000000760      0x128 ./Peripheral/src/ch32v00x_adc.o
 .debug_ranges  0x0000000000000888       0x50 ./Peripheral/src/ch32v00x_dma.o
 .debug_ranges  0x00000000000008d8      0x100 ./Peripheral/src/ch32v00x_flash.o
 .debug_ranges  0x00000000000009d8       0x88 ./Peripheral/src/ch32v00x_gpio.o
 .debug_ranges  0x0000000000000a60       0x48 ./Peripheral/src/ch32v00x_misc.o
 .debug_ranges  0x0000000000000aa8       0xd0 ./Peripheral/src/ch32v00x_rcc.o
 .debug_ranges  0x0000000000000b78      0x2f8 ./Peripheral/src/ch32v00x_tim.o

.debug_line     0x0000000000000000    0x1507d
 .debug_line    0x0000000000000000      0x4e3 ./User/SerialWombatPinModes/analogInput.o
 .debug_line    0x00000000000004e3      0x5c2 ./User/SerialWombatPinModes/asciiConversion.o
 .debug_line    0x0000000000000aa5      0x56c ./User/SerialWombatPinModes/debounce.o
 .debug_line    0x0000000000001011      0x51b ./User/SerialWombatPinModes/digitalIO.o
 .debug_line    0x000000000000152c      0x92b ./User/SerialWombatPinModes/hBridge.o
 .debug_line    0x0000000000001e57      0xd7b ./User/SerialWombatPinModes/inputProcess.o
 .debug_line    0x0000000000002bd2     0x130d ./User/SerialWombatPinModes/outputScale.o
 .debug_line    0x0000000000003edf      0x3b1 ./User/SerialWombatPinModes/pinInputProcessor.o
 .debug_line    0x0000000000004290      0xafa ./User/SerialWombatPinModes/pulseTimer.o
 .debug_line    0x0000000000004d8a      0x530 ./User/SerialWombatPinModes/pwm.o
 .debug_line    0x00000000000052ba      0xbc8 ./User/SerialWombatPinModes/quadEnc.o
 .debug_line    0x0000000000005e82      0x24e ./User/SerialWombatPinModes/swMath.o
 .debug_line    0x00000000000060d0     0x1c3f ./User/DMA_IO.o
 .debug_line    0x0000000000007d0f      0x2ed ./User/ch32v00x_it.o
 .debug_line    0x0000000000007ffc      0xfd8 ./User/main.o
 .debug_line    0x0000000000008fd4      0x818 ./User/pinRegisters.o
 .debug_line    0x00000000000097ec     0x12a4 ./User/protocol.o
 .debug_line    0x000000000000aa90      0x9e2 ./User/queue.o
 .debug_line    0x000000000000b472      0x67d ./User/swmain.o
 .debug_line    0x000000000000baef      0x5c0 ./User/system_ch32v00x.o
 .debug_line    0x000000000000c0af      0x5ca ./User/timingResource.o
 .debug_line    0x000000000000c679      0x112 ./Startup/startup_ch32v00x.o
 .debug_line    0x000000000000c78b     0x14a3 ./Peripheral/src/ch32v00x_adc.o
 .debug_line    0x000000000000dc2e      0x7fe ./Peripheral/src/ch32v00x_dma.o
 .debug_line    0x000000000000e42c     0x1c90 ./Peripheral/src/ch32v00x_flash.o
 .debug_line    0x00000000000100bc      0xc5e ./Peripheral/src/ch32v00x_gpio.o
 .debug_line    0x0000000000010d1a      0x43e ./Peripheral/src/ch32v00x_misc.o
 .debug_line    0x0000000000011158      0xe65 ./Peripheral/src/ch32v00x_rcc.o
 .debug_line    0x0000000000011fbd     0x30c0 ./Peripheral/src/ch32v00x_tim.o

.debug_str      0x0000000000000000     0x5c85
 .debug_str     0x0000000000000000     0x172e ./User/SerialWombatPinModes/analogInput.o
                                       0x17b2 (size before relaxing)
 .debug_str     0x000000000000172e       0x74 ./User/SerialWombatPinModes/asciiConversion.o
                                        0x234 (size before relaxing)
 .debug_str     0x00000000000017a2      0x10d ./User/SerialWombatPinModes/debounce.o
                                       0x1810 (size before relaxing)
 .debug_str     0x00000000000018af      0x2a1 ./User/SerialWombatPinModes/digitalIO.o
                                       0x19da (size before relaxing)
 .debug_str     0x0000000000001b50      0x3ca ./User/SerialWombatPinModes/hBridge.o
                                       0x1b17 (size before relaxing)
 .debug_str     0x0000000000001f1a      0x1a4 ./User/SerialWombatPinModes/inputProcess.o
                                        0xe4c (size before relaxing)
 .debug_str     0x00000000000020be      0x693 ./User/SerialWombatPinModes/outputScale.o
                                       0x1326 (size before relaxing)
 .debug_str     0x0000000000002751       0xc1 ./User/SerialWombatPinModes/pinInputProcessor.o
                                       0x17c8 (size before relaxing)
 .debug_str     0x0000000000002812      0x23a ./User/SerialWombatPinModes/pulseTimer.o
                                       0x1994 (size before relaxing)
 .debug_str     0x0000000000002a4c       0x5a ./User/SerialWombatPinModes/pwm.o
                                       0x1a25 (size before relaxing)
 .debug_str     0x0000000000002aa6      0x175 ./User/SerialWombatPinModes/quadEnc.o
                                       0x1911 (size before relaxing)
 .debug_str     0x0000000000002c1b       0x2b ./User/SerialWombatPinModes/swMath.o
                                        0x1f7 (size before relaxing)
 .debug_str     0x0000000000002c46      0x398 ./User/DMA_IO.o
                                        0xd99 (size before relaxing)
 .debug_str     0x0000000000002fde       0xee ./User/ch32v00x_it.o
                                        0x6b0 (size before relaxing)
 .debug_str     0x00000000000030cc      0x965 ./User/main.o
                                       0x1375 (size before relaxing)
 .debug_str     0x0000000000003a31      0x619 ./User/pinRegisters.o
                                        0xdd1 (size before relaxing)
 .debug_str     0x000000000000404a      0x1c2 ./User/protocol.o
                                       0x1c9e (size before relaxing)
 .debug_str     0x000000000000420c      0x185 ./User/queue.o
                                        0x9c5 (size before relaxing)
 .debug_str     0x0000000000004391       0x77 ./User/swmain.o
                                        0xd19 (size before relaxing)
 .debug_str     0x0000000000004408       0xb0 ./User/system_ch32v00x.o
                                        0x71a (size before relaxing)
 .debug_str     0x00000000000044b8       0xab ./User/timingResource.o
                                        0xa93 (size before relaxing)
 .debug_str     0x0000000000004563       0x2a ./Startup/startup_ch32v00x.o
                                         0x83 (size before relaxing)
 .debug_str     0x000000000000458d      0x3c9 ./Peripheral/src/ch32v00x_adc.o
                                        0xba9 (size before relaxing)
 .debug_str     0x0000000000004956      0x105 ./Peripheral/src/ch32v00x_dma.o
                                        0x812 (size before relaxing)
 .debug_str     0x0000000000004a5b      0x3f3 ./Peripheral/src/ch32v00x_flash.o
                                        0xad4 (size before relaxing)
 .debug_str     0x0000000000004e4e      0x1c5 ./Peripheral/src/ch32v00x_gpio.o
                                        0x962 (size before relaxing)
 .debug_str     0x0000000000005013       0x83 ./Peripheral/src/ch32v00x_misc.o
                                        0x92a (size before relaxing)
 .debug_str     0x0000000000005096      0x294 ./Peripheral/src/ch32v00x_rcc.o
                                        0x9d0 (size before relaxing)
 .debug_str     0x000000000000532a      0x95b ./Peripheral/src/ch32v00x_tim.o
                                       0x128a (size before relaxing)

.comment        0x0000000000000000       0x33
 .comment       0x0000000000000000       0x33 ./User/SerialWombatPinModes/analogInput.o
                                         0x34 (size before relaxing)
 .comment       0x0000000000000033       0x34 ./User/SerialWombatPinModes/asciiConversion.o
 .comment       0x0000000000000033       0x34 ./User/SerialWombatPinModes/debounce.o
 .comment       0x0000000000000033       0x34 ./User/SerialWombatPinModes/digitalIO.o
 .comment       0x0000000000000033       0x34 ./User/SerialWombatPinModes/hBridge.o
 .comment       0x0000000000000033       0x34 ./User/SerialWombatPinModes/inputProcess.o
 .comment       0x0000000000000033       0x34 ./User/SerialWombatPinModes/outputScale.o
 .comment       0x0000000000000033       0x34 ./User/SerialWombatPinModes/pinInputProcessor.o
 .comment       0x0000000000000033       0x34 ./User/SerialWombatPinModes/pulseTimer.o
 .comment       0x0000000000000033       0x34 ./User/SerialWombatPinModes/pwm.o
 .comment       0x0000000000000033       0x34 ./User/SerialWombatPinModes/quadEnc.o
 .comment       0x0000000000000033       0x34 ./User/SerialWombatPinModes/swMath.o
 .comment       0x0000000000000033       0x34 ./User/DMA_IO.o
 .comment       0x0000000000000033       0x34 ./User/ch32v00x_it.o
 .comment       0x0000000000000033       0x34 ./User/main.o
 .comment       0x0000000000000033       0x34 ./User/pinRegisters.o
 .comment       0x0000000000000033       0x34 ./User/protocol.o
 .comment       0x0000000000000033       0x34 ./User/queue.o
 .comment       0x0000000000000033       0x34 ./User/swmain.o
 .comment       0x0000000000000033       0x34 ./User/system_ch32v00x.o
 .comment       0x0000000000000033       0x34 ./User/timingResource.o
 .comment       0x0000000000000033       0x34 ./Peripheral/src/ch32v00x_adc.o
 .comment       0x0000000000000033       0x34 ./Peripheral/src/ch32v00x_dma.o
 .comment       0x0000000000000033       0x34 ./Peripheral/src/ch32v00x_flash.o
 .comment       0x0000000000000033       0x34 ./Peripheral/src/ch32v00x_gpio.o
 .comment       0x0000000000000033       0x34 ./Peripheral/src/ch32v00x_misc.o
 .comment       0x0000000000000033       0x34 ./Peripheral/src/ch32v00x_rcc.o
 .comment       0x0000000000000033       0x34 ./Peripheral/src/ch32v00x_tim.o

.debug_frame    0x0000000000000000     0x1dc4
 .debug_frame   0x0000000000000000       0x70 ./User/SerialWombatPinModes/analogInput.o
 .debug_frame   0x0000000000000070       0x68 ./User/SerialWombatPinModes/asciiConversion.o
 .debug_frame   0x00000000000000d8       0x54 ./User/SerialWombatPinModes/debounce.o
 .debug_frame   0x000000000000012c       0x54 ./User/SerialWombatPinModes/digitalIO.o
 .debug_frame   0x0000000000000180       0x64 ./User/SerialWombatPinModes/hBridge.o
 .debug_frame   0x00000000000001e4       0x68 ./User/SerialWombatPinModes/inputProcess.o
 .debug_frame   0x000000000000024c       0x94 ./User/SerialWombatPinModes/outputScale.o
 .debug_frame   0x00000000000002e0       0x50 ./User/SerialWombatPinModes/pinInputProcessor.o
 .debug_frame   0x0000000000000330       0x60 ./User/SerialWombatPinModes/pulseTimer.o
 .debug_frame   0x0000000000000390       0x74 ./User/SerialWombatPinModes/pwm.o
 .debug_frame   0x0000000000000404       0x78 ./User/SerialWombatPinModes/quadEnc.o
 .debug_frame   0x000000000000047c       0x34 ./User/SerialWombatPinModes/swMath.o
 .debug_frame   0x00000000000004b0      0x4d0 ./User/DMA_IO.o
 .debug_frame   0x0000000000000980       0x30 ./User/ch32v00x_it.o
 .debug_frame   0x00000000000009b0       0x58 ./User/main.o
 .debug_frame   0x0000000000000a08       0x84 ./User/pinRegisters.o
 .debug_frame   0x0000000000000a8c       0xc0 ./User/protocol.o
 .debug_frame   0x0000000000000b4c       0xf0 ./User/queue.o
 .debug_frame   0x0000000000000c3c       0x94 ./User/swmain.o
 .debug_frame   0x0000000000000cd0       0x50 ./User/system_ch32v00x.o
 .debug_frame   0x0000000000000d20       0x8c ./User/timingResource.o
 .debug_frame   0x0000000000000dac      0x26c ./Peripheral/src/ch32v00x_adc.o
 .debug_frame   0x0000000000001018       0xcc ./Peripheral/src/ch32v00x_dma.o
 .debug_frame   0x00000000000010e4      0x324 ./Peripheral/src/ch32v00x_flash.o
 .debug_frame   0x0000000000001408      0x154 ./Peripheral/src/ch32v00x_gpio.o
 .debug_frame   0x000000000000155c       0x30 ./Peripheral/src/ch32v00x_misc.o
 .debug_frame   0x000000000000158c      0x1dc ./Peripheral/src/ch32v00x_rcc.o
 .debug_frame   0x0000000000001768      0x624 ./Peripheral/src/ch32v00x_tim.o
 .debug_frame   0x0000000000001d8c       0x38 c:/mounriver/mounriver_studio/toolchain/risc-v embedded gcc/bin/../lib/gcc/riscv-none-embed/8.2.0/../../../../riscv-none-embed/lib/rv32ecxw/ilp32e\libg_nano.a(lib_a-memcpy.o)
