Archive member included to satisfy reference by file (symbol)

c:/mounriver/mounriver_studio/toolchain/risc-v embedded gcc/bin/../lib/gcc/riscv-none-embed/8.2.0/rv32ecxw/ilp32e\libgcc.a(save-restore.o)
                              ./User/SerialWombatPinModes/MAX7219Matrix.o (__riscv_save_2)
c:/mounriver/mounriver_studio/toolchain/risc-v embedded gcc/bin/../lib/gcc/riscv-none-embed/8.2.0/rv32ecxw/ilp32e\libgcc.a(muldi3.o)
                              ./User/SerialWombatPinModes/asciiConversion.o (__mulsi3)
c:/mounriver/mounriver_studio/toolchain/risc-v embedded gcc/bin/../lib/gcc/riscv-none-embed/8.2.0/rv32ecxw/ilp32e\libgcc.a(div.o)
                              ./User/SerialWombatPinModes/frequencyOutput.o (__divsi3)
c:/mounriver/mounriver_studio/toolchain/risc-v embedded gcc/bin/../lib/gcc/riscv-none-embed/8.2.0/../../../../riscv-none-embed/lib/rv32ecxw/ilp32e\libg_nano.a(lib_a-memcpy.o)
                              ./User/SerialWombatPinModes/outputScale.o (memcpy)
c:/mounriver/mounriver_studio/toolchain/risc-v embedded gcc/bin/../lib/gcc/riscv-none-embed/8.2.0/../../../../riscv-none-embed/lib/rv32ecxw/ilp32e\libg_nano.a(lib_a-memset.o)
                              ./User/main.o (memset)

Discarded input sections

 .text          0x0000000000000000        0x0 ./User/SerialWombatPinModes/Font5x7.o
 .data          0x0000000000000000        0x0 ./User/SerialWombatPinModes/Font5x7.o
 .bss           0x0000000000000000        0x0 ./User/SerialWombatPinModes/Font5x7.o
 .rodata.Font5x7Columns
                0x0000000000000000      0x4fb ./User/SerialWombatPinModes/Font5x7.o
 .rodata.Font5x7Rows
                0x0000000000000000      0x7f8 ./User/SerialWombatPinModes/Font5x7.o
 .debug_info    0x0000000000000000       0xe2 ./User/SerialWombatPinModes/Font5x7.o
 .debug_abbrev  0x0000000000000000       0x84 ./User/SerialWombatPinModes/Font5x7.o
 .debug_aranges
                0x0000000000000000       0x18 ./User/SerialWombatPinModes/Font5x7.o
 .debug_line    0x0000000000000000      0x12b ./User/SerialWombatPinModes/Font5x7.o
 .debug_str     0x0000000000000000      0x1e7 ./User/SerialWombatPinModes/Font5x7.o
 .comment       0x0000000000000000       0x34 ./User/SerialWombatPinModes/Font5x7.o
 .text          0x0000000000000000        0x0 ./User/SerialWombatPinModes/MAX7219Matrix.o
 .data          0x0000000000000000        0x0 ./User/SerialWombatPinModes/MAX7219Matrix.o
 .bss           0x0000000000000000        0x0 ./User/SerialWombatPinModes/MAX7219Matrix.o
 .text.max7219ClockWord
                0x0000000000000000       0x72 ./User/SerialWombatPinModes/MAX7219Matrix.o
 .text.max7219ClockAllDisplays
                0x0000000000000000       0x54 ./User/SerialWombatPinModes/MAX7219Matrix.o
 .text.max7219_hwinit
                0x0000000000000000       0x84 ./User/SerialWombatPinModes/MAX7219Matrix.o
 .text.initMax7219Matrix
                0x0000000000000000      0x1a6 ./User/SerialWombatPinModes/MAX7219Matrix.o
 .text.updateMax7219Matrix
                0x0000000000000000      0x162 ./User/SerialWombatPinModes/MAX7219Matrix.o
 .bss.debugLastClockedOut
                0x0000000000000000        0x2 ./User/SerialWombatPinModes/MAX7219Matrix.o
 .debug_info    0x0000000000000000      0xc06 ./User/SerialWombatPinModes/MAX7219Matrix.o
 .debug_abbrev  0x0000000000000000      0x237 ./User/SerialWombatPinModes/MAX7219Matrix.o
 .debug_loc     0x0000000000000000      0x23f ./User/SerialWombatPinModes/MAX7219Matrix.o
 .debug_aranges
                0x0000000000000000       0x40 ./User/SerialWombatPinModes/MAX7219Matrix.o
 .debug_ranges  0x0000000000000000       0x78 ./User/SerialWombatPinModes/MAX7219Matrix.o
 .debug_line    0x0000000000000000      0xa8f ./User/SerialWombatPinModes/MAX7219Matrix.o
 .debug_str     0x0000000000000000     0x1603 ./User/SerialWombatPinModes/MAX7219Matrix.o
 .comment       0x0000000000000000       0x34 ./User/SerialWombatPinModes/MAX7219Matrix.o
 .debug_frame   0x0000000000000000       0xd0 ./User/SerialWombatPinModes/MAX7219Matrix.o
 .text          0x0000000000000000        0x0 ./User/SerialWombatPinModes/PS2Keyboard.o
 .data          0x0000000000000000        0x0 ./User/SerialWombatPinModes/PS2Keyboard.o
 .bss           0x0000000000000000        0x0 ./User/SerialWombatPinModes/PS2Keyboard.o
 .text.initPS2Keyboard
                0x0000000000000000      0x300 ./User/SerialWombatPinModes/PS2Keyboard.o
 .text.ps2kb_processAscii
                0x0000000000000000       0xb4 ./User/SerialWombatPinModes/PS2Keyboard.o
 .text.ps2kb_processCurrentlyPressed
                0x0000000000000000       0x80 ./User/SerialWombatPinModes/PS2Keyboard.o
 .text.ps2kb_processMakeCodes
                0x0000000000000000       0x56 ./User/SerialWombatPinModes/PS2Keyboard.o
 .text.ps2kb_processData
                0x0000000000000000       0xec ./User/SerialWombatPinModes/PS2Keyboard.o
 .text.updatePS2Keyboard
                0x0000000000000000      0x17e ./User/SerialWombatPinModes/PS2Keyboard.o
 .bss.debugKeyboard
[...]
Memory Configuration

Name             Origin             Length             Attributes
FLASH            0x0000000000000000 0x0000000000003ffc xr
STAYINBOOT       0x0000000020000000 0x0000000000000004 xrw
RAM              0x0000000020000004 0x00000000000007fc xrw
*default*        0x0000000000000000 0xffffffffffffffff

Linker script and memory map

LOAD ./User/SerialWombatPinModes/Font5x7.o
LOAD ./User/SerialWombatPinModes/MAX7219Matrix.o
LOAD ./User/SerialWombatPinModes/PS2Keyboard.o
LOAD ./User/SerialWombatPinModes/TM1637.o
LOAD ./User/SerialWombatPinModes/analogInput.o
LOAD ./User/SerialWombatPinModes/asciiConversion.o
LOAD ./User/SerialWombatPinModes/debounce.o
LOAD ./User/SerialWombatPinModes/digitalIO.o
LOAD ./User/SerialWombatPinModes/frequencyOutput.o
LOAD ./User/SerialWombatPinModes/hBridge.o
LOAD ./User/SerialWombatPinModes/inputProcess.o
LOAD ./User/SerialWombatPinModes/liquidCrystal.o
LOAD ./User/SerialWombatPinModes/matrixKeypad.o
LOAD ./User/SerialWombatPinModes/outputScale.o
LOAD ./User/SerialWombatPinModes/pinInputProcessor.o
LOAD ./User/SerialWombatPinModes/protectedOutput.o
LOAD ./User/SerialWombatPinModes/pulseOnChange.o
LOAD ./User/SerialWombatPinModes/pulseTimer.o
LOAD ./User/SerialWombatPinModes/pwm.o
LOAD ./User/SerialWombatPinModes/quadEnc.o
LOAD ./User/SerialWombatPinModes/queuedPulseOutput.o
LOAD ./User/SerialWombatPinModes/servo.o
LOAD ./User/SerialWombatPinModes/swMath.o
LOAD ./User/SerialWombatPinModes/throughputConsumer.o
LOAD ./User/SerialWombatPinModes/uartHw8B.o
LOAD ./User/SerialWombatPinModes/uartSw.o
LOAD ./User/SerialWombatPinModes/ultrasonicDistance.o
LOAD ./User/SerialWombatPinModes/watchdog.o
LOAD ./User/DMA_IO.o
LOAD ./User/ch32v00x_it.o
LOAD ./User/main.o
LOAD ./User/pinRegisters.o
LOAD ./User/protocol.o
LOAD ./User/queue.o
LOAD ./User/swmain.o
LOAD ./User/system_ch32v00x.o
LOAD ./User/timingResource.o
LOAD ./Startup/startup_ch32v00x.o
LOAD ./Peripheral/src/ch32v00x_adc.o
LOAD ./Peripheral/src/ch32v00x_dbgmcu.o
LOAD ./Peripheral/src/ch32v00x_dma.o
LOAD ./Peripheral/src/ch32v00x_exti.o
LOAD ./Peripheral/src/ch32v00x_flash.o
LOAD ./Peripheral/src/ch32v00x_gpio.o
LOAD ./Peripheral/src/ch32v00x_i2c.o
LOAD ./Peripheral/src/ch32v00x_iwdg.o
LOAD ./Peripheral/src/ch32v00x_misc.o
LOAD ./Peripheral/src/ch32v00x_opa.o
LOAD ./Peripheral/src/ch32v00x_pwr.o
LOAD ./Peripheral/src/ch32v00x_rcc.o
LOAD ./Peripheral/src/ch32v00x_spi.o
LOAD ./Peripheral/src/ch32v00x_tim.o
LOAD ./Peripheral/src/ch32v00x_usart.o
LOAD ./Peripheral/src/ch32v00x_wwdg.o
LOAD ./Debug/debug.o
LOAD ./Core/core_riscv.o
LOAD c:/mounriver/mounriver_studio/toolchain/risc-v embedded gcc/bin/../lib/gcc/riscv-none-embed/8.2.0/../../../../riscv-none-embed/lib/rv32ecxw/ilp32e\libprintf.a
LOAD c:/mounriver/mounriver_studio/toolchain/risc-v embedded gcc/bin/../lib/gcc/riscv-none-embed/8.2.0/rv32ecxw/ilp32e\libgcc.a
LOAD c:/mounriver/mounriver_studio/toolchain/risc-v embedded gcc/bin/../lib/gcc/riscv-none-embed/8.2.0/../../../../riscv-none-embed/lib/rv32ecxw/ilp32e\libg_nano.a
LOAD c:/mounriver/mounriver_studio/toolchain/risc-v embedded gcc/bin/../lib/gcc/riscv-none-embed/8.2.0/../../../../riscv-none-embed/lib/rv32ecxw/ilp32e\libc_nano.a
LOAD c:/mounriver/mounriver_studio/toolchain/risc-v embedded gcc/bin/../lib/gcc/riscv-none-embed/8.2.0/rv32ecxw/ilp32e\libgcc.a
START GROUP
LOAD c:/mounriver/mounriver_studio/toolchain/risc-v embedded gcc/bin/../lib/gcc/riscv-none-embed/8.2.0/rv32ecxw/ilp32e\libgcc.a
LOAD c:/mounriver/mounriver_studio/toolchain/risc-v embedded gcc/bin/../lib/gcc/riscv-none-embed/8.2.0/../../../../riscv-none-embed/lib/rv32ecxw/ilp32e\libc_nano.a
LOAD c:/mounriver/mounriver_studio/toolchain/risc-v embedded gcc/bin/../lib/gcc/riscv-none-embed/8.2.0/../../../../riscv-none-embed/lib/rv32ecxw/ilp32e\libnosys.a
END GROUP
START GROUP
LOAD c:/mounriver/mounriver_studio/toolchain/risc-v embedded gcc/bin/../lib/gcc/riscv-none-embed/8.2.0/rv32ecxw/ilp32e\libgcc.a
LOAD c:/mounriver/mounriver_studio/toolchain/risc-v embedded gcc/bin/../lib/gcc/riscv-none-embed/8.2.0/../../../../riscv-none-embed/lib/rv32ecxw/ilp32e\libc_nano.a
LOAD c:/mounriver/mounriver_studio/toolchain/risc-v embedded gcc/bin/../lib/gcc/riscv-none-embed/8.2.0/../../../../riscv-none-embed/lib/rv32ecxw/ilp32e\libnosys.a
END GROUP
                0x0000000000000100                __stack_size = 0x100
                [!provide]                        PROVIDE (_stack_size = __stack_size)

.init           0x0000000000000000       0xa0
                0x0000000000000000                _sinit = .
                0x0000000000000000                . = ALIGN (0x4)
 *(SORT_NONE(.init))
 .init          0x0000000000000000       0x9e ./Startup/startup_ch32v00x.o
                0x0000000000000000                _start
                0x00000000000000a0                . = ALIGN (0x4)
 *fill*         0x000000000000009e        0x2 
                0x00000000000000a0                _einit = .

.text           0x00000000000000a0     0x2d08
                0x00000000000000a0                . = ALIGN (0x4)
 *(.text)
 .text          0x00000000000000a0       0x14 c:/mounriver/mounriver_studio/toolchain/risc-v embedded gcc/bin/../lib/gcc/riscv-none-embed/8.2.0/rv32ecxw/ilp32e\libgcc.a(save-restore.o)
                0x00000000000000a0                __riscv_save_1
                0x00000000000000a0                __riscv_save_2
                0x00000000000000a0                __riscv_save_0
                0x00000000000000aa                __riscv_restore_0
                0x00000000000000aa                __riscv_restore_1
                0x00000000000000aa                __riscv_restore_2
 .text          0x00000000000000b4       0x16 c:/mounriver/mounriver_studio/toolchain/risc-v embedded gcc/bin/../lib/gcc/riscv-none-embed/8.2.0/rv32ecxw/ilp32e\libgcc.a(muldi3.o)
                0x00000000000000b4                __mulsi3
 *fill*         0x00000000000000ca        0x2 
 .text          0x00000000000000cc       0x7e c:/mounriver/mounriver_studio/toolchain/risc-v embedded gcc/bin/../lib/gcc/riscv-none-embed/8.2.0/rv32ecxw/ilp32e\libgcc.a(div.o)
                0x00000000000000cc                __divsi3
                0x00000000000000d4                __udivsi3
                0x0000000000000100                __umodsi3
                0x0000000000000124                __modsi3
 .text          0x000000000000014a       0xa8 c:/mounriver/mounriver_studio/toolchain/risc-v embedded gcc/bin/../lib/gcc/riscv-none-embed/8.2.0/../../../../riscv-none-embed/lib/rv32ecxw/ilp32e\libg_nano.a(lib_a-memset.o)
                0x000000000000014a                memset
 *(.text.*)
 .text.uint16ToAscii5
                0x00000000000001f2       0xa8 ./User/SerialWombatPinModes/asciiConversion.o
                0x00000000000001f2                uint16ToAscii5
 .text.initDigitalIO
                0x000000000000029a      0x10e ./User/SerialWombatPinModes/digitalIO.o
                0x000000000000029a                initDigitalIO
 .text.inputProcessInit
                0x00000000000003a8       0x24 ./User/SerialWombatPinModes/inputProcess.o
                0x00000000000003a8                inputProcessInit
 .text.inputProcessProcess
                0x00000000000003cc      0x2a0 ./User/SerialWombatPinModes/inputProcess.o
                0x00000000000003cc                inputProcessProcess
 .text.inputProcessCommProcess
                0x000000000000066c      0x11e ./User/SerialWombatPinModes/inputProcess.o
                0x000000000000066c                inputProcessCommProcess
 .text.outputScaleInit
                0x000000000000078a       0x4c ./User/SerialWombatPinModes/outputScale.o
                0x000000000000078a                outputScaleInit
 .text.outputScaleCommProcess
                0x00000000000007d6      0x322 ./User/SerialWombatPinModes/outputScale.o
                0x00000000000007d6                outputScaleCommProcess
 .text.initPulseTimer
                0x0000000000000af8      0x14a ./User/SerialWombatPinModes/pulseTimer.o
                0x0000000000000af8                initPulseTimer
 .text.updatePulseTimer
                0x0000000000000c42      0x230 ./User/SerialWombatPinModes/pulseTimer.o
                0x0000000000000c42                updatePulseTimer
 .text.deactivateOutputDMA
                0x0000000000000e72       0x2e ./User/DMA_IO.o
                0x0000000000000e72                deactivateOutputDMA
 .text.systemInitDMAIO
                0x0000000000000ea0       0x24 ./User/DMA_IO.o
                0x0000000000000ea0                systemInitDMAIO
 .text.pinIsHWOutput
                0x0000000000000ec4       0x1c ./User/DMA_IO.o
                0x0000000000000ec4                pinIsHWOutput
 .text.ReadPin  0x0000000000000ee0       0x1c ./User/DMA_IO.o
                0x0000000000000ee0                ReadPin
 .text.PinOutput
                0x0000000000000efc       0x46 ./User/DMA_IO.o
                0x0000000000000efc                PinOutput
 .text.PinInput
                0x0000000000000f42       0x46 ./User/DMA_IO.o
                0x0000000000000f42                PinInput
 .text.CurrentPinRead
                0x0000000000000f88        0xe ./User/DMA_IO.o
                0x0000000000000f88                CurrentPinRead
 .text.CurrentPinInput
                0x0000000000000f96        0xe ./User/DMA_IO.o
                0x0000000000000f96                CurrentPinInput
 .text.PinLow   0x0000000000000fa4       0x24 ./User/DMA_IO.o
                0x0000000000000fa4                PinLow
 .text.PinHigh  0x0000000000000fc8       0x24 ./User/DMA_IO.o
                0x0000000000000fc8                PinHigh
 .text.SetPinPullUp
                0x0000000000000fec       0x4e ./User/DMA_IO.o
                0x0000000000000fec                SetPinPullUp
 .text.SetPinPullDown
                0x000000000000103a       0x44 ./User/DMA_IO.o
                0x000000000000103a                SetPinPullDown
 .text.SetPinOpenDrain
                0x000000000000107e       0x42 ./User/DMA_IO.o
                0x000000000000107e                SetPinOpenDrain
 .text.PinPullUp
                0x00000000000010c0       0x14 ./User/DMA_IO.o
                0x00000000000010c0                PinPullUp
 .text.PinNoPullUp
                0x00000000000010d4        0xc ./User/DMA_IO.o
                0x00000000000010d4                PinNoPullUp
 .text.PinPullDown
                0x00000000000010e0       0x14 ./User/DMA_IO.o
                0x00000000000010e0                PinPullDown
 .text.PinNoPullDown
                0x00000000000010f4        0xc ./User/DMA_IO.o
                0x00000000000010f4                PinNoPullDown
 .text.PinOD    0x0000000000001100        0xc ./User/DMA_IO.o
                0x0000000000001100                PinOD
 .text.PinNoOD  0x000000000000110c        0xc ./User/DMA_IO.o
                0x000000000000110c                PinNoOD
 .text.InitializePinLow
                0x0000000000001118       0x10 ./User/DMA_IO.o
                0x0000000000001118                InitializePinLow
 .text.InitializePinHigh
                0x0000000000001128       0x10 ./User/DMA_IO.o
                0x0000000000001128                InitializePinHigh
 .text.InitializePinInput
                0x0000000000001138       0x10 ./User/DMA_IO.o
                0x0000000000001138                InitializePinInput
 .text.CurrentPinPullUp
                0x0000000000001148        0xe ./User/DMA_IO.o
                0x0000000000001148                CurrentPinPullUp
 .text.CurrentPinNoPullUp
                0x0000000000001156       0x10 ./User/DMA_IO.o
                0x0000000000001156                CurrentPinNoPullUp
 .text.PulseInGetOldestDMABit
                0x0000000000001166       0x60 ./User/DMA_IO.o
                0x0000000000001166                PulseInGetOldestDMABit
 .text.PulseInDiscardUntilLow
                0x00000000000011c6       0x6e ./User/DMA_IO.o
                0x00000000000011c6                PulseInDiscardUntilLow
 .text.PulseInDiscardUntilHigh
                0x0000000000001234       0x6e ./User/DMA_IO.o
                0x0000000000001234                PulseInDiscardUntilHigh
 .text.NMI_Handler
                0x00000000000012a2        0x2 ./User/ch32v00x_it.o
                0x00000000000012a2                NMI_Handler
 .text.HardFault_Handler
                0x00000000000012a4       0x14 ./User/ch32v00x_it.o
                0x00000000000012a4                HardFault_Handler
 .text.startup.main
                0x00000000000012b8      0x4a8 ./User/main.o
                0x00000000000012b8                main
 .text.GetSourceVoltage_mV
                0x0000000000001760       0x18 ./User/main.o
                0x0000000000001760                GetSourceVoltage_mV
 .text.SetBuffer
                0x0000000000001778       0x1a ./User/pinRegisters.o
                0x0000000000001778                SetBuffer
 .text.wrandom  0x0000000000001792       0x32 ./User/pinRegisters.o
                0x0000000000001792                wrandom
 .text.GetBuffer
                0x00000000000017c4      0x18e ./User/pinRegisters.o
                0x00000000000017c4                GetBuffer
 .text.error    0x0000000000001952       0x60 ./User/protocol.o
                0x0000000000001952                error
 .text.ProcessSetPin
                0x00000000000019b2       0x4a ./User/protocol.o
 .text.ProcessRxbuffer
                0x00000000000019fc      0x598 ./User/protocol.o
                0x00000000000019fc                ProcessRxbuffer
 .text.ProcessRx
                0x0000000000001f94      0x172 ./User/protocol.o
                0x0000000000001f94                ProcessRx
 .text.protocolInitPinsToDIO_Input
                0x0000000000002106       0x36 ./User/protocol.o
                0x0000000000002106                protocolInitPinsToDIO_Input
 .text.QueueGetBytesFilledInByteQueue
                0x000000000000213c       0x2e ./User/queue.o
 .text.QueueByteReadByte
                0x000000000000216a       0x46 ./User/queue.o
 .text.QueueByteInitialize
                0x00000000000021b0       0x1a ./User/queue.o
                0x00000000000021b0                QueueByteInitialize
 .text.QueueGetBytesFilledInQueue
                0x00000000000021ca       0x24 ./User/queue.o
                0x00000000000021ca                QueueGetBytesFilledInQueue
 .text.QueueGetBytesFreeInQueue
                0x00000000000021ee       0x2a ./User/queue.o
                0x00000000000021ee                QueueGetBytesFreeInQueue
 .text.QueueAddByte
                0x0000000000002218       0x90 ./User/queue.o
                0x0000000000002218                QueueAddByte
 .text.QueueReadByte
                0x00000000000022a8       0x20 ./User/queue.o
                0x00000000000022a8                QueueReadByte
 .text.QueuePeekByte
                0x00000000000022c8       0x38 ./User/queue.o
                0x00000000000022c8                QueuePeekByte
 .text.reset    0x0000000000002300       0x10 ./User/swmain.o
                0x0000000000002300                reset
 .text.swSetup  0x0000000000002310       0x30 ./User/swmain.o
                0x0000000000002310                swSetup
 .text.ProcessPins
                0x0000000000002340       0x44 ./User/swmain.o
                0x0000000000002340                ProcessPins
 .text.swLoop   0x0000000000002384       0x72 ./User/swmain.o
                0x0000000000002384                swLoop
 .text.SysTick_Handler
                0x00000000000023f6       0x2e ./User/swmain.o
                0x00000000000023f6                SysTick_Handler
 .text.SystemInit
                0x0000000000002424       0xe2 ./User/system_ch32v00x.o
                0x0000000000002424                SystemInit
 .text.SystemCoreClockUpdate
                0x0000000000002506       0x6c ./User/system_ch32v00x.o
                0x0000000000002506                SystemCoreClockUpdate
 .text.vector_handler
                0x0000000000002572        0x2 ./Startup/startup_ch32v00x.o
                0x0000000000002572                TIM1_CC_IRQHandler
                0x0000000000002572                PVD_IRQHandler
                0x0000000000002572                SPI1_IRQHandler
                0x0000000000002572                AWU_IRQHandler
                0x0000000000002572                EXTI7_0_IRQHandler
                0x0000000000002572                DMA1_Channel4_IRQHandler
                0x0000000000002572                ADC1_IRQHandler
                0x0000000000002572                DMA1_Channel7_IRQHandler
                0x0000000000002572                I2C1_EV_IRQHandler
                0x0000000000002572                DMA1_Channel6_IRQHandler
                0x0000000000002572                RCC_IRQHandler
                0x0000000000002572                TIM1_TRG_COM_IRQHandler
                0x0000000000002572                DMA1_Channel1_IRQHandler
                0x0000000000002572                DMA1_Channel5_IRQHandler
                0x0000000000002572                DMA1_Channel3_IRQHandler
                0x0000000000002572                TIM1_UP_IRQHandler
                0x0000000000002572                WWDG_IRQHandler
                0x0000000000002572                TIM2_IRQHandler
                0x0000000000002572                SW_Handler
                0x0000000000002572                TIM1_BRK_IRQHandler
                0x0000000000002572                DMA1_Channel2_IRQHandler
                0x0000000000002572                FLASH_IRQHandler
                0x0000000000002572                USART1_IRQHandler
                0x0000000000002572                I2C1_ER_IRQHandler
 .text.handle_reset
                0x0000000000002574       0x88 ./Startup/startup_ch32v00x.o
                0x0000000000002574                handle_reset
 .text.ADC_DeInit
                0x00000000000025fc       0x26 ./Peripheral/src/ch32v00x_adc.o
                0x00000000000025fc                ADC_DeInit
 .text.ADC_Init
                0x0000000000002622       0x4e ./Peripheral/src/ch32v00x_adc.o
                0x0000000000002622                ADC_Init
 .text.ADC_Cmd  0x0000000000002670       0x10 ./Peripheral/src/ch32v00x_adc.o
                0x0000000000002670                ADC_Cmd
 .text.ADC_DMACmd
                0x0000000000002680       0x12 ./Peripheral/src/ch32v00x_adc.o
                0x0000000000002680                ADC_DMACmd
 .text.ADC_ResetCalibration
                0x0000000000002692        0xa ./Peripheral/src/ch32v00x_adc.o
                0x0000000000002692                ADC_ResetCalibration
 .text.ADC_GetResetCalibrationStatus
                0x000000000000269c        0x8 ./Peripheral/src/ch32v00x_adc.o
                0x000000000000269c                ADC_GetResetCalibrationStatus
 .text.ADC_StartCalibration
                0x00000000000026a4        0xa ./Peripheral/src/ch32v00x_adc.o
                0x00000000000026a4                ADC_StartCalibration
 .text.ADC_GetCalibrationStatus
                0x00000000000026ae        0x8 ./Peripheral/src/ch32v00x_adc.o
                0x00000000000026ae                ADC_GetCalibrationStatus
 .text.ADC_SoftwareStartConvCmd
                0x00000000000026b6       0x18 ./Peripheral/src/ch32v00x_adc.o
                0x00000000000026b6                ADC_SoftwareStartConvCmd
 .text.ADC_RegularChannelConfig
                0x00000000000026ce       0xba ./Peripheral/src/ch32v00x_adc.o
                0x00000000000026ce                ADC_RegularChannelConfig
 .text.DMA_DeInit
                0x0000000000002788       0x92 ./Peripheral/src/ch32v00x_dma.o
                0x0000000000002788                DMA_DeInit
 .text.DMA_Init
                0x000000000000281a       0x38 ./Peripheral/src/ch32v00x_dma.o
                0x000000000000281a                DMA_Init
 .text.DMA_Cmd  0x0000000000002852       0x14 ./Peripheral/src/ch32v00x_dma.o
                0x0000000000002852                DMA_Cmd
 .text.FLASH_Unlock
                0x0000000000002866       0x1a ./Peripheral/src/ch32v00x_flash.o
                0x0000000000002866                FLASH_Unlock
 .text.FLASH_Lock
                0x0000000000002880        0xe ./Peripheral/src/ch32v00x_flash.o
                0x0000000000002880                FLASH_Lock
 .text.SystemReset_StartMode
                0x000000000000288e       0x42 ./Peripheral/src/ch32v00x_flash.o
                0x000000000000288e                SystemReset_StartMode
 .text.GPIO_Init
                0x00000000000028d0       0x7c ./Peripheral/src/ch32v00x_gpio.o
                0x00000000000028d0                GPIO_Init
 .text.NVIC_PriorityGroupConfig
                0x000000000000294c        0x6 ./Peripheral/src/ch32v00x_misc.o
                0x000000000000294c                NVIC_PriorityGroupConfig
 .text.NVIC_Init
                0x0000000000002952       0x54 ./Peripheral/src/ch32v00x_misc.o
                0x0000000000002952                NVIC_Init
 .text.RCC_AdjustHSICalibrationValue
                0x00000000000029a6       0x12 ./Peripheral/src/ch32v00x_rcc.o
                0x00000000000029a6                RCC_AdjustHSICalibrationValue
 .text.RCC_ADCCLKConfig
                0x00000000000029b8       0x14 ./Peripheral/src/ch32v00x_rcc.o
                0x00000000000029b8                RCC_ADCCLKConfig
 .text.RCC_AHBPeriphClockCmd
                0x00000000000029cc       0x1e ./Peripheral/src/ch32v00x_rcc.o
                0x00000000000029cc                RCC_AHBPeriphClockCmd
 .text.RCC_APB2PeriphClockCmd
                0x00000000000029ea       0x1e ./Peripheral/src/ch32v00x_rcc.o
                0x00000000000029ea                RCC_APB2PeriphClockCmd
 .text.RCC_APB1PeriphClockCmd
                0x0000000000002a08       0x1e ./Peripheral/src/ch32v00x_rcc.o
                0x0000000000002a08                RCC_APB1PeriphClockCmd
 .text.RCC_APB2PeriphResetCmd
                0x0000000000002a26       0x1e ./Peripheral/src/ch32v00x_rcc.o
                0x0000000000002a26                RCC_APB2PeriphResetCmd
 .text.RCC_ClearFlag
                0x0000000000002a44       0x10 ./Peripheral/src/ch32v00x_rcc.o
                0x0000000000002a44                RCC_ClearFlag
 .text.TIM_TimeBaseInit
                0x0000000000002a54       0x4e ./Peripheral/src/ch32v00x_tim.o
                0x0000000000002a54                TIM_TimeBaseInit
 .text.TIM_OC1Init
                0x0000000000002aa2       0x6a ./Peripheral/src/ch32v00x_tim.o
                0x0000000000002aa2                TIM_OC1Init
 .text.TIM_Cmd  0x0000000000002b0c       0x18 ./Peripheral/src/ch32v00x_tim.o
                0x0000000000002b0c                TIM_Cmd
 .text.TIM_CtrlPWMOutputs
                0x0000000000002b24       0x16 ./Peripheral/src/ch32v00x_tim.o
                0x0000000000002b24                TIM_CtrlPWMOutputs
 .text.TIM_ARRPreloadConfig
                0x0000000000002b3a       0x1a ./Peripheral/src/ch32v00x_tim.o
                0x0000000000002b3a                TIM_ARRPreloadConfig
 .text.TIM_OC1PreloadConfig
                0x0000000000002b54        0xe ./Peripheral/src/ch32v00x_tim.o
                0x0000000000002b54                TIM_OC1PreloadConfig
 .text.TIM_ClearITPendingBit
                0x0000000000002b62        0xc ./Peripheral/src/ch32v00x_tim.o
                0x0000000000002b62                TIM_ClearITPendingBit
 .text.USART_ITConfig
                0x0000000000002b6e       0x36 ./Peripheral/src/ch32v00x_usart.o
                0x0000000000002b6e                USART_ITConfig
 .text.Delay_Init
                0x0000000000002ba4       0x34 ./Debug/debug.o
                0x0000000000002ba4                Delay_Init
 .text.memcpy   0x0000000000002bd8       0xd2 c:/mounriver/mounriver_studio/toolchain/risc-v embedded gcc/bin/../lib/gcc/riscv-none-embed/8.2.0/../../../../riscv-none-embed/lib/rv32ecxw/ilp32e\libg_nano.a(lib_a-memcpy.o)
                0x0000000000002bd8                memcpy
 *(.rodata)
 *(.rodata*)
 *fill*         0x0000000000002caa        0x2 
 .rodata.inputProcessCommProcess
                0x0000000000002cac       0x30 ./User/SerialWombatPinModes/inputProcess.o
 .rodata.inputProcessSamplePeriodMask
                0x0000000000002cdc       0x22 ./User/SerialWombatPinModes/inputProcess.o
                0x0000000000002cdc                inputProcessSamplePeriodMask
 *fill*         0x0000000000002cfe        0x2 
 .rodata.initPulseTimer
                0x0000000000002d00       0x2c ./User/SerialWombatPinModes/pulseTimer.o
 .rodata.updatePulseTimer
                0x0000000000002d2c       0x4c ./User/SerialWombatPinModes/pulseTimer.o
 .rodata.pinBitmap
                0x0000000000002d78       0x10 ./User/DMA_IO.o
                0x0000000000002d78                pinBitmap
 .rodata.pin_CFGLR_Mode_Bitmap
                0x0000000000002d88       0x20 ./User/DMA_IO.o
                0x0000000000002d88                pin_CFGLR_Mode_Bitmap
 *(.gnu.linkonce.t.*)
                0x0000000000002da8                . = ALIGN (0x4)

.rela.dyn       0x0000000000002da8        0x0
 .rela.init     0x0000000000002da8        0x0 ./User/SerialWombatPinModes/asciiConversion.o
 .rela.text.handle_reset
                0x0000000000002da8        0x0 ./User/SerialWombatPinModes/asciiConversion.o

.fini           0x0000000000002da8        0x0
 *(SORT_NONE(.fini))
                0x0000000000002da8                . = ALIGN (0x4)
                [!provide]                        PROVIDE (_etext = .)
                [!provide]                        PROVIDE (_eitcm = .)

.preinit_array  0x0000000000002da8        0x0
                [!provide]                        PROVIDE (__preinit_array_start = .)
 *(.preinit_array)
                [!provide]                        PROVIDE (__preinit_array_end = .)

.init_array     0x0000000000002da8        0x0
                [!provide]                        PROVIDE (__init_array_start = .)
 *(SORT_BY_INIT_PRIORITY(.init_array.*) SORT_BY_INIT_PRIORITY(.ctors.*))
 *(.init_array EXCLUDE_FILE(*crtend?.o *crtend.o *crtbegin?.o *crtbegin.o) .ctors)
                [!provide]                        PROVIDE (__init_array_end = .)

.fini_array     0x0000000000002da8        0x0
                [!provide]                        PROVIDE (__fini_array_start = .)
 *(SORT_BY_INIT_PRIORITY(.fini_array.*) SORT_BY_INIT_PRIORITY(.dtors.*))
 *(.fini_array EXCLUDE_FILE(*crtend?.o *crtend.o *crtbegin?.o *crtbegin.o) .dtors)
                [!provide]                        PROVIDE (__fini_array_end = .)

.ctors
 *crtbegin.o(.ctors)
 *crtbegin?.o(.ctors)
 *(EXCLUDE_FILE(*crtend?.o *crtend.o) .ctors)
 *(SORT_BY_NAME(.ctors.*))
 *(.ctors)

.dtors
 *crtbegin.o(.dtors)
 *crtbegin?.o(.dtors)
 *(EXCLUDE_FILE(*crtend?.o *crtend.o) .dtors)
 *(SORT_BY_NAME(.dtors.*))
 *(.dtors)

.dalign         0x0000000020000004        0x0 load address 0x0000000000002da8
                0x0000000020000004                . = ALIGN (0x4)
                0x0000000020000004                PROVIDE (_data_vma = .)

.dlalign        0x0000000000002da8        0x0
                0x0000000000002da8                . = ALIGN (0x4)
                0x0000000000002da8                PROVIDE (_data_lma = .)

.data           0x0000000020000004       0x24 load address 0x0000000000002da8
                0x0000000020000004                . = ALIGN (0x4)
 *(.gnu.linkonce.r.*)
 *(.data .data.*)
 .data.stayInFault
                0x0000000020000004        0x1 ./User/ch32v00x_it.o
                0x0000000020000004                stayInFault
 .data.i2cAddress
                0x0000000020000005        0x1 ./User/main.o
                0x0000000020000005                i2cAddress
 *fill*         0x0000000020000006        0x2 
 .data.lfsrSeed
                0x0000000020000008        0x4 ./User/pinRegisters.o
                0x0000000020000008                lfsrSeed
 .data.lastQueueAddress
                0x000000002000000c        0x4 ./User/protocol.o
                0x000000002000000c                lastQueueAddress
 .data.lastUserBufferIndex
                0x0000000020000010        0x2 ./User/protocol.o
                0x0000000020000010                lastUserBufferIndex
 .data.SystemUtilizationAverage
                0x0000000020000012        0x2 ./User/swmain.o
                0x0000000020000012                SystemUtilizationAverage
 .data.AHBPrescTable
                0x0000000020000014       0x10 ./User/system_ch32v00x.o
                0x0000000020000014                AHBPrescTable
 .data.SystemCoreClock
                0x0000000020000024        0x4 ./User/system_ch32v00x.o
                0x0000000020000024                SystemCoreClock
 *(.gnu.linkonce.d.*)
                0x0000000020000028                . = ALIGN (0x8)
                0x0000000020000828                PROVIDE (__global_pointer$ = (. + 0x800))
 *(.sdata .sdata.*)
 *(.sdata2*)
 *(.gnu.linkonce.s.*)
                0x0000000020000028                . = ALIGN (0x8)
 *(.srodata.cst16)
 *(.srodata.cst8)
 *(.srodata.cst4)
 *(.srodata.cst2)
 *(.srodata .srodata.*)
                0x0000000020000028                . = ALIGN (0x4)
                0x0000000020000028                PROVIDE (_edata = .)

.bss            0x0000000020000028      0x69c load address 0x0000000000002dcc
                0x0000000020000028                . = ALIGN (0x4)
                0x0000000020000028                PROVIDE (_sbss = .)
 *(.sbss*)
 *(.gnu.linkonce.sb.*)
 *(.bss*)
 .bss.debugInputProcess
                0x0000000020000028        0x4 ./User/SerialWombatPinModes/inputProcess.o
                0x0000000020000028                debugInputProcess
 .bss.pidLastDerivativeEffort
                0x000000002000002c        0x4 ./User/SerialWombatPinModes/outputScale.o
                0x000000002000002c                pidLastDerivativeEffort
 .bss.pidLastEffort
                0x0000000020000030        0x4 ./User/SerialWombatPinModes/outputScale.o
                0x0000000020000030                pidLastEffort
 .bss.pidLastError
                0x0000000020000034        0x4 ./User/SerialWombatPinModes/outputScale.o
                0x0000000020000034                pidLastError
 .bss.pidLastIntegrator
                0x0000000020000038        0x4 ./User/SerialWombatPinModes/outputScale.o
                0x0000000020000038                pidLastIntegrator
 .bss.pidLastIntegratorEffort
                0x000000002000003c        0x4 ./User/SerialWombatPinModes/outputScale.o
                0x000000002000003c                pidLastIntegratorEffort
 .bss.pidLastProportionalEffort
                0x0000000020000040        0x4 ./User/SerialWombatPinModes/outputScale.o
                0x0000000020000040                pidLastProportionalEffort
 .bss.debugPulseTimer
                0x0000000020000044        0x4 ./User/SerialWombatPinModes/pulseTimer.o
                0x0000000020000044                debugPulseTimer
 .bss.FramesDropped
                0x0000000020000048        0x2 ./User/DMA_IO.o
                0x0000000020000048                FramesDropped
 *fill*         0x000000002000004a        0x2 
 .bss.InputArrayA
                0x000000002000004c       0x80 ./User/DMA_IO.o
                0x000000002000004c                InputArrayA
 .bss.OutputArrayAHigh
                0x00000000200000cc      0x200 ./User/DMA_IO.o
                0x00000000200000cc                OutputArrayAHigh
 .bss.System1msCount
                0x00000000200002cc        0x4 ./User/DMA_IO.o
                0x00000000200002cc                System1msCount
 .bss.ADCBuffer
                0x00000000200002d0       0x12 ./User/main.o
                0x00000000200002d0                ADCBuffer
 *fill*         0x00000000200002e2        0x2 
 .bss.CurrentPinRegister
                0x00000000200002e4        0x4 ./User/pinRegisters.o
                0x00000000200002e4                CurrentPinRegister
 .bss.PinUpdateRegisters
                0x00000000200002e8      0x300 ./User/pinRegisters.o
                0x00000000200002e8                PinUpdateRegisters
 .bss.incrementingValue
                0x00000000200005e8        0x2 ./User/pinRegisters.o
                0x00000000200005e8                incrementingValue
 .bss.Errors    0x00000000200005ea        0x2 ./User/protocol.o
                0x00000000200005ea                Errors
 .bss.PacketsProcessed
                0x00000000200005ec        0x2 ./User/protocol.o
                0x00000000200005ec                PacketsProcessed
 *fill*         0x00000000200005ee        0x2 
 .bss.Rxbuffer  0x00000000200005f0        0x8 ./User/protocol.o
                0x00000000200005f0                Rxbuffer
 .bss.Txbuffer  0x00000000200005f8        0x8 ./User/protocol.o
                0x00000000200005f8                Txbuffer
 .bss.i2cDebugPtr
                0x0000000020000600        0x4 ./User/protocol.o
                0x0000000020000600                i2cDebugPtr
 .bss.i2cMode   0x0000000020000604        0x2 ./User/protocol.o
                0x0000000020000604                i2cMode
 .bss.i2cTxCount
                0x0000000020000606        0x1 ./User/protocol.o
                0x0000000020000606                i2cTxCount
 *fill*         0x0000000020000607        0x1 
 .bss.lastErrorPacket
                0x0000000020000608        0x8 ./User/protocol.o
                0x0000000020000608                lastErrorPacket
 .bss.star1     0x0000000020000610        0x2 ./User/protocol.o
                0x0000000020000610                star1
 *fill*         0x0000000020000612        0x2 
 .bss.testFailed
                0x0000000020000614        0x4 ./User/protocol.o
                0x0000000020000614                testFailed
 .bss.testPassed
                0x0000000020000618        0x4 ./User/protocol.o
                0x0000000020000618                testPassed
 .bss.testSequenceArmed
                0x000000002000061c        0x1 ./User/protocol.o
                0x000000002000061c                testSequenceArmed
 .bss.testSequenceNumber
                0x000000002000061d        0x1 ./User/protocol.o
                0x000000002000061d                testSequenceNumber
 .bss.wombatI2CRxDataCount
                0x000000002000061e        0x1 ./User/protocol.o
                0x000000002000061e                wombatI2CRxDataCount
 *fill*         0x000000002000061f        0x1 
 .bss.QueueOverflowCounter
                0x0000000020000620        0x2 ./User/queue.o
                0x0000000020000620                QueueOverflowCounter
 .bss.QueueUnderflowCounter
                0x0000000020000622        0x2 ./User/queue.o
                0x0000000020000622                QueueUnderflowCounter
 .bss.queueAddress
                0x0000000020000624        0x4 ./User/queue.o
                0x0000000020000624                queueAddress
 .bss.CurrentPin
                0x0000000020000628        0x1 ./User/swmain.o
                0x0000000020000628                CurrentPin
 *fill*         0x0000000020000629        0x3 
 .bss.FramesRun
                0x000000002000062c        0x4 ./User/swmain.o
                0x000000002000062c                FramesRun
 .bss.OverflowFrames
                0x0000000020000630        0x2 ./User/swmain.o
                0x0000000020000630                OverflowFrames
 .bss.RunForeground
                0x0000000020000632        0x1 ./User/swmain.o
                0x0000000020000632                RunForeground
 *fill*         0x0000000020000633        0x1 
 .bss.SystemUtilizationCount
                0x0000000020000634        0x2 ./User/swmain.o
                0x0000000020000634                SystemUtilizationCount
 *fill*         0x0000000020000636        0x2 
 .bss.SystemUtilizationSum
                0x0000000020000638        0x4 ./User/swmain.o
                0x0000000020000638                SystemUtilizationSum
 .bss.UserBuffer
                0x000000002000063c       0x80 ./User/swmain.o
                0x000000002000063c                UserBuffer
 .bss.NVIC_Priority_Group
                0x00000000200006bc        0x4 ./Peripheral/src/ch32v00x_misc.o
                0x00000000200006bc                NVIC_Priority_Group
 .bss.p_ms      0x00000000200006c0        0x2 ./Debug/debug.o
 .bss.p_us      0x00000000200006c2        0x1 ./Debug/debug.o
 *(.gnu.linkonce.b.*)
 *(COMMON*)
                0x00000000200006c4                . = ALIGN (0x4)
 *fill*         0x00000000200006c3        0x1 
                0x00000000200006c4                PROVIDE (_ebss = .)
                0x00000000200006c4                PROVIDE (_end = _ebss)
                [!provide]                        PROVIDE (end = .)

.stack          0x0000000020000700      0x100
                0x0000000020000700                PROVIDE (_heap_end = .)
                0x0000000020000700                . = ALIGN (0x4)
                [!provide]                        PROVIDE (_susrstack = .)
                0x0000000020000800                . = (. + __stack_size)
 *fill*         0x0000000020000700      0x100 
                0x0000000020000800                PROVIDE (_eusrstack = .)

.stayinboot     0x0000000020000000        0x2 load address 0x0000000000002dcc
 *(.stayinboot*)
 .stayinboot    0x0000000020000000        0x2 ./User/main.o
                0x0000000020000000                stayInBoot
OUTPUT(SerialWombat8B.elf elf32-littleriscv)

.debug_info     0x0000000000000000    0x19ddb
 .debug_info    0x0000000000000000      0x190 ./User/SerialWombatPinModes/asciiConversion.o
 .debug_info    0x0000000000000190      0xf4d ./User/SerialWombatPinModes/digitalIO.o
 .debug_info    0x00000000000010dd      0xb48 ./User/SerialWombatPinModes/inputProcess.o
 .debug_info    0x0000000000001c25     0x1525 ./User/SerialWombatPinModes/outputScale.o
 .debug_info    0x000000000000314a      0xe30 ./User/SerialWombatPinModes/pulseTimer.o
 .debug_info    0x0000000000003f7a     0x1fe5 ./User/DMA_IO.o
 .debug_info    0x0000000000005f5f      0x991 ./User/ch32v00x_it.o
 .debug_info    0x00000000000068f0     0x246f ./User/main.o
 .debug_info    0x0000000000008d5f     0x10e0 ./User/pinRegisters.o
 .debug_info    0x0000000000009e3f     0x1ed5 ./User/protocol.o
 .debug_info    0x000000000000bd14     0x113e ./User/queue.o
 .debug_info    0x000000000000ce52     0x11fd ./User/swmain.o
 .debug_info    0x000000000000e04f      0xc1b ./User/system_ch32v00x.o
 .debug_info    0x000000000000ec6a       0x22 ./Startup/startup_ch32v00x.o
 .debug_info    0x000000000000ec8c     0x1526 ./Peripheral/src/ch32v00x_adc.o
 .debug_info    0x00000000000101b2      0xd17 ./Peripheral/src/ch32v00x_dma.o
 .debug_info    0x0000000000010ec9     0x1481 ./Peripheral/src/ch32v00x_flash.o
 .debug_info    0x000000000001234a     0x1034 ./Peripheral/src/ch32v00x_gpio.o
 .debug_info    0x000000000001337e      0xdca ./Peripheral/src/ch32v00x_misc.o
 .debug_info    0x0000000000014148     0x108c ./Peripheral/src/ch32v00x_rcc.o
 .debug_info    0x00000000000151d4     0x297f ./Peripheral/src/ch32v00x_tim.o
 .debug_info    0x0000000000017b53     0x1351 ./Peripheral/src/ch32v00x_usart.o
 .debug_info    0x0000000000018ea4      0xf37 ./Debug/debug.o

.debug_abbrev   0x0000000000000000     0x45ef
 .debug_abbrev  0x0000000000000000       0xe3 ./User/SerialWombatPinModes/asciiConversion.o
 .debug_abbrev  0x00000000000000e3      0x1db ./User/SerialWombatPinModes/digitalIO.o
 .debug_abbrev  0x00000000000002be      0x299 ./User/SerialWombatPinModes/inputProcess.o
 .debug_abbrev  0x0000000000000557      0x415 ./User/SerialWombatPinModes/outputScale.o
 .debug_abbrev  0x000000000000096c      0x214 ./User/SerialWombatPinModes/pulseTimer.o
 .debug_abbrev  0x0000000000000b80      0x496 ./User/DMA_IO.o
 .debug_abbrev  0x0000000000001016      0x1e9 ./User/ch32v00x_it.o
 .debug_abbrev  0x00000000000011ff      0x4a7 ./User/main.o
 .debug_abbrev  0x00000000000016a6      0x32e ./User/pinRegisters.o
 .debug_abbrev  0x00000000000019d4      0x429 ./User/protocol.o
 .debug_abbrev  0x0000000000001dfd      0x401 ./User/queue.o
 .debug_abbrev  0x00000000000021fe      0x350 ./User/swmain.o
 .debug_abbrev  0x000000000000254e      0x2d6 ./User/system_ch32v00x.o
 .debug_abbrev  0x0000000000002824       0x12 ./Startup/startup_ch32v00x.o
 .debug_abbrev  0x0000000000002836      0x307 ./Peripheral/src/ch32v00x_adc.o
 .debug_abbrev  0x0000000000002b3d      0x302 ./Peripheral/src/ch32v00x_dma.o
 .debug_abbrev  0x0000000000002e3f      0x3fa ./Peripheral/src/ch32v00x_flash.o
 .debug_abbrev  0x0000000000003239      0x309 ./Peripheral/src/ch32v00x_gpio.o
 .debug_abbrev  0x0000000000003542      0x2ea ./Peripheral/src/ch32v00x_misc.o
 .debug_abbrev  0x000000000000382c      0x389 ./Peripheral/src/ch32v00x_rcc.o
 .debug_abbrev  0x0000000000003bb5      0x408 ./Peripheral/src/ch32v00x_tim.o
 .debug_abbrev  0x0000000000003fbd      0x323 ./Peripheral/src/ch32v00x_usart.o
 .debug_abbrev  0x00000000000042e0      0x30f ./Debug/debug.o

.debug_loc      0x0000000000000000     0x6d69
 .debug_loc     0x0000000000000000      0x253 ./User/SerialWombatPinModes/asciiConversion.o
 .debug_loc     0x0000000000000253       0x37 ./User/SerialWombatPinModes/digitalIO.o
 .debug_loc     0x000000000000028a      0x549 ./User/SerialWombatPinModes/inputProcess.o
 .debug_loc     0x00000000000007d3      0x294 ./User/SerialWombatPinModes/outputScale.o
 .debug_loc     0x0000000000000a67      0x1c4 ./User/SerialWombatPinModes/pulseTimer.o
 .debug_loc     0x0000000000000c2b      0xd9f ./User/DMA_IO.o
 .debug_loc     0x00000000000019ca      0x20b ./User/main.o
 .debug_loc     0x0000000000001bd5      0x337 ./User/pinRegisters.o
 .debug_loc     0x0000000000001f0c      0x473 ./User/protocol.o
 .debug_loc     0x000000000000237f      0x547 ./User/queue.o
 .debug_loc     0x00000000000028c6       0x13 ./User/swmain.o
 .debug_loc     0x00000000000028d9       0x83 ./User/system_ch32v00x.o
 .debug_loc     0x000000000000295c      0x9fa ./Peripheral/src/ch32v00x_adc.o
 .debug_loc     0x0000000000003356      0x14a ./Peripheral/src/ch32v00x_dma.o
 .debug_loc     0x00000000000034a0      0xad0 ./Peripheral/src/ch32v00x_flash.o
 .debug_loc     0x0000000000003f70      0x5e2 ./Peripheral/src/ch32v00x_gpio.o
 .debug_loc     0x0000000000004552       0x2d ./Peripheral/src/ch32v00x_misc.o
 .debug_loc     0x000000000000457f      0x5e3 ./Peripheral/src/ch32v00x_rcc.o
 .debug_loc     0x0000000000004b62     0x1936 ./Peripheral/src/ch32v00x_tim.o
 .debug_loc     0x0000000000006498      0x735 ./Peripheral/src/ch32v00x_usart.o
 .debug_loc     0x0000000000006bcd      0x19c ./Debug/debug.o

.debug_aranges  0x0000000000000000      0xcc8
 .debug_aranges
                0x0000000000000000       0x38 ./User/SerialWombatPinModes/asciiConversion.o
 .debug_aranges
                0x0000000000000038       0x28 ./User/SerialWombatPinModes/digitalIO.o
 .debug_aranges
                0x0000000000000060       0x30 ./User/SerialWombatPinModes/inputProcess.o
 .debug_aranges
                0x0000000000000090       0x38 ./User/SerialWombatPinModes/outputScale.o
 .debug_aranges
                0x00000000000000c8       0x28 ./User/SerialWombatPinModes/pulseTimer.o
 .debug_aranges
                0x00000000000000f0      0x188 ./User/DMA_IO.o
 .debug_aranges
                0x0000000000000278       0x28 ./User/ch32v00x_it.o
 .debug_aranges
                0x00000000000002a0       0x30 ./User/main.o
 .debug_aranges
                0x00000000000002d0       0x48 ./User/pinRegisters.o
 .debug_aranges
                0x0000000000000318       0x40 ./User/protocol.o
 .debug_aranges
                0x0000000000000358       0x68 ./User/queue.o
 .debug_aranges
                0x00000000000003c0       0x40 ./User/swmain.o
 .debug_aranges
                0x0000000000000400       0x28 ./User/system_ch32v00x.o
 .debug_aranges
                0x0000000000000428       0x30 ./Startup/startup_ch32v00x.o
 .debug_aranges
                0x0000000000000458      0x138 ./Peripheral/src/ch32v00x_adc.o
 .debug_aranges
                0x0000000000000590       0x60 ./Peripheral/src/ch32v00x_dma.o
 .debug_aranges
                0x00000000000005f0      0x110 ./Peripheral/src/ch32v00x_flash.o
 .debug_aranges
                0x0000000000000700       0x98 ./Peripheral/src/ch32v00x_gpio.o
 .debug_aranges
                0x0000000000000798       0x28 ./Peripheral/src/ch32v00x_misc.o
 .debug_aranges
                0x00000000000007c0       0xe0 ./Peripheral/src/ch32v00x_rcc.o
 .debug_aranges
                0x00000000000008a0      0x2d8 ./Peripheral/src/ch32v00x_tim.o
 .debug_aranges
                0x0000000000000b78      0x100 ./Peripheral/src/ch32v00x_usart.o
 .debug_aranges
                0x0000000000000c78       0x50 ./Debug/debug.o

.debug_ranges   0x0000000000000000      0xf28
 .debug_ranges  0x0000000000000000       0x28 ./User/SerialWombatPinModes/asciiConversion.o
 .debug_ranges  0x0000000000000028       0x30 ./User/SerialWombatPinModes/digitalIO.o
 .debug_ranges  0x0000000000000058       0x80 ./User/SerialWombatPinModes/inputProcess.o
 .debug_ranges  0x00000000000000d8       0xc0 ./User/SerialWombatPinModes/outputScale.o
 .debug_ranges  0x0000000000000198       0x80 ./User/SerialWombatPinModes/pulseTimer.o
 .debug_ranges  0x0000000000000218      0x1f8 ./User/DMA_IO.o
 .debug_ranges  0x0000000000000410       0x18 ./User/ch32v00x_it.o
 .debug_ranges  0x0000000000000428       0x98 ./User/main.o
 .debug_ranges  0x00000000000004c0       0x70 ./User/pinRegisters.o
 .debug_ranges  0x0000000000000530       0xd8 ./User/protocol.o
 .debug_ranges  0x0000000000000608       0x70 ./User/queue.o
 .debug_ranges  0x0000000000000678       0x30 ./User/swmain.o
 .debug_ranges  0x00000000000006a8       0x18 ./User/system_ch32v00x.o
 .debug_ranges  0x00000000000006c0       0x28 ./Startup/startup_ch32v00x.o
 .debug_ranges  0x00000000000006e8      0x128 ./Peripheral/src/ch32v00x_adc.o
 .debug_ranges  0x0000000000000810       0x50 ./Peripheral/src/ch32v00x_dma.o
 .debug_ranges  0x0000000000000860      0x100 ./Peripheral/src/ch32v00x_flash.o
 .debug_ranges  0x0000000000000960       0x88 ./Peripheral/src/ch32v00x_gpio.o
 .debug_ranges  0x00000000000009e8       0x48 ./Peripheral/src/ch32v00x_misc.o
 .debug_ranges  0x0000000000000a30       0xd0 ./Peripheral/src/ch32v00x_rcc.o
 .debug_ranges  0x0000000000000b00      0x2f8 ./Peripheral/src/ch32v00x_tim.o
 .debug_ranges  0x0000000000000df8       0xf0 ./Peripheral/src/ch32v00x_usart.o
 .debug_ranges  0x0000000000000ee8       0x40 ./Debug/debug.o

.debug_line     0x0000000000000000    0x13a51
 .debug_line    0x0000000000000000      0x5c2 ./User/SerialWombatPinModes/asciiConversion.o
 .debug_line    0x00000000000005c2      0x51b ./User/SerialWombatPinModes/digitalIO.o
 .debug_line    0x0000000000000add      0xd7b ./User/SerialWombatPinModes/inputProcess.o
 .debug_line    0x0000000000001858     0x130d ./User/SerialWombatPinModes/outputScale.o
 .debug_line    0x0000000000002b65      0xafa ./User/SerialWombatPinModes/pulseTimer.o
 .debug_line    0x000000000000365f     0x1c40 ./User/DMA_IO.o
 .debug_line    0x000000000000529f      0x285 ./User/ch32v00x_it.o
 .debug_line    0x0000000000005524      0xfc6 ./User/main.o
 .debug_line    0x00000000000064ea      0x818 ./User/pinRegisters.o
 .debug_line    0x0000000000006d02     0x1657 ./User/protocol.o
 .debug_line    0x0000000000008359      0x9e2 ./User/queue.o
 .debug_line    0x0000000000008d3b      0x60b ./User/swmain.o
 .debug_line    0x0000000000009346      0x5c0 ./User/system_ch32v00x.o
 .debug_line    0x0000000000009906      0x112 ./Startup/startup_ch32v00x.o
 .debug_line    0x0000000000009a18     0x14a3 ./Peripheral/src/ch32v00x_adc.o
 .debug_line    0x000000000000aebb      0x7fe ./Peripheral/src/ch32v00x_dma.o
 .debug_line    0x000000000000b6b9     0x1c90 ./Peripheral/src/ch32v00x_flash.o
 .debug_line    0x000000000000d349      0xc5e ./Peripheral/src/ch32v00x_gpio.o
 .debug_line    0x000000000000dfa7      0x43e ./Peripheral/src/ch32v00x_misc.o
 .debug_line    0x000000000000e3e5      0xe65 ./Peripheral/src/ch32v00x_rcc.o
 .debug_line    0x000000000000f24a     0x30c0 ./Peripheral/src/ch32v00x_tim.o
 .debug_line    0x000000000001230a      0xf6f ./Peripheral/src/ch32v00x_usart.o
 .debug_line    0x0000000000013279      0x7d8 ./Debug/debug.o

.debug_str      0x0000000000000000     0x5be4
 .debug_str     0x0000000000000000      0x1e8 ./User/SerialWombatPinModes/asciiConversion.o
                                        0x234 (size before relaxing)
 .debug_str     0x00000000000001e8     0x1764 ./User/SerialWombatPinModes/digitalIO.o
                                       0x198c (size before relaxing)
 .debug_str     0x000000000000194c      0x1a9 ./User/SerialWombatPinModes/inputProcess.o
                                        0xe4c (size before relaxing)
 .debug_str     0x0000000000001af5      0x69f ./User/SerialWombatPinModes/outputScale.o
                                       0x1326 (size before relaxing)
 .debug_str     0x0000000000002194      0x27b ./User/SerialWombatPinModes/pulseTimer.o
                                       0x1946 (size before relaxing)
 .debug_str     0x000000000000240f      0x4d7 ./User/DMA_IO.o
                                        0xdb6 (size before relaxing)
 .debug_str     0x00000000000028e6       0x40 ./User/ch32v00x_it.o
                                        0x5f3 (size before relaxing)
 .debug_str     0x0000000000002926      0xa46 ./User/main.o
                                       0x13a8 (size before relaxing)
 .debug_str     0x000000000000336c      0x5d5 ./User/pinRegisters.o
                                        0xd89 (size before relaxing)
 .debug_str     0x0000000000003941      0x4a0 ./User/protocol.o
                                       0x1f88 (size before relaxing)
 .debug_str     0x0000000000003de1      0x128 ./User/queue.o
                                        0x9c5 (size before relaxing)
 .debug_str     0x0000000000003f09       0x68 ./User/swmain.o
                                        0xcba (size before relaxing)
 .debug_str     0x0000000000003f71       0x9a ./User/system_ch32v00x.o
                                        0x71a (size before relaxing)
 .debug_str     0x000000000000400b       0x2a ./Startup/startup_ch32v00x.o
                                         0x83 (size before relaxing)
 .debug_str     0x0000000000004035      0x3c9 ./Peripheral/src/ch32v00x_adc.o
                                        0xba9 (size before relaxing)
 .debug_str     0x00000000000043fe      0x105 ./Peripheral/src/ch32v00x_dma.o
                                        0x812 (size before relaxing)
 .debug_str     0x0000000000004503      0x426 ./Peripheral/src/ch32v00x_flash.o
                                        0xad4 (size before relaxing)
 .debug_str     0x0000000000004929      0x1c5 ./Peripheral/src/ch32v00x_gpio.o
                                        0x962 (size before relaxing)
 .debug_str     0x0000000000004aee       0x83 ./Peripheral/src/ch32v00x_misc.o
                                        0x92a (size before relaxing)
 .debug_str     0x0000000000004b71      0x294 ./Peripheral/src/ch32v00x_rcc.o
                                        0x9d0 (size before relaxing)
 .debug_str     0x0000000000004e05      0x95b ./Peripheral/src/ch32v00x_tim.o
                                       0x128a (size before relaxing)
 .debug_str     0x0000000000005760      0x3e6 ./Peripheral/src/ch32v00x_usart.o
                                        0xb1f (size before relaxing)
 .debug_str     0x0000000000005b46       0x9e ./Debug/debug.o
                                        0x920 (size before relaxing)

.comment        0x0000000000000000       0x33
 .comment       0x0000000000000000       0x33 ./User/SerialWombatPinModes/asciiConversion.o
                                         0x34 (size before relaxing)
 .comment       0x0000000000000033       0x34 ./User/SerialWombatPinModes/digitalIO.o
 .comment       0x0000000000000033       0x34 ./User/SerialWombatPinModes/inputProcess.o
 .comment       0x0000000000000033       0x34 ./User/SerialWombatPinModes/outputScale.o
 .comment       0x0000000000000033       0x34 ./User/SerialWombatPinModes/pulseTimer.o
 .comment       0x0000000000000033       0x34 ./User/DMA_IO.o
 .comment       0x0000000000000033       0x34 ./User/ch32v00x_it.o
 .comment       0x0000000000000033       0x34 ./User/main.o
 .comment       0x0000000000000033       0x34 ./User/pinRegisters.o
 .comment       0x0000000000000033       0x34 ./User/protocol.o
 .comment       0x0000000000000033       0x34 ./User/queue.o
 .comment       0x0000000000000033       0x34 ./User/swmain.o
 .comment       0x0000000000000033       0x34 ./User/system_ch32v00x.o
 .comment       0x0000000000000033       0x34 ./Peripheral/src/ch32v00x_adc.o
 .comment       0x0000000000000033       0x34 ./Peripheral/src/ch32v00x_dma.o
 .comment       0x0000000000000033       0x34 ./Peripheral/src/ch32v00x_flash.o
 .comment       0x0000000000000033       0x34 ./Peripheral/src/ch32v00x_gpio.o
 .comment       0x0000000000000033       0x34 ./Peripheral/src/ch32v00x_misc.o
 .comment       0x0000000000000033       0x34 ./Peripheral/src/ch32v00x_rcc.o
 .comment       0x0000000000000033       0x34 ./Peripheral/src/ch32v00x_tim.o
 .comment       0x0000000000000033       0x34 ./Peripheral/src/ch32v00x_usart.o
 .comment       0x0000000000000033       0x34 ./Debug/debug.o

.debug_frame    0x0000000000000000     0x1d88
 .debug_frame   0x0000000000000000       0x68 ./User/SerialWombatPinModes/asciiConversion.o
 .debug_frame   0x0000000000000068       0x54 ./User/SerialWombatPinModes/digitalIO.o
 .debug_frame   0x00000000000000bc       0x68 ./User/SerialWombatPinModes/inputProcess.o
 .debug_frame   0x0000000000000124       0x94 ./User/SerialWombatPinModes/outputScale.o
 .debug_frame   0x00000000000001b8       0x60 ./User/SerialWombatPinModes/pulseTimer.o
 .debug_frame   0x0000000000000218      0x4d0 ./User/DMA_IO.o
 .debug_frame   0x00000000000006e8       0x30 ./User/ch32v00x_it.o
 .debug_frame   0x0000000000000718       0x58 ./User/main.o
 .debug_frame   0x0000000000000770       0x84 ./User/pinRegisters.o
 .debug_frame   0x00000000000007f4       0xc0 ./User/protocol.o
 .debug_frame   0x00000000000008b4       0xf0 ./User/queue.o
 .debug_frame   0x00000000000009a4       0x94 ./User/swmain.o
 .debug_frame   0x0000000000000a38       0x50 ./User/system_ch32v00x.o
 .debug_frame   0x0000000000000a88      0x26c ./Peripheral/src/ch32v00x_adc.o
 .debug_frame   0x0000000000000cf4       0xcc ./Peripheral/src/ch32v00x_dma.o
 .debug_frame   0x0000000000000dc0      0x324 ./Peripheral/src/ch32v00x_flash.o
 .debug_frame   0x00000000000010e4      0x154 ./Peripheral/src/ch32v00x_gpio.o
 .debug_frame   0x0000000000001238       0x30 ./Peripheral/src/ch32v00x_misc.o
 .debug_frame   0x0000000000001268      0x1dc ./Peripheral/src/ch32v00x_rcc.o
 .debug_frame   0x0000000000001444      0x624 ./Peripheral/src/ch32v00x_tim.o
 .debug_frame   0x0000000000001a68      0x204 ./Peripheral/src/ch32v00x_usart.o
 .debug_frame   0x0000000000001c6c       0xe4 ./Debug/debug.o
 .debug_frame   0x0000000000001d50       0x38 c:/mounriver/mounriver_studio/toolchain/risc-v embedded gcc/bin/../lib/gcc/riscv-none-embed/8.2.0/../../../../riscv-none-embed/lib/rv32ecxw/ilp32e\libg_nano.a(lib_a-memcpy.o)
